Archive member included to satisfy reference by file (symbol)

/Applications/ArmGNUToolchain/13.2.Rel1/arm-none-eabi/bin/../lib/gcc/arm-none-eabi/13.2.1/thumb/v7e-m/nofp/libgcc.a(_arm_addsubsf3.o)
                              CMakeFiles/I2STEST.elf.dir/Drivers/BSP/Src/stm32746g_discovery_lcd.c.obj (__aeabi_i2f)
/Applications/ArmGNUToolchain/13.2.Rel1/arm-none-eabi/bin/../lib/gcc/arm-none-eabi/13.2.1/thumb/v7e-m/nofp/libgcc.a(_arm_muldivsf3.o)
                              CMakeFiles/I2STEST.elf.dir/Drivers/BSP/Src/stm32746g_discovery_lcd.c.obj (__aeabi_fdiv)
/Applications/ArmGNUToolchain/13.2.Rel1/arm-none-eabi/bin/../lib/gcc/arm-none-eabi/13.2.1/thumb/v7e-m/nofp/libgcc.a(_arm_fixunssfsi.o)
                              CMakeFiles/I2STEST.elf.dir/Drivers/BSP/Src/stm32746g_discovery_lcd.c.obj (__aeabi_f2uiz)
/Applications/ArmGNUToolchain/13.2.Rel1/arm-none-eabi/bin/../lib/gcc/arm-none-eabi/13.2.1/thumb/v7e-m/nofp/libgcc.a(_aeabi_uldivmod.o)
                              CMakeFiles/I2STEST.elf.dir/Drivers/STM32F7xx_HAL_Driver/Src/stm32f7xx_hal_rcc.c.obj (__aeabi_uldivmod)
/Applications/ArmGNUToolchain/13.2.Rel1/arm-none-eabi/bin/../lib/gcc/arm-none-eabi/13.2.1/thumb/v7e-m/nofp/libgcc.a(_udivmoddi4.o)
                              /Applications/ArmGNUToolchain/13.2.Rel1/arm-none-eabi/bin/../lib/gcc/arm-none-eabi/13.2.1/thumb/v7e-m/nofp/libgcc.a(_aeabi_uldivmod.o) (__udivmoddi4)
/Applications/ArmGNUToolchain/13.2.Rel1/arm-none-eabi/bin/../lib/gcc/arm-none-eabi/13.2.1/thumb/v7e-m/nofp/libgcc.a(_dvmd_tls.o)
                              /Applications/ArmGNUToolchain/13.2.Rel1/arm-none-eabi/bin/../lib/gcc/arm-none-eabi/13.2.1/thumb/v7e-m/nofp/libgcc.a(_aeabi_uldivmod.o) (__aeabi_ldiv0)
/Applications/ArmGNUToolchain/13.2.Rel1/arm-none-eabi/bin/../lib/gcc/arm-none-eabi/13.2.1/../../../../arm-none-eabi/lib/thumb/v7e-m/nofp/libg.a(libc_a-exit.o)
                              /Applications/ArmGNUToolchain/13.2.Rel1/arm-none-eabi/bin/../lib/gcc/arm-none-eabi/13.2.1/../../../../arm-none-eabi/lib/thumb/v7e-m/nofp/crt0.o (exit)
/Applications/ArmGNUToolchain/13.2.Rel1/arm-none-eabi/bin/../lib/gcc/arm-none-eabi/13.2.1/../../../../arm-none-eabi/lib/thumb/v7e-m/nofp/libg.a(libc_a-malloc.o)
                              CMakeFiles/I2STEST.elf.dir/Middlewares/ST/STM32_USB_Device_Library/Class/AUDIO/Src/usbd_audio.c.obj (malloc)
/Applications/ArmGNUToolchain/13.2.Rel1/arm-none-eabi/bin/../lib/gcc/arm-none-eabi/13.2.1/../../../../arm-none-eabi/lib/thumb/v7e-m/nofp/libg.a(libc_a-mallocr.o)
                              /Applications/ArmGNUToolchain/13.2.Rel1/arm-none-eabi/bin/../lib/gcc/arm-none-eabi/13.2.1/../../../../arm-none-eabi/lib/thumb/v7e-m/nofp/libg.a(libc_a-malloc.o) (_malloc_r)
/Applications/ArmGNUToolchain/13.2.Rel1/arm-none-eabi/bin/../lib/gcc/arm-none-eabi/13.2.1/../../../../arm-none-eabi/lib/thumb/v7e-m/nofp/libg.a(libc_a-printf.o)
                              CMakeFiles/I2STEST.elf.dir/Src/main.c.obj (printf)
/Applications/ArmGNUToolchain/13.2.Rel1/arm-none-eabi/bin/../lib/gcc/arm-none-eabi/13.2.1/../../../../arm-none-eabi/lib/thumb/v7e-m/nofp/libg.a(libc_a-vfprintf.o)
                              /Applications/ArmGNUToolchain/13.2.Rel1/arm-none-eabi/bin/../lib/gcc/arm-none-eabi/13.2.1/../../../../arm-none-eabi/lib/thumb/v7e-m/nofp/libg.a(libc_a-printf.o) (_vfprintf_r)
/Applications/ArmGNUToolchain/13.2.Rel1/arm-none-eabi/bin/../lib/gcc/arm-none-eabi/13.2.1/../../../../arm-none-eabi/lib/thumb/v7e-m/nofp/libg.a(libc_a-vfiprintf.o)
                              /Applications/ArmGNUToolchain/13.2.Rel1/arm-none-eabi/bin/../lib/gcc/arm-none-eabi/13.2.1/../../../../arm-none-eabi/lib/thumb/v7e-m/nofp/libg.a(libc_a-vfprintf.o) (__sprint_r)
/Applications/ArmGNUToolchain/13.2.Rel1/arm-none-eabi/bin/../lib/gcc/arm-none-eabi/13.2.1/../../../../arm-none-eabi/lib/thumb/v7e-m/nofp/libg.a(libc_a-mlock.o)
                              /Applications/ArmGNUToolchain/13.2.Rel1/arm-none-eabi/bin/../lib/gcc/arm-none-eabi/13.2.1/../../../../arm-none-eabi/lib/thumb/v7e-m/nofp/libg.a(libc_a-mallocr.o) (__malloc_lock)
/Applications/ArmGNUToolchain/13.2.Rel1/arm-none-eabi/bin/../lib/gcc/arm-none-eabi/13.2.1/../../../../arm-none-eabi/lib/thumb/v7e-m/nofp/libg.a(libc_a-puts.o)
                              CMakeFiles/I2STEST.elf.dir/Src/main.c.obj (puts)
/Applications/ArmGNUToolchain/13.2.Rel1/arm-none-eabi/bin/../lib/gcc/arm-none-eabi/13.2.1/../../../../arm-none-eabi/lib/thumb/v7e-m/nofp/libg.a(libc_a-fflush.o)
                              /Applications/ArmGNUToolchain/13.2.Rel1/arm-none-eabi/bin/../lib/gcc/arm-none-eabi/13.2.1/../../../../arm-none-eabi/lib/thumb/v7e-m/nofp/libg.a(libc_a-vfprintf.o) (_fflush_r)
/Applications/ArmGNUToolchain/13.2.Rel1/arm-none-eabi/bin/../lib/gcc/arm-none-eabi/13.2.1/../../../../arm-none-eabi/lib/thumb/v7e-m/nofp/libg.a(libc_a-findfp.o)
[...]
Memory Configuration

Name             Origin             Length             Attributes
RAM              0x20000000         0x00050000         xrw
FLASH            0x08000000         0x00100000         xr
*default*        0x00000000         0xffffffff

Linker script and memory map

LOAD /Applications/ArmGNUToolchain/13.2.Rel1/arm-none-eabi/bin/../lib/gcc/arm-none-eabi/13.2.1/thumb/v7e-m/nofp/crti.o
LOAD /Applications/ArmGNUToolchain/13.2.Rel1/arm-none-eabi/bin/../lib/gcc/arm-none-eabi/13.2.1/thumb/v7e-m/nofp/crtbegin.o
LOAD /Applications/ArmGNUToolchain/13.2.Rel1/arm-none-eabi/bin/../lib/gcc/arm-none-eabi/13.2.1/../../../../arm-none-eabi/lib/thumb/v7e-m/nofp/crt0.o
LOAD CMakeFiles/I2STEST.elf.dir/Drivers/BSP/Components/lan8742/lan8742.c.obj
LOAD CMakeFiles/I2STEST.elf.dir/Drivers/BSP/Fonts/font12.c.obj
LOAD CMakeFiles/I2STEST.elf.dir/Drivers/BSP/Fonts/font16.c.obj
LOAD CMakeFiles/I2STEST.elf.dir/Drivers/BSP/Fonts/font20.c.obj
LOAD CMakeFiles/I2STEST.elf.dir/Drivers/BSP/Fonts/font24.c.obj
LOAD CMakeFiles/I2STEST.elf.dir/Drivers/BSP/Fonts/font8.c.obj
LOAD CMakeFiles/I2STEST.elf.dir/Drivers/BSP/Src/ft5336.c.obj
LOAD CMakeFiles/I2STEST.elf.dir/Drivers/BSP/Src/stm32746g_discovery.c.obj
LOAD CMakeFiles/I2STEST.elf.dir/Drivers/BSP/Src/stm32746g_discovery_eeprom.c.obj
LOAD CMakeFiles/I2STEST.elf.dir/Drivers/BSP/Src/stm32746g_discovery_lcd.c.obj
LOAD CMakeFiles/I2STEST.elf.dir/Drivers/BSP/Src/stm32746g_discovery_qspi.c.obj
LOAD CMakeFiles/I2STEST.elf.dir/Drivers/BSP/Src/stm32746g_discovery_sdram.c.obj
LOAD CMakeFiles/I2STEST.elf.dir/Drivers/BSP/Src/stm32746g_discovery_ts.c.obj
LOAD CMakeFiles/I2STEST.elf.dir/Drivers/STM32F7xx_HAL_Driver/Src/stm32f7xx_hal.c.obj
LOAD CMakeFiles/I2STEST.elf.dir/Drivers/STM32F7xx_HAL_Driver/Src/stm32f7xx_hal_cortex.c.obj
LOAD CMakeFiles/I2STEST.elf.dir/Drivers/STM32F7xx_HAL_Driver/Src/stm32f7xx_hal_dma.c.obj
LOAD CMakeFiles/I2STEST.elf.dir/Drivers/STM32F7xx_HAL_Driver/Src/stm32f7xx_hal_dma2d.c.obj
LOAD CMakeFiles/I2STEST.elf.dir/Drivers/STM32F7xx_HAL_Driver/Src/stm32f7xx_hal_dma_ex.c.obj
LOAD CMakeFiles/I2STEST.elf.dir/Drivers/STM32F7xx_HAL_Driver/Src/stm32f7xx_hal_dsi.c.obj
LOAD CMakeFiles/I2STEST.elf.dir/Drivers/STM32F7xx_HAL_Driver/Src/stm32f7xx_hal_exti.c.obj
LOAD CMakeFiles/I2STEST.elf.dir/Drivers/STM32F7xx_HAL_Driver/Src/stm32f7xx_hal_flash.c.obj
LOAD CMakeFiles/I2STEST.elf.dir/Drivers/STM32F7xx_HAL_Driver/Src/stm32f7xx_hal_flash_ex.c.obj
LOAD CMakeFiles/I2STEST.elf.dir/Drivers/STM32F7xx_HAL_Driver/Src/stm32f7xx_hal_gpio.c.obj
LOAD CMakeFiles/I2STEST.elf.dir/Drivers/STM32F7xx_HAL_Driver/Src/stm32f7xx_hal_i2c.c.obj
LOAD CMakeFiles/I2STEST.elf.dir/Drivers/STM32F7xx_HAL_Driver/Src/stm32f7xx_hal_i2c_ex.c.obj
LOAD CMakeFiles/I2STEST.elf.dir/Drivers/STM32F7xx_HAL_Driver/Src/stm32f7xx_hal_i2s.c.obj
LOAD CMakeFiles/I2STEST.elf.dir/Drivers/STM32F7xx_HAL_Driver/Src/stm32f7xx_hal_ltdc.c.obj
LOAD CMakeFiles/I2STEST.elf.dir/Drivers/STM32F7xx_HAL_Driver/Src/stm32f7xx_hal_ltdc_ex.c.obj
LOAD CMakeFiles/I2STEST.elf.dir/Drivers/STM32F7xx_HAL_Driver/Src/stm32f7xx_hal_pcd.c.obj
LOAD CMakeFiles/I2STEST.elf.dir/Drivers/STM32F7xx_HAL_Driver/Src/stm32f7xx_hal_pcd_ex.c.obj
LOAD CMakeFiles/I2STEST.elf.dir/Drivers/STM32F7xx_HAL_Driver/Src/stm32f7xx_hal_pwr.c.obj
LOAD CMakeFiles/I2STEST.elf.dir/Drivers/STM32F7xx_HAL_Driver/Src/stm32f7xx_hal_pwr_ex.c.obj
LOAD CMakeFiles/I2STEST.elf.dir/Drivers/STM32F7xx_HAL_Driver/Src/stm32f7xx_hal_qspi.c.obj
LOAD CMakeFiles/I2STEST.elf.dir/Drivers/STM32F7xx_HAL_Driver/Src/stm32f7xx_hal_rcc.c.obj
LOAD CMakeFiles/I2STEST.elf.dir/Drivers/STM32F7xx_HAL_Driver/Src/stm32f7xx_hal_rcc_ex.c.obj
LOAD CMakeFiles/I2STEST.elf.dir/Drivers/STM32F7xx_HAL_Driver/Src/stm32f7xx_hal_sai.c.obj
LOAD CMakeFiles/I2STEST.elf.dir/Drivers/STM32F7xx_HAL_Driver/Src/stm32f7xx_hal_sai_ex.c.obj
LOAD CMakeFiles/I2STEST.elf.dir/Drivers/STM32F7xx_HAL_Driver/Src/stm32f7xx_hal_sdram.c.obj
LOAD CMakeFiles/I2STEST.elf.dir/Drivers/STM32F7xx_HAL_Driver/Src/stm32f7xx_hal_tim.c.obj
LOAD CMakeFiles/I2STEST.elf.dir/Drivers/STM32F7xx_HAL_Driver/Src/stm32f7xx_hal_tim_ex.c.obj
LOAD CMakeFiles/I2STEST.elf.dir/Drivers/STM32F7xx_HAL_Driver/Src/stm32f7xx_hal_uart.c.obj
LOAD CMakeFiles/I2STEST.elf.dir/Drivers/STM32F7xx_HAL_Driver/Src/stm32f7xx_hal_uart_ex.c.obj
LOAD CMakeFiles/I2STEST.elf.dir/Drivers/STM32F7xx_HAL_Driver/Src/stm32f7xx_ll_fmc.c.obj
LOAD CMakeFiles/I2STEST.elf.dir/Drivers/STM32F7xx_HAL_Driver/Src/stm32f7xx_ll_usb.c.obj
LOAD CMakeFiles/I2STEST.elf.dir/Middlewares/ST/STM32_USB_Device_Library/Class/AUDIO/Src/usbd_audio.c.obj
LOAD CMakeFiles/I2STEST.elf.dir/Middlewares/ST/STM32_USB_Device_Library/Core/Src/usbd_core.c.obj
LOAD CMakeFiles/I2STEST.elf.dir/Middlewares/ST/STM32_USB_Device_Library/Core/Src/usbd_ctlreq.c.obj
LOAD CMakeFiles/I2STEST.elf.dir/Middlewares/ST/STM32_USB_Device_Library/Core/Src/usbd_ioreq.c.obj
LOAD CMakeFiles/I2STEST.elf.dir/Src/main.c.obj
LOAD CMakeFiles/I2STEST.elf.dir/Src/stm32f7xx_hal_msp.c.obj
LOAD CMakeFiles/I2STEST.elf.dir/Src/stm32f7xx_it.c.obj
LOAD CMakeFiles/I2STEST.elf.dir/Src/syscalls.c.obj
LOAD CMakeFiles/I2STEST.elf.dir/Src/sysmem.c.obj
LOAD CMakeFiles/I2STEST.elf.dir/Src/system_stm32f7xx.c.obj
LOAD CMakeFiles/I2STEST.elf.dir/Src/usb_device.c.obj
LOAD CMakeFiles/I2STEST.elf.dir/Src/usbd_audio_if.c.obj
LOAD CMakeFiles/I2STEST.elf.dir/Src/usbd_conf.c.obj
LOAD CMakeFiles/I2STEST.elf.dir/Src/usbd_desc.c.obj
LOAD CMakeFiles/I2STEST.elf.dir/Startup/startup_stm32f746nghx.s.obj
START GROUP
LOAD /Applications/ArmGNUToolchain/13.2.Rel1/arm-none-eabi/bin/../lib/gcc/arm-none-eabi/13.2.1/thumb/v7e-m/nofp/libgcc.a
LOAD /Applications/ArmGNUToolchain/13.2.Rel1/arm-none-eabi/bin/../lib/gcc/arm-none-eabi/13.2.1/../../../../arm-none-eabi/lib/thumb/v7e-m/nofp/libg.a
LOAD /Applications/ArmGNUToolchain/13.2.Rel1/arm-none-eabi/bin/../lib/gcc/arm-none-eabi/13.2.1/../../../../arm-none-eabi/lib/thumb/v7e-m/nofp/libc.a
END GROUP
LOAD /Applications/ArmGNUToolchain/13.2.Rel1/arm-none-eabi/bin/../lib/gcc/arm-none-eabi/13.2.1/thumb/v7e-m/nofp/crtend.o
LOAD /Applications/ArmGNUToolchain/13.2.Rel1/arm-none-eabi/bin/../lib/gcc/arm-none-eabi/13.2.1/thumb/v7e-m/nofp/crtn.o
                0x20050000                        _estack = (ORIGIN (RAM) + LENGTH (RAM))
                0x00002000                        _Min_Heap_Size = 0x2000
                0x00004000                        _Min_Stack_Size = 0x4000

.isr_vector     0x08000000      0x1c8
                0x08000000                        . = ALIGN (0x4)
 *(.isr_vector)
 .isr_vector    0x08000000      0x1c8 CMakeFiles/I2STEST.elf.dir/Startup/startup_stm32f746nghx.s.obj
                0x08000000                g_pfnVectors
                0x080001c8                        . = ALIGN (0x4)

.text           0x08000200    0x1259c
                0x08000200                        . = ALIGN (0x4)
 *(.text)
 .text          0x08000200       0x30 /Applications/ArmGNUToolchain/13.2.Rel1/arm-none-eabi/bin/../lib/gcc/arm-none-eabi/13.2.1/thumb/v7e-m/nofp/libgcc.a(_aeabi_uldivmod.o)
                0x08000200                __aeabi_uldivmod
 .text          0x08000230        0x4 /Applications/ArmGNUToolchain/13.2.Rel1/arm-none-eabi/bin/../lib/gcc/arm-none-eabi/13.2.1/thumb/v7e-m/nofp/libgcc.a(_dvmd_tls.o)
                0x08000230                __aeabi_ldiv0
                0x08000230                __aeabi_idiv0
 *fill*         0x08000234        0xc 
 .text          0x08000240       0xa0 /Applications/ArmGNUToolchain/13.2.Rel1/arm-none-eabi/bin/../lib/gcc/arm-none-eabi/13.2.1/../../../../arm-none-eabi/lib/thumb/v7e-m/nofp/libg.a(libc_a-memchr.o)
                0x08000240                memchr
 .text          0x080002e0      0x134 /Applications/ArmGNUToolchain/13.2.Rel1/arm-none-eabi/bin/../lib/gcc/arm-none-eabi/13.2.1/../../../../arm-none-eabi/lib/thumb/v7e-m/nofp/libg.a(libc_a-memcpy.o)
                0x080002e0                memcpy
 *fill*         0x08000414       0x2c 
 .text          0x08000440       0xd8 /Applications/ArmGNUToolchain/13.2.Rel1/arm-none-eabi/bin/../lib/gcc/arm-none-eabi/13.2.1/../../../../arm-none-eabi/lib/thumb/v7e-m/nofp/libg.a(libc_a-strlen.o)
                0x08000440                strlen
 .text          0x08000518      0x378 /Applications/ArmGNUToolchain/13.2.Rel1/arm-none-eabi/bin/../lib/gcc/arm-none-eabi/13.2.1/thumb/v7e-m/nofp/libgcc.a(_arm_addsubdf3.o)
                0x08000518                __aeabi_drsub
                0x08000520                __subdf3
                0x08000520                __aeabi_dsub
                0x08000524                __aeabi_dadd
                0x08000524                __adddf3
                0x0800079c                __aeabi_ui2d
                0x0800079c                __floatunsidf
                0x080007bc                __floatsidf
                0x080007bc                __aeabi_i2d
                0x080007e0                __extendsfdf2
                0x080007e0                __aeabi_f2d
                0x08000824                __aeabi_ul2d
                0x08000824                __floatundidf
                0x08000834                __aeabi_l2d
                0x08000834                __floatdidf
 .text          0x08000890      0x424 /Applications/ArmGNUToolchain/13.2.Rel1/arm-none-eabi/bin/../lib/gcc/arm-none-eabi/13.2.1/thumb/v7e-m/nofp/libgcc.a(_arm_muldivdf3.o)
                0x08000890                __aeabi_dmul
                0x08000890                __muldf3
                0x08000ae4                __aeabi_ddiv
                0x08000ae4                __divdf3
 .text          0x08000cb4      0x110 /Applications/ArmGNUToolchain/13.2.Rel1/arm-none-eabi/bin/../lib/gcc/arm-none-eabi/13.2.1/thumb/v7e-m/nofp/libgcc.a(_arm_cmpdf2.o)
                0x08000cb4                __gedf2
                0x08000cb4                __gtdf2
                0x08000cbc                __ledf2
                0x08000cbc                __ltdf2
                0x08000cc4                __cmpdf2
                0x08000cc4                __eqdf2
                0x08000cc4                __nedf2
                0x08000d40                __aeabi_cdrcmple
                0x08000d50                __aeabi_cdcmple
                0x08000d50                __aeabi_cdcmpeq
                0x08000d60                __aeabi_dcmpeq
                0x08000d74                __aeabi_dcmplt
                0x08000d88                __aeabi_dcmple
                0x08000d9c                __aeabi_dcmpge
                0x08000db0                __aeabi_dcmpgt
 .text          0x08000dc4       0x2c /Applications/ArmGNUToolchain/13.2.Rel1/arm-none-eabi/bin/../lib/gcc/arm-none-eabi/13.2.1/thumb/v7e-m/nofp/libgcc.a(_arm_unorddf2.o)
                0x08000dc4                __aeabi_dcmpun
                0x08000dc4                __unorddf2
 .text          0x08000df0       0x50 /Applications/ArmGNUToolchain/13.2.Rel1/arm-none-eabi/bin/../lib/gcc/arm-none-eabi/13.2.1/thumb/v7e-m/nofp/libgcc.a(_arm_fixdfsi.o)
                0x08000df0                __fixdfsi
                0x08000df0                __aeabi_d2iz
 *(.text*)
 .text.deregister_tm_clones
                0x08000e40       0x1c /Applications/ArmGNUToolchain/13.2.Rel1/arm-none-eabi/bin/../lib/gcc/arm-none-eabi/13.2.1/thumb/v7e-m/nofp/crtbegin.o
 .text.register_tm_clones
                0x08000e5c       0x24 /Applications/ArmGNUToolchain/13.2.Rel1/arm-none-eabi/bin/../lib/gcc/arm-none-eabi/13.2.1/thumb/v7e-m/nofp/crtbegin.o
 .text.__do_global_dtors_aux
                0x08000e80       0x28 /Applications/ArmGNUToolchain/13.2.Rel1/arm-none-eabi/bin/../lib/gcc/arm-none-eabi/13.2.1/thumb/v7e-m/nofp/crtbegin.o
 .text.frame_dummy
                0x08000ea8       0x24 /Applications/ArmGNUToolchain/13.2.Rel1/arm-none-eabi/bin/../lib/gcc/arm-none-eabi/13.2.1/thumb/v7e-m/nofp/crtbegin.o
 .text.ft5336_Reset
                0x08000ecc        0x2 CMakeFiles/I2STEST.elf.dir/Drivers/BSP/Src/ft5336.c.obj
                0x08000ecc                ft5336_Reset
 .text.ft5336_TS_ITStatus
                0x08000ece        0x4 CMakeFiles/I2STEST.elf.dir/Drivers/BSP/Src/ft5336.c.obj
                0x08000ece                ft5336_TS_ITStatus
 .text.ft5336_TS_ClearIT
                0x08000ed2        0x2 CMakeFiles/I2STEST.elf.dir/Drivers/BSP/Src/ft5336.c.obj
                0x08000ed2                ft5336_TS_ClearIT
 .text.ft5336_Get_I2C_InitializedStatus
                0x08000ed4        0xc CMakeFiles/I2STEST.elf.dir/Drivers/BSP/Src/ft5336.c.obj
 .text.ft5336_I2C_InitializeIfRequired
                0x08000ee0       0x1c CMakeFiles/I2STEST.elf.dir/Drivers/BSP/Src/ft5336.c.obj
 .text.ft5336_Init
                0x08000efc        0xe CMakeFiles/I2STEST.elf.dir/Drivers/BSP/Src/ft5336.c.obj
                0x08000efc                ft5336_Init
 .text.ft5336_ReadID
                0x08000f0a       0x44 CMakeFiles/I2STEST.elf.dir/Drivers/BSP/Src/ft5336.c.obj
                0x08000f0a                ft5336_ReadID
 *fill*         0x08000f4e        0x2 
 .text.ft5336_TS_DetectTouch
                0x08000f50       0x4c CMakeFiles/I2STEST.elf.dir/Drivers/BSP/Src/ft5336.c.obj
                0x08000f50                ft5336_TS_DetectTouch
 .text.ft5336_TS_GetXY
                0x08000f9c      0x154 CMakeFiles/I2STEST.elf.dir/Drivers/BSP/Src/ft5336.c.obj
                0x08000f9c                ft5336_TS_GetXY
 .text.ft5336_TS_EnableIT
                0x080010f0        0xe CMakeFiles/I2STEST.elf.dir/Drivers/BSP/Src/ft5336.c.obj
                0x080010f0                ft5336_TS_EnableIT
 .text.ft5336_TS_DisableIT
                0x080010fe        0xe CMakeFiles/I2STEST.elf.dir/Drivers/BSP/Src/ft5336.c.obj
                0x080010fe                ft5336_TS_DisableIT
 .text.ft5336_TS_Start
                0x0800110c        0x8 CMakeFiles/I2STEST.elf.dir/Drivers/BSP/Src/ft5336.c.obj
                0x0800110c                ft5336_TS_Start
 .text.ft5336_TS_GetGestureID
                0x08001114       0x22 CMakeFiles/I2STEST.elf.dir/Drivers/BSP/Src/ft5336.c.obj
                0x08001114                ft5336_TS_GetGestureID
 *fill*         0x08001136        0x2 
 .text.ft5336_TS_GetTouchInfo
                0x08001138       0xe0 CMakeFiles/I2STEST.elf.dir/Drivers/BSP/Src/ft5336.c.obj
                0x08001138                ft5336_TS_GetTouchInfo
 .text.I2Cx_MspInit
                0x08001218      0x128 CMakeFiles/I2STEST.elf.dir/Drivers/BSP/Src/stm32746g_discovery.c.obj
 .text.I2Cx_Init
                0x08001340       0x4c CMakeFiles/I2STEST.elf.dir/Drivers/BSP/Src/stm32746g_discovery.c.obj
 .text.I2Cx_Error
                0x0800138c       0x10 CMakeFiles/I2STEST.elf.dir/Drivers/BSP/Src/stm32746g_discovery.c.obj
 .text.I2Cx_WriteMultiple
                0x0800139c       0x30 CMakeFiles/I2STEST.elf.dir/Drivers/BSP/Src/stm32746g_discovery.c.obj
 .text.I2Cx_ReadMultiple
                0x080013cc       0x30 CMakeFiles/I2STEST.elf.dir/Drivers/BSP/Src/stm32746g_discovery.c.obj
 .text.TS_IO_Init
                0x080013fc       0x10 CMakeFiles/I2STEST.elf.dir/Drivers/BSP/Src/stm32746g_discovery.c.obj
                0x080013fc                TS_IO_Init
 .text.TS_IO_Write
                0x0800140c       0x28 CMakeFiles/I2STEST.elf.dir/Drivers/BSP/Src/stm32746g_discovery.c.obj
                0x0800140c                TS_IO_Write
 .text.TS_IO_Read
                0x08001434       0x2c CMakeFiles/I2STEST.elf.dir/Drivers/BSP/Src/stm32746g_discovery.c.obj
                0x08001434                TS_IO_Read
 .text.TS_IO_Delay
                0x08001460        0x8 CMakeFiles/I2STEST.elf.dir/Drivers/BSP/Src/stm32746g_discovery.c.obj
                0x08001460                TS_IO_Delay
 .text.LL_FillBuffer
                0x08001468       0x88 CMakeFiles/I2STEST.elf.dir/Drivers/BSP/Src/stm32746g_discovery_lcd.c.obj
 .text.BSP_LCD_GetXSize
                0x080014f0       0x18 CMakeFiles/I2STEST.elf.dir/Drivers/BSP/Src/stm32746g_discovery_lcd.c.obj
                0x080014f0                BSP_LCD_GetXSize
 .text.BSP_LCD_GetYSize
                0x08001508       0x18 CMakeFiles/I2STEST.elf.dir/Drivers/BSP/Src/stm32746g_discovery_lcd.c.obj
                0x08001508                BSP_LCD_GetYSize
 .text.BSP_LCD_LayerDefaultInit
                0x08001520       0x80 CMakeFiles/I2STEST.elf.dir/Drivers/BSP/Src/stm32746g_discovery_lcd.c.obj
                0x08001520                BSP_LCD_LayerDefaultInit
 .text.BSP_LCD_SelectLayer
                0x080015a0        0xc CMakeFiles/I2STEST.elf.dir/Drivers/BSP/Src/stm32746g_discovery_lcd.c.obj
                0x080015a0                BSP_LCD_SelectLayer
 .text.BSP_LCD_SetTextColor
                0x080015ac       0x18 CMakeFiles/I2STEST.elf.dir/Drivers/BSP/Src/stm32746g_discovery_lcd.c.obj
                0x080015ac                BSP_LCD_SetTextColor
 .text.BSP_LCD_SetFont
                0x080015c4       0x1c CMakeFiles/I2STEST.elf.dir/Drivers/BSP/Src/stm32746g_discovery_lcd.c.obj
                0x080015c4                BSP_LCD_SetFont
 .text.BSP_LCD_Clear
                0x080015e0       0x3c CMakeFiles/I2STEST.elf.dir/Drivers/BSP/Src/stm32746g_discovery_lcd.c.obj
                0x080015e0                BSP_LCD_Clear
 .text.BSP_LCD_FillRect
                0x0800161c       0x94 CMakeFiles/I2STEST.elf.dir/Drivers/BSP/Src/stm32746g_discovery_lcd.c.obj
                0x0800161c                BSP_LCD_FillRect
 .text.BSP_LCD_DisplayOn
                0x080016b0       0x34 CMakeFiles/I2STEST.elf.dir/Drivers/BSP/Src/stm32746g_discovery_lcd.c.obj
                0x080016b0                BSP_LCD_DisplayOn
 .text.BSP_LCD_MspInit
                0x080016e4      0x148 CMakeFiles/I2STEST.elf.dir/Drivers/BSP/Src/stm32746g_discovery_lcd.c.obj
                0x080016e4                BSP_LCD_MspInit
 .text.BSP_LCD_ClockConfig
                0x0800182c       0x20 CMakeFiles/I2STEST.elf.dir/Drivers/BSP/Src/stm32746g_discovery_lcd.c.obj
                0x0800182c                BSP_LCD_ClockConfig
 .text.BSP_LCD_Init
                0x0800184c       0xac CMakeFiles/I2STEST.elf.dir/Drivers/BSP/Src/stm32746g_discovery_lcd.c.obj
                0x0800184c                BSP_LCD_Init
 .text.QSPI_AutoPollingMemReady
                0x080018f8       0x4a CMakeFiles/I2STEST.elf.dir/Drivers/BSP/Src/stm32746g_discovery_qspi.c.obj
 .text.QSPI_ResetMemory
                0x08001942       0x5a CMakeFiles/I2STEST.elf.dir/Drivers/BSP/Src/stm32746g_discovery_qspi.c.obj
 .text.QSPI_WriteEnable
                0x0800199c       0x6a CMakeFiles/I2STEST.elf.dir/Drivers/BSP/Src/stm32746g_discovery_qspi.c.obj
 .text.QSPI_DummyCyclesCfg
                0x08001a06       0xa4 CMakeFiles/I2STEST.elf.dir/Drivers/BSP/Src/stm32746g_discovery_qspi.c.obj
 *fill*         0x08001aaa        0x2 
 .text.BSP_QSPI_EnableMemoryMappedMode
                0x08001aac       0x4c CMakeFiles/I2STEST.elf.dir/Drivers/BSP/Src/stm32746g_discovery_qspi.c.obj
                0x08001aac                BSP_QSPI_EnableMemoryMappedMode
 .text.BSP_QSPI_MspInit
                0x08001af8      0x128 CMakeFiles/I2STEST.elf.dir/Drivers/BSP/Src/stm32746g_discovery_qspi.c.obj
                0x08001af8                BSP_QSPI_MspInit
 .text.BSP_QSPI_Init
                0x08001c20       0x74 CMakeFiles/I2STEST.elf.dir/Drivers/BSP/Src/stm32746g_discovery_qspi.c.obj
                0x08001c20                BSP_QSPI_Init
 .text.BSP_SDRAM_Initialization_sequence
                0x08001c94       0x9c CMakeFiles/I2STEST.elf.dir/Drivers/BSP/Src/stm32746g_discovery_sdram.c.obj
                0x08001c94                BSP_SDRAM_Initialization_sequence
 .text.BSP_SDRAM_MspInit
                0x08001d30      0x178 CMakeFiles/I2STEST.elf.dir/Drivers/BSP/Src/stm32746g_discovery_sdram.c.obj
                0x08001d30                BSP_SDRAM_MspInit
 .text.BSP_SDRAM_Init
                0x08001ea8       0x80 CMakeFiles/I2STEST.elf.dir/Drivers/BSP/Src/stm32746g_discovery_sdram.c.obj
                0x08001ea8                BSP_SDRAM_Init
 .text.BSP_TS_Init
                0x08001f28       0x50 CMakeFiles/I2STEST.elf.dir/Drivers/BSP/Src/stm32746g_discovery_ts.c.obj
                0x08001f28                BSP_TS_Init
 .text.BSP_TS_Get_GestureId
                0x08001f78       0x8c CMakeFiles/I2STEST.elf.dir/Drivers/BSP/Src/stm32746g_discovery_ts.c.obj
                0x08001f78                BSP_TS_Get_GestureId
 .text.BSP_TS_GetState
                0x08002004      0x1d0 CMakeFiles/I2STEST.elf.dir/Drivers/BSP/Src/stm32746g_discovery_ts.c.obj
                0x08002004                BSP_TS_GetState
 .text.HAL_InitTick
                0x080021d4       0x4c CMakeFiles/I2STEST.elf.dir/Drivers/STM32F7xx_HAL_Driver/Src/stm32f7xx_hal.c.obj
                0x080021d4                HAL_InitTick
 .text.HAL_Init
                0x08002220       0x16 CMakeFiles/I2STEST.elf.dir/Drivers/STM32F7xx_HAL_Driver/Src/stm32f7xx_hal.c.obj
                0x08002220                HAL_Init
 *fill*         0x08002236        0x2 
 .text.HAL_IncTick
                0x08002238       0x18 CMakeFiles/I2STEST.elf.dir/Drivers/STM32F7xx_HAL_Driver/Src/stm32f7xx_hal.c.obj
                0x08002238                HAL_IncTick
 .text.HAL_GetTick
                0x08002250        0xc CMakeFiles/I2STEST.elf.dir/Drivers/STM32F7xx_HAL_Driver/Src/stm32f7xx_hal.c.obj
                0x08002250                HAL_GetTick
 .text.HAL_Delay
                0x0800225c       0x28 CMakeFiles/I2STEST.elf.dir/Drivers/STM32F7xx_HAL_Driver/Src/stm32f7xx_hal.c.obj
                0x0800225c                HAL_Delay
 .text.__NVIC_DisableIRQ
                0x08002284       0x24 CMakeFiles/I2STEST.elf.dir/Drivers/STM32F7xx_HAL_Driver/Src/stm32f7xx_hal_cortex.c.obj
 .text.__NVIC_SetPriority
                0x080022a8       0x24 CMakeFiles/I2STEST.elf.dir/Drivers/STM32F7xx_HAL_Driver/Src/stm32f7xx_hal_cortex.c.obj
 .text.NVIC_EncodePriority
                0x080022cc       0x3e CMakeFiles/I2STEST.elf.dir/Drivers/STM32F7xx_HAL_Driver/Src/stm32f7xx_hal_cortex.c.obj
 *fill*         0x0800230a        0x2 
 .text.HAL_NVIC_SetPriorityGrouping
                0x0800230c       0x24 CMakeFiles/I2STEST.elf.dir/Drivers/STM32F7xx_HAL_Driver/Src/stm32f7xx_hal_cortex.c.obj
                0x0800230c                HAL_NVIC_SetPriorityGrouping
 .text.HAL_NVIC_SetPriority
                0x08002330       0x20 CMakeFiles/I2STEST.elf.dir/Drivers/STM32F7xx_HAL_Driver/Src/stm32f7xx_hal_cortex.c.obj
                0x08002330                HAL_NVIC_SetPriority
 .text.HAL_NVIC_EnableIRQ
                0x08002350       0x1c CMakeFiles/I2STEST.elf.dir/Drivers/STM32F7xx_HAL_Driver/Src/stm32f7xx_hal_cortex.c.obj
                0x08002350                HAL_NVIC_EnableIRQ
 .text.HAL_NVIC_DisableIRQ
                0x0800236c        0x8 CMakeFiles/I2STEST.elf.dir/Drivers/STM32F7xx_HAL_Driver/Src/stm32f7xx_hal_cortex.c.obj
                0x0800236c                HAL_NVIC_DisableIRQ
 .text.HAL_SYSTICK_Config
                0x08002374       0x28 CMakeFiles/I2STEST.elf.dir/Drivers/STM32F7xx_HAL_Driver/Src/stm32f7xx_hal_cortex.c.obj
                0x08002374                HAL_SYSTICK_Config
 .text.DMA_SetConfig
                0x0800239c       0x2c CMakeFiles/I2STEST.elf.dir/Drivers/STM32F7xx_HAL_Driver/Src/stm32f7xx_hal_dma.c.obj
 .text.DMA_CalcBaseAndBitshift
                0x080023c8       0x38 CMakeFiles/I2STEST.elf.dir/Drivers/STM32F7xx_HAL_Driver/Src/stm32f7xx_hal_dma.c.obj
 .text.DMA_CheckFifoParam
                0x08002400       0x8e CMakeFiles/I2STEST.elf.dir/Drivers/STM32F7xx_HAL_Driver/Src/stm32f7xx_hal_dma.c.obj
 *fill*         0x0800248e        0x2 
 .text.HAL_DMA_Init
                0x08002490       0xd0 CMakeFiles/I2STEST.elf.dir/Drivers/STM32F7xx_HAL_Driver/Src/stm32f7xx_hal_dma.c.obj
                0x08002490                HAL_DMA_Init
 .text.HAL_DMA_DeInit
                0x08002560       0x64 CMakeFiles/I2STEST.elf.dir/Drivers/STM32F7xx_HAL_Driver/Src/stm32f7xx_hal_dma.c.obj
                0x08002560                HAL_DMA_DeInit
 .text.HAL_DMA_Start_IT
                0x080025c4       0x74 CMakeFiles/I2STEST.elf.dir/Drivers/STM32F7xx_HAL_Driver/Src/stm32f7xx_hal_dma.c.obj
                0x080025c4                HAL_DMA_Start_IT
 .text.HAL_DMA_Abort
                0x08002638       0x94 CMakeFiles/I2STEST.elf.dir/Drivers/STM32F7xx_HAL_Driver/Src/stm32f7xx_hal_dma.c.obj
                0x08002638                HAL_DMA_Abort
 .text.HAL_DMA_Abort_IT
                0x080026cc       0x26 CMakeFiles/I2STEST.elf.dir/Drivers/STM32F7xx_HAL_Driver/Src/stm32f7xx_hal_dma.c.obj
                0x080026cc                HAL_DMA_Abort_IT
 *fill*         0x080026f2        0x2 
 .text.HAL_DMA_IRQHandler
                0x080026f4      0x1dc CMakeFiles/I2STEST.elf.dir/Drivers/STM32F7xx_HAL_Driver/Src/stm32f7xx_hal_dma.c.obj
                0x080026f4                HAL_DMA_IRQHandler
 .text.HAL_DMA_GetState
                0x080028d0        0x6 CMakeFiles/I2STEST.elf.dir/Drivers/STM32F7xx_HAL_Driver/Src/stm32f7xx_hal_dma.c.obj
                0x080028d0                HAL_DMA_GetState
 .text.DMA2D_SetConfig
                0x080028d6       0x8e CMakeFiles/I2STEST.elf.dir/Drivers/STM32F7xx_HAL_Driver/Src/stm32f7xx_hal_dma2d.c.obj
 .text.HAL_DMA2D_Init
                0x08002964       0x56 CMakeFiles/I2STEST.elf.dir/Drivers/STM32F7xx_HAL_Driver/Src/stm32f7xx_hal_dma2d.c.obj
                0x08002964                HAL_DMA2D_Init
 .text.HAL_DMA2D_Start
                0x080029ba       0x38 CMakeFiles/I2STEST.elf.dir/Drivers/STM32F7xx_HAL_Driver/Src/stm32f7xx_hal_dma2d.c.obj
                0x080029ba                HAL_DMA2D_Start
 .text.HAL_DMA2D_PollForTransfer
                0x080029f2      0x13e CMakeFiles/I2STEST.elf.dir/Drivers/STM32F7xx_HAL_Driver/Src/stm32f7xx_hal_dma2d.c.obj
                0x080029f2                HAL_DMA2D_PollForTransfer
 .text.HAL_DMA2D_LineEventCallback
                0x08002b30        0x2 CMakeFiles/I2STEST.elf.dir/Drivers/STM32F7xx_HAL_Driver/Src/stm32f7xx_hal_dma2d.c.obj
                0x08002b30                HAL_DMA2D_LineEventCallback
 .text.HAL_DMA2D_CLUTLoadingCpltCallback
                0x08002b32        0x2 CMakeFiles/I2STEST.elf.dir/Drivers/STM32F7xx_HAL_Driver/Src/stm32f7xx_hal_dma2d.c.obj
                0x08002b32                HAL_DMA2D_CLUTLoadingCpltCallback
 .text.HAL_DMA2D_IRQHandler
                0x08002b34      0x13c CMakeFiles/I2STEST.elf.dir/Drivers/STM32F7xx_HAL_Driver/Src/stm32f7xx_hal_dma2d.c.obj
                0x08002b34                HAL_DMA2D_IRQHandler
 .text.HAL_DMA2D_ConfigLayer
                0x08002c70       0xc4 CMakeFiles/I2STEST.elf.dir/Drivers/STM32F7xx_HAL_Driver/Src/stm32f7xx_hal_dma2d.c.obj
                0x08002c70                HAL_DMA2D_ConfigLayer
 .text.FLASH_SetErrorCode
                0x08002d34       0x74 CMakeFiles/I2STEST.elf.dir/Drivers/STM32F7xx_HAL_Driver/Src/stm32f7xx_hal_flash.c.obj
 .text.HAL_FLASH_EndOfOperationCallback
                0x08002da8        0x2 CMakeFiles/I2STEST.elf.dir/Drivers/STM32F7xx_HAL_Driver/Src/stm32f7xx_hal_flash.c.obj
                0x08002da8                HAL_FLASH_EndOfOperationCallback
 .text.HAL_FLASH_OperationErrorCallback
                0x08002daa        0x2 CMakeFiles/I2STEST.elf.dir/Drivers/STM32F7xx_HAL_Driver/Src/stm32f7xx_hal_flash.c.obj
                0x08002daa                HAL_FLASH_OperationErrorCallback
 .text.HAL_FLASH_IRQHandler
                0x08002dac      0x104 CMakeFiles/I2STEST.elf.dir/Drivers/STM32F7xx_HAL_Driver/Src/stm32f7xx_hal_flash.c.obj
                0x08002dac                HAL_FLASH_IRQHandler
 .text.FLASH_Erase_Sector
                0x08002eb0       0x50 CMakeFiles/I2STEST.elf.dir/Drivers/STM32F7xx_HAL_Driver/Src/stm32f7xx_hal_flash_ex.c.obj
                0x08002eb0                FLASH_Erase_Sector
 .text.HAL_GPIO_Init
                0x08002f00      0x208 CMakeFiles/I2STEST.elf.dir/Drivers/STM32F7xx_HAL_Driver/Src/stm32f7xx_hal_gpio.c.obj
                0x08002f00                HAL_GPIO_Init
 .text.HAL_GPIO_DeInit
                0x08003108      0x14c CMakeFiles/I2STEST.elf.dir/Drivers/STM32F7xx_HAL_Driver/Src/stm32f7xx_hal_gpio.c.obj
                0x08003108                HAL_GPIO_DeInit
 .text.HAL_GPIO_WritePin
                0x08003254        0xc CMakeFiles/I2STEST.elf.dir/Drivers/STM32F7xx_HAL_Driver/Src/stm32f7xx_hal_gpio.c.obj
                0x08003254                HAL_GPIO_WritePin
 .text.I2C_Flush_TXDR
                0x08003260       0x22 CMakeFiles/I2STEST.elf.dir/Drivers/STM32F7xx_HAL_Driver/Src/stm32f7xx_hal_i2c.c.obj
 .text.I2C_TransferConfig
                0x08003282       0x3a CMakeFiles/I2STEST.elf.dir/Drivers/STM32F7xx_HAL_Driver/Src/stm32f7xx_hal_i2c.c.obj
 .text.I2C_Disable_IRQ
                0x080032bc       0x70 CMakeFiles/I2STEST.elf.dir/Drivers/STM32F7xx_HAL_Driver/Src/stm32f7xx_hal_i2c.c.obj
 .text.I2C_IsErrorOccurred
                0x0800332c      0x118 CMakeFiles/I2STEST.elf.dir/Drivers/STM32F7xx_HAL_Driver/Src/stm32f7xx_hal_i2c.c.obj
 .text.I2C_WaitOnTXISFlagUntilTimeout
                0x08003444       0x60 CMakeFiles/I2STEST.elf.dir/Drivers/STM32F7xx_HAL_Driver/Src/stm32f7xx_hal_i2c.c.obj
 .text.I2C_WaitOnFlagUntilTimeout
                0x080034a4       0x7c CMakeFiles/I2STEST.elf.dir/Drivers/STM32F7xx_HAL_Driver/Src/stm32f7xx_hal_i2c.c.obj
 .text.I2C_RequestMemoryWrite
                0x08003520       0x7c CMakeFiles/I2STEST.elf.dir/Drivers/STM32F7xx_HAL_Driver/Src/stm32f7xx_hal_i2c.c.obj
 .text.I2C_RequestMemoryRead
                0x0800359c       0x78 CMakeFiles/I2STEST.elf.dir/Drivers/STM32F7xx_HAL_Driver/Src/stm32f7xx_hal_i2c.c.obj
 .text.I2C_WaitOnSTOPFlagUntilTimeout
                0x08003614       0x5e CMakeFiles/I2STEST.elf.dir/Drivers/STM32F7xx_HAL_Driver/Src/stm32f7xx_hal_i2c.c.obj
 *fill*         0x08003672        0x2 
 .text.HAL_I2C_Init
                0x08003674       0xc8 CMakeFiles/I2STEST.elf.dir/Drivers/STM32F7xx_HAL_Driver/Src/stm32f7xx_hal_i2c.c.obj
                0x08003674                HAL_I2C_Init
 .text.HAL_I2C_DeInit
                0x0800373c       0x32 CMakeFiles/I2STEST.elf.dir/Drivers/STM32F7xx_HAL_Driver/Src/stm32f7xx_hal_i2c.c.obj
                0x0800373c                HAL_I2C_DeInit
 *fill*         0x0800376e        0x2 
 .text.HAL_I2C_Master_Transmit
                0x08003770      0x1a4 CMakeFiles/I2STEST.elf.dir/Drivers/STM32F7xx_HAL_Driver/Src/stm32f7xx_hal_i2c.c.obj
                0x08003770                HAL_I2C_Master_Transmit
 .text.HAL_I2C_Mem_Write
                0x08003914      0x1aa CMakeFiles/I2STEST.elf.dir/Drivers/STM32F7xx_HAL_Driver/Src/stm32f7xx_hal_i2c.c.obj
                0x08003914                HAL_I2C_Mem_Write
 *fill*         0x08003abe        0x2 
 .text.HAL_I2C_Mem_Read
                0x08003ac0      0x1b0 CMakeFiles/I2STEST.elf.dir/Drivers/STM32F7xx_HAL_Driver/Src/stm32f7xx_hal_i2c.c.obj
                0x08003ac0                HAL_I2C_Mem_Read
 .text.HAL_I2C_EV_IRQHandler
                0x08003c70       0x10 CMakeFiles/I2STEST.elf.dir/Drivers/STM32F7xx_HAL_Driver/Src/stm32f7xx_hal_i2c.c.obj
                0x08003c70                HAL_I2C_EV_IRQHandler
 .text.HAL_I2C_SlaveTxCpltCallback
                0x08003c80        0x2 CMakeFiles/I2STEST.elf.dir/Drivers/STM32F7xx_HAL_Driver/Src/stm32f7xx_hal_i2c.c.obj
                0x08003c80                HAL_I2C_SlaveTxCpltCallback
 .text.HAL_I2C_SlaveRxCpltCallback
                0x08003c82        0x2 CMakeFiles/I2STEST.elf.dir/Drivers/STM32F7xx_HAL_Driver/Src/stm32f7xx_hal_i2c.c.obj
                0x08003c82                HAL_I2C_SlaveRxCpltCallback
 .text.I2C_ITSlaveSeqCplt
                0x08003c84       0x82 CMakeFiles/I2STEST.elf.dir/Drivers/STM32F7xx_HAL_Driver/Src/stm32f7xx_hal_i2c.c.obj
 .text.HAL_I2C_AddrCallback
                0x08003d06        0x2 CMakeFiles/I2STEST.elf.dir/Drivers/STM32F7xx_HAL_Driver/Src/stm32f7xx_hal_i2c.c.obj
                0x08003d06                HAL_I2C_AddrCallback
 .text.I2C_ITAddrCplt
                0x08003d08       0xa0 CMakeFiles/I2STEST.elf.dir/Drivers/STM32F7xx_HAL_Driver/Src/stm32f7xx_hal_i2c.c.obj
 .text.HAL_I2C_ListenCpltCallback
                0x08003da8        0x2 CMakeFiles/I2STEST.elf.dir/Drivers/STM32F7xx_HAL_Driver/Src/stm32f7xx_hal_i2c.c.obj
                0x08003da8                HAL_I2C_ListenCpltCallback
 *fill*         0x08003daa        0x2 
 .text.I2C_ITListenCplt
                0x08003dac       0x68 CMakeFiles/I2STEST.elf.dir/Drivers/STM32F7xx_HAL_Driver/Src/stm32f7xx_hal_i2c.c.obj
 .text.HAL_I2C_ErrorCallback
                0x08003e14        0x2 CMakeFiles/I2STEST.elf.dir/Drivers/STM32F7xx_HAL_Driver/Src/stm32f7xx_hal_i2c.c.obj
                0x08003e14                HAL_I2C_ErrorCallback
 .text.HAL_I2C_AbortCpltCallback
                0x08003e16        0x2 CMakeFiles/I2STEST.elf.dir/Drivers/STM32F7xx_HAL_Driver/Src/stm32f7xx_hal_i2c.c.obj
                0x08003e16                HAL_I2C_AbortCpltCallback
 .text.I2C_TreatErrorCallback
                0x08003e18       0x2e CMakeFiles/I2STEST.elf.dir/Drivers/STM32F7xx_HAL_Driver/Src/stm32f7xx_hal_i2c.c.obj
 *fill*         0x08003e46        0x2 
 .text.I2C_ITError
                0x08003e48      0x130 CMakeFiles/I2STEST.elf.dir/Drivers/STM32F7xx_HAL_Driver/Src/stm32f7xx_hal_i2c.c.obj
 .text.I2C_ITSlaveCplt
                0x08003f78      0x1f0 CMakeFiles/I2STEST.elf.dir/Drivers/STM32F7xx_HAL_Driver/Src/stm32f7xx_hal_i2c.c.obj
 .text.I2C_Slave_ISR_IT
                0x08004168      0x14a CMakeFiles/I2STEST.elf.dir/Drivers/STM32F7xx_HAL_Driver/Src/stm32f7xx_hal_i2c.c.obj
 .text.HAL_I2C_ER_IRQHandler
                0x080042b2       0x6a CMakeFiles/I2STEST.elf.dir/Drivers/STM32F7xx_HAL_Driver/Src/stm32f7xx_hal_i2c.c.obj
                0x080042b2                HAL_I2C_ER_IRQHandler
 .text.I2C_DMAAbort
                0x0800431c       0x1a CMakeFiles/I2STEST.elf.dir/Drivers/STM32F7xx_HAL_Driver/Src/stm32f7xx_hal_i2c.c.obj
 .text.HAL_I2C_GetState
                0x08004336        0x6 CMakeFiles/I2STEST.elf.dir/Drivers/STM32F7xx_HAL_Driver/Src/stm32f7xx_hal_i2c.c.obj
                0x08004336                HAL_I2C_GetState
 .text.HAL_I2CEx_ConfigAnalogFilter
                0x0800433c       0x5c CMakeFiles/I2STEST.elf.dir/Drivers/STM32F7xx_HAL_Driver/Src/stm32f7xx_hal_i2c_ex.c.obj
                0x0800433c                HAL_I2CEx_ConfigAnalogFilter
 .text.HAL_I2CEx_ConfigDigitalFilter
                0x08004398       0x58 CMakeFiles/I2STEST.elf.dir/Drivers/STM32F7xx_HAL_Driver/Src/stm32f7xx_hal_i2c_ex.c.obj
                0x08004398                HAL_I2CEx_ConfigDigitalFilter
 .text.I2S_GetClockFreq
                0x080043f0       0x68 CMakeFiles/I2STEST.elf.dir/Drivers/STM32F7xx_HAL_Driver/Src/stm32f7xx_hal_i2s.c.obj
 .text.HAL_I2S_Init
                0x08004458      0x124 CMakeFiles/I2STEST.elf.dir/Drivers/STM32F7xx_HAL_Driver/Src/stm32f7xx_hal_i2s.c.obj
                0x08004458                HAL_I2S_Init
 .text.HAL_I2S_TxCpltCallback
                0x0800457c        0x2 CMakeFiles/I2STEST.elf.dir/Drivers/STM32F7xx_HAL_Driver/Src/stm32f7xx_hal_i2s.c.obj
                0x0800457c                HAL_I2S_TxCpltCallback
 .text.I2S_Transmit_IT
                0x0800457e       0x38 CMakeFiles/I2STEST.elf.dir/Drivers/STM32F7xx_HAL_Driver/Src/stm32f7xx_hal_i2s.c.obj
 .text.HAL_I2S_RxCpltCallback
                0x080045b6        0x2 CMakeFiles/I2STEST.elf.dir/Drivers/STM32F7xx_HAL_Driver/Src/stm32f7xx_hal_i2s.c.obj
                0x080045b6                HAL_I2S_RxCpltCallback
 .text.I2S_Receive_IT
                0x080045b8       0x38 CMakeFiles/I2STEST.elf.dir/Drivers/STM32F7xx_HAL_Driver/Src/stm32f7xx_hal_i2s.c.obj
 .text.HAL_I2S_ErrorCallback
                0x080045f0        0x2 CMakeFiles/I2STEST.elf.dir/Drivers/STM32F7xx_HAL_Driver/Src/stm32f7xx_hal_i2s.c.obj
                0x080045f0                HAL_I2S_ErrorCallback
 .text.HAL_I2S_IRQHandler
                0x080045f2       0x72 CMakeFiles/I2STEST.elf.dir/Drivers/STM32F7xx_HAL_Driver/Src/stm32f7xx_hal_i2s.c.obj
                0x080045f2                HAL_I2S_IRQHandler
 .text.LTDC_SetConfig
                0x08004664      0x1a8 CMakeFiles/I2STEST.elf.dir/Drivers/STM32F7xx_HAL_Driver/Src/stm32f7xx_hal_ltdc.c.obj
 .text.HAL_LTDC_Init
                0x0800480c       0xf8 CMakeFiles/I2STEST.elf.dir/Drivers/STM32F7xx_HAL_Driver/Src/stm32f7xx_hal_ltdc.c.obj
                0x0800480c                HAL_LTDC_Init
 .text.HAL_LTDC_ErrorCallback
                0x08004904        0x2 CMakeFiles/I2STEST.elf.dir/Drivers/STM32F7xx_HAL_Driver/Src/stm32f7xx_hal_ltdc.c.obj
                0x08004904                HAL_LTDC_ErrorCallback
 .text.HAL_LTDC_LineEventCallback
                0x08004906        0x2 CMakeFiles/I2STEST.elf.dir/Drivers/STM32F7xx_HAL_Driver/Src/stm32f7xx_hal_ltdc.c.obj
                0x08004906                HAL_LTDC_LineEventCallback
 .text.HAL_LTDC_ReloadEventCallback
                0x08004908        0x2 CMakeFiles/I2STEST.elf.dir/Drivers/STM32F7xx_HAL_Driver/Src/stm32f7xx_hal_ltdc.c.obj
                0x08004908                HAL_LTDC_ReloadEventCallback
 .text.HAL_LTDC_IRQHandler
                0x0800490a       0xda CMakeFiles/I2STEST.elf.dir/Drivers/STM32F7xx_HAL_Driver/Src/stm32f7xx_hal_ltdc.c.obj
                0x0800490a                HAL_LTDC_IRQHandler
 .text.HAL_LTDC_ConfigLayer
                0x080049e4       0x68 CMakeFiles/I2STEST.elf.dir/Drivers/STM32F7xx_HAL_Driver/Src/stm32f7xx_hal_ltdc.c.obj
                0x080049e4                HAL_LTDC_ConfigLayer
 .text.HAL_LTDC_GetState
                0x08004a4c        0x6 CMakeFiles/I2STEST.elf.dir/Drivers/STM32F7xx_HAL_Driver/Src/stm32f7xx_hal_ltdc.c.obj
                0x08004a4c                HAL_LTDC_GetState
 .text.PCD_WriteEmptyTxFifo
                0x08004a52       0xd0 CMakeFiles/I2STEST.elf.dir/Drivers/STM32F7xx_HAL_Driver/Src/stm32f7xx_hal_pcd.c.obj
 .text.HAL_PCD_Init
                0x08004b22      0x112 CMakeFiles/I2STEST.elf.dir/Drivers/STM32F7xx_HAL_Driver/Src/stm32f7xx_hal_pcd.c.obj
                0x08004b22                HAL_PCD_Init
 .text.HAL_PCD_Start
                0x08004c34       0x2a CMakeFiles/I2STEST.elf.dir/Drivers/STM32F7xx_HAL_Driver/Src/stm32f7xx_hal_pcd.c.obj
                0x08004c34                HAL_PCD_Start
 *fill*         0x08004c5e        0x2 
 .text.PCD_EP_OutXfrComplete_int
                0x08004c60      0x104 CMakeFiles/I2STEST.elf.dir/Drivers/STM32F7xx_HAL_Driver/Src/stm32f7xx_hal_pcd.c.obj
 .text.PCD_EP_OutSetupPacket_int
                0x08004d64       0x50 CMakeFiles/I2STEST.elf.dir/Drivers/STM32F7xx_HAL_Driver/Src/stm32f7xx_hal_pcd.c.obj
 .text.HAL_PCD_SetAddress
                0x08004db4       0x26 CMakeFiles/I2STEST.elf.dir/Drivers/STM32F7xx_HAL_Driver/Src/stm32f7xx_hal_pcd.c.obj
                0x08004db4                HAL_PCD_SetAddress
 .text.HAL_PCD_EP_Open
                0x08004dda       0x88 CMakeFiles/I2STEST.elf.dir/Drivers/STM32F7xx_HAL_Driver/Src/stm32f7xx_hal_pcd.c.obj
                0x08004dda                HAL_PCD_EP_Open
 .text.HAL_PCD_EP_Close
                0x08004e62       0x70 CMakeFiles/I2STEST.elf.dir/Drivers/STM32F7xx_HAL_Driver/Src/stm32f7xx_hal_pcd.c.obj
                0x08004e62                HAL_PCD_EP_Close
 .text.HAL_PCD_EP_Receive
                0x08004ed2       0x4a CMakeFiles/I2STEST.elf.dir/Drivers/STM32F7xx_HAL_Driver/Src/stm32f7xx_hal_pcd.c.obj
                0x08004ed2                HAL_PCD_EP_Receive
 .text.HAL_PCD_EP_GetRxCount
                0x08004f1c       0x12 CMakeFiles/I2STEST.elf.dir/Drivers/STM32F7xx_HAL_Driver/Src/stm32f7xx_hal_pcd.c.obj
                0x08004f1c                HAL_PCD_EP_GetRxCount
 .text.HAL_PCD_EP_Transmit
                0x08004f2e       0x4a CMakeFiles/I2STEST.elf.dir/Drivers/STM32F7xx_HAL_Driver/Src/stm32f7xx_hal_pcd.c.obj
                0x08004f2e                HAL_PCD_EP_Transmit
 .text.HAL_PCD_EP_SetStall
                0x08004f78       0x86 CMakeFiles/I2STEST.elf.dir/Drivers/STM32F7xx_HAL_Driver/Src/stm32f7xx_hal_pcd.c.obj
                0x08004f78                HAL_PCD_EP_SetStall
 .text.HAL_PCD_EP_ClrStall
                0x08004ffe       0x74 CMakeFiles/I2STEST.elf.dir/Drivers/STM32F7xx_HAL_Driver/Src/stm32f7xx_hal_pcd.c.obj
                0x08004ffe                HAL_PCD_EP_ClrStall
 .text.HAL_PCD_EP_Abort
                0x08005072       0x34 CMakeFiles/I2STEST.elf.dir/Drivers/STM32F7xx_HAL_Driver/Src/stm32f7xx_hal_pcd.c.obj
                0x08005072                HAL_PCD_EP_Abort
 .text.HAL_PCD_IRQHandler
                0x080050a6      0x602 CMakeFiles/I2STEST.elf.dir/Drivers/STM32F7xx_HAL_Driver/Src/stm32f7xx_hal_pcd.c.obj
                0x080050a6                HAL_PCD_IRQHandler
 .text.HAL_PCDEx_SetTxFiFo
                0x080056a8       0x4a CMakeFiles/I2STEST.elf.dir/Drivers/STM32F7xx_HAL_Driver/Src/stm32f7xx_hal_pcd_ex.c.obj
                0x080056a8                HAL_PCDEx_SetTxFiFo
 .text.HAL_PCDEx_SetRxFiFo
                0x080056f2        0x8 CMakeFiles/I2STEST.elf.dir/Drivers/STM32F7xx_HAL_Driver/Src/stm32f7xx_hal_pcd_ex.c.obj
                0x080056f2                HAL_PCDEx_SetRxFiFo
 *fill*         0x080056fa        0x2 
 .text.HAL_PCDEx_ActivateLPM
                0x080056fc       0x28 CMakeFiles/I2STEST.elf.dir/Drivers/STM32F7xx_HAL_Driver/Src/stm32f7xx_hal_pcd_ex.c.obj
                0x080056fc                HAL_PCDEx_ActivateLPM
 .text.HAL_PWR_EnableBkUpAccess
                0x08005724       0x10 CMakeFiles/I2STEST.elf.dir/Drivers/STM32F7xx_HAL_Driver/Src/stm32f7xx_hal_pwr.c.obj
                0x08005724                HAL_PWR_EnableBkUpAccess
 .text.HAL_PWR_PVDCallback
                0x08005734        0x2 CMakeFiles/I2STEST.elf.dir/Drivers/STM32F7xx_HAL_Driver/Src/stm32f7xx_hal_pwr.c.obj
                0x08005734                HAL_PWR_PVDCallback
 *fill*         0x08005736        0x2 
 .text.HAL_PWR_PVD_IRQHandler
                0x08005738       0x20 CMakeFiles/I2STEST.elf.dir/Drivers/STM32F7xx_HAL_Driver/Src/stm32f7xx_hal_pwr.c.obj
                0x08005738                HAL_PWR_PVD_IRQHandler
 .text.HAL_PWREx_EnableOverDrive
                0x08005758       0x7c CMakeFiles/I2STEST.elf.dir/Drivers/STM32F7xx_HAL_Driver/Src/stm32f7xx_hal_pwr_ex.c.obj
                0x08005758                HAL_PWREx_EnableOverDrive
 .text.QSPI_Config
                0x080057d4      0x1d4 CMakeFiles/I2STEST.elf.dir/Drivers/STM32F7xx_HAL_Driver/Src/stm32f7xx_hal_qspi.c.obj
 .text.QSPI_WaitFlagStateUntilTimeout
                0x080059a8       0x54 CMakeFiles/I2STEST.elf.dir/Drivers/STM32F7xx_HAL_Driver/Src/stm32f7xx_hal_qspi.c.obj
 .text.HAL_QSPI_DeInit
                0x080059fc       0x26 CMakeFiles/I2STEST.elf.dir/Drivers/STM32F7xx_HAL_Driver/Src/stm32f7xx_hal_qspi.c.obj
                0x080059fc                HAL_QSPI_DeInit
 .text.HAL_QSPI_Command
                0x08005a22       0x9e CMakeFiles/I2STEST.elf.dir/Drivers/STM32F7xx_HAL_Driver/Src/stm32f7xx_hal_qspi.c.obj
                0x08005a22                HAL_QSPI_Command
 .text.HAL_QSPI_AutoPolling
                0x08005ac0       0xb6 CMakeFiles/I2STEST.elf.dir/Drivers/STM32F7xx_HAL_Driver/Src/stm32f7xx_hal_qspi.c.obj
                0x08005ac0                HAL_QSPI_AutoPolling
 .text.HAL_QSPI_MemoryMapped
                0x08005b76       0x98 CMakeFiles/I2STEST.elf.dir/Drivers/STM32F7xx_HAL_Driver/Src/stm32f7xx_hal_qspi.c.obj
                0x08005b76                HAL_QSPI_MemoryMapped
 .text.HAL_QSPI_ErrorCallback
                0x08005c0e        0x2 CMakeFiles/I2STEST.elf.dir/Drivers/STM32F7xx_HAL_Driver/Src/stm32f7xx_hal_qspi.c.obj
                0x08005c0e                HAL_QSPI_ErrorCallback
 .text.QSPI_DMAAbortCplt
                0x08005c10       0x3c CMakeFiles/I2STEST.elf.dir/Drivers/STM32F7xx_HAL_Driver/Src/stm32f7xx_hal_qspi.c.obj
 .text.HAL_QSPI_AbortCpltCallback
                0x08005c4c        0x2 CMakeFiles/I2STEST.elf.dir/Drivers/STM32F7xx_HAL_Driver/Src/stm32f7xx_hal_qspi.c.obj
                0x08005c4c                HAL_QSPI_AbortCpltCallback
 .text.HAL_QSPI_CmdCpltCallback
                0x08005c4e        0x2 CMakeFiles/I2STEST.elf.dir/Drivers/STM32F7xx_HAL_Driver/Src/stm32f7xx_hal_qspi.c.obj
                0x08005c4e                HAL_QSPI_CmdCpltCallback
 .text.HAL_QSPI_RxCpltCallback
                0x08005c50        0x2 CMakeFiles/I2STEST.elf.dir/Drivers/STM32F7xx_HAL_Driver/Src/stm32f7xx_hal_qspi.c.obj
                0x08005c50                HAL_QSPI_RxCpltCallback
 .text.HAL_QSPI_TxCpltCallback
                0x08005c52        0x2 CMakeFiles/I2STEST.elf.dir/Drivers/STM32F7xx_HAL_Driver/Src/stm32f7xx_hal_qspi.c.obj
                0x08005c52                HAL_QSPI_TxCpltCallback
 .text.HAL_QSPI_FifoThresholdCallback
                0x08005c54        0x2 CMakeFiles/I2STEST.elf.dir/Drivers/STM32F7xx_HAL_Driver/Src/stm32f7xx_hal_qspi.c.obj
                0x08005c54                HAL_QSPI_FifoThresholdCallback
 .text.HAL_QSPI_StatusMatchCallback
                0x08005c56        0x2 CMakeFiles/I2STEST.elf.dir/Drivers/STM32F7xx_HAL_Driver/Src/stm32f7xx_hal_qspi.c.obj
                0x08005c56                HAL_QSPI_StatusMatchCallback
 .text.HAL_QSPI_TimeOutCallback
                0x08005c58        0x2 CMakeFiles/I2STEST.elf.dir/Drivers/STM32F7xx_HAL_Driver/Src/stm32f7xx_hal_qspi.c.obj
                0x08005c58                HAL_QSPI_TimeOutCallback
 .text.HAL_QSPI_Abort
                0x08005c5a       0xa0 CMakeFiles/I2STEST.elf.dir/Drivers/STM32F7xx_HAL_Driver/Src/stm32f7xx_hal_qspi.c.obj
                0x08005c5a                HAL_QSPI_Abort
 .text.HAL_QSPI_Transmit
                0x08005cfa       0xda CMakeFiles/I2STEST.elf.dir/Drivers/STM32F7xx_HAL_Driver/Src/stm32f7xx_hal_qspi.c.obj
                0x08005cfa                HAL_QSPI_Transmit
 .text.HAL_QSPI_Receive
                0x08005dd4       0xe6 CMakeFiles/I2STEST.elf.dir/Drivers/STM32F7xx_HAL_Driver/Src/stm32f7xx_hal_qspi.c.obj
                0x08005dd4                HAL_QSPI_Receive
 *fill*         0x08005eba        0x2 
 .text.HAL_QSPI_Abort_IT
                0x08005ebc       0x88 CMakeFiles/I2STEST.elf.dir/Drivers/STM32F7xx_HAL_Driver/Src/stm32f7xx_hal_qspi.c.obj
                0x08005ebc                HAL_QSPI_Abort_IT
 .text.HAL_QSPI_IRQHandler
                0x08005f44      0x24c CMakeFiles/I2STEST.elf.dir/Drivers/STM32F7xx_HAL_Driver/Src/stm32f7xx_hal_qspi.c.obj
                0x08005f44                HAL_QSPI_IRQHandler
 .text.HAL_QSPI_SetTimeout
                0x08006190        0x4 CMakeFiles/I2STEST.elf.dir/Drivers/STM32F7xx_HAL_Driver/Src/stm32f7xx_hal_qspi.c.obj
                0x08006190                HAL_QSPI_SetTimeout
 .text.HAL_QSPI_Init
                0x08006194       0xb0 CMakeFiles/I2STEST.elf.dir/Drivers/STM32F7xx_HAL_Driver/Src/stm32f7xx_hal_qspi.c.obj
                0x08006194                HAL_QSPI_Init
 .text.HAL_RCC_OscConfig
                0x08006244      0x434 CMakeFiles/I2STEST.elf.dir/Drivers/STM32F7xx_HAL_Driver/Src/stm32f7xx_hal_rcc.c.obj
                0x08006244                HAL_RCC_OscConfig
 .text.HAL_RCC_MCOConfig
                0x08006678       0x98 CMakeFiles/I2STEST.elf.dir/Drivers/STM32F7xx_HAL_Driver/Src/stm32f7xx_hal_rcc.c.obj
                0x08006678                HAL_RCC_MCOConfig
 .text.HAL_RCC_GetSysClockFreq
                0x08006710       0xa8 CMakeFiles/I2STEST.elf.dir/Drivers/STM32F7xx_HAL_Driver/Src/stm32f7xx_hal_rcc.c.obj
                0x08006710                HAL_RCC_GetSysClockFreq
 .text.HAL_RCC_ClockConfig
                0x080067b8      0x16c CMakeFiles/I2STEST.elf.dir/Drivers/STM32F7xx_HAL_Driver/Src/stm32f7xx_hal_rcc.c.obj
                0x080067b8                HAL_RCC_ClockConfig
 .text.HAL_RCC_GetHCLKFreq
                0x08006924        0xc CMakeFiles/I2STEST.elf.dir/Drivers/STM32F7xx_HAL_Driver/Src/stm32f7xx_hal_rcc.c.obj
                0x08006924                HAL_RCC_GetHCLKFreq
 .text.HAL_RCC_GetPCLK1Freq
                0x08006930       0x20 CMakeFiles/I2STEST.elf.dir/Drivers/STM32F7xx_HAL_Driver/Src/stm32f7xx_hal_rcc.c.obj
                0x08006930                HAL_RCC_GetPCLK1Freq
 .text.HAL_RCC_GetPCLK2Freq
                0x08006950       0x20 CMakeFiles/I2STEST.elf.dir/Drivers/STM32F7xx_HAL_Driver/Src/stm32f7xx_hal_rcc.c.obj
                0x08006950                HAL_RCC_GetPCLK2Freq
 .text.HAL_RCCEx_PeriphCLKConfig
                0x08006970      0x5ac CMakeFiles/I2STEST.elf.dir/Drivers/STM32F7xx_HAL_Driver/Src/stm32f7xx_hal_rcc_ex.c.obj
                0x08006970                HAL_RCCEx_PeriphCLKConfig
 .text.HAL_RCCEx_GetPeriphCLKFreq
                0x08006f1c      0x1ac CMakeFiles/I2STEST.elf.dir/Drivers/STM32F7xx_HAL_Driver/Src/stm32f7xx_hal_rcc_ex.c.obj
                0x08006f1c                HAL_RCCEx_GetPeriphCLKFreq
 .text.SAI_InitI2S
                0x080070c8       0xd0 CMakeFiles/I2STEST.elf.dir/Drivers/STM32F7xx_HAL_Driver/Src/stm32f7xx_hal_sai.c.obj
 .text.SAI_InitPCM
                0x08007198       0x94 CMakeFiles/I2STEST.elf.dir/Drivers/STM32F7xx_HAL_Driver/Src/stm32f7xx_hal_sai.c.obj
 .text.SAI_FillFifo
                0x0800722c       0x56 CMakeFiles/I2STEST.elf.dir/Drivers/STM32F7xx_HAL_Driver/Src/stm32f7xx_hal_sai.c.obj
 .text.SAI_InterruptFlag
                0x08007282       0x34 CMakeFiles/I2STEST.elf.dir/Drivers/STM32F7xx_HAL_Driver/Src/stm32f7xx_hal_sai.c.obj
 *fill*         0x080072b6        0x2 
 .text.SAI_Disable
                0x080072b8       0x44 CMakeFiles/I2STEST.elf.dir/Drivers/STM32F7xx_HAL_Driver/Src/stm32f7xx_hal_sai.c.obj
 .text.HAL_SAI_Init
                0x080072fc      0x204 CMakeFiles/I2STEST.elf.dir/Drivers/STM32F7xx_HAL_Driver/Src/stm32f7xx_hal_sai.c.obj
                0x080072fc                HAL_SAI_Init
 .text.HAL_SAI_InitProtocol
                0x08007500       0x2a CMakeFiles/I2STEST.elf.dir/Drivers/STM32F7xx_HAL_Driver/Src/stm32f7xx_hal_sai.c.obj
                0x08007500                HAL_SAI_InitProtocol
 .text.HAL_SAI_Transmit
                0x0800752a      0x120 CMakeFiles/I2STEST.elf.dir/Drivers/STM32F7xx_HAL_Driver/Src/stm32f7xx_hal_sai.c.obj
                0x0800752a                HAL_SAI_Transmit
 .text.HAL_SAI_DMAPause
                0x0800764a       0x26 CMakeFiles/I2STEST.elf.dir/Drivers/STM32F7xx_HAL_Driver/Src/stm32f7xx_hal_sai.c.obj
                0x0800764a                HAL_SAI_DMAPause
 .text.HAL_SAI_DMAResume
                0x08007670       0x38 CMakeFiles/I2STEST.elf.dir/Drivers/STM32F7xx_HAL_Driver/Src/stm32f7xx_hal_sai.c.obj
                0x08007670                HAL_SAI_DMAResume
 .text.HAL_SAI_Abort
                0x080076a8       0xba CMakeFiles/I2STEST.elf.dir/Drivers/STM32F7xx_HAL_Driver/Src/stm32f7xx_hal_sai.c.obj
                0x080076a8                HAL_SAI_Abort
 *fill*         0x08007762        0x2 
 .text.HAL_SAI_Transmit_DMA
                0x08007764       0xf8 CMakeFiles/I2STEST.elf.dir/Drivers/STM32F7xx_HAL_Driver/Src/stm32f7xx_hal_sai.c.obj
                0x08007764                HAL_SAI_Transmit_DMA
 .text.HAL_SAI_TxCpltCallback
                0x0800785c        0x2 CMakeFiles/I2STEST.elf.dir/Drivers/STM32F7xx_HAL_Driver/Src/stm32f7xx_hal_sai.c.obj
                0x0800785c                HAL_SAI_TxCpltCallback
 .text.SAI_DMATxCplt
                0x0800785e       0x3a CMakeFiles/I2STEST.elf.dir/Drivers/STM32F7xx_HAL_Driver/Src/stm32f7xx_hal_sai.c.obj
 .text.HAL_SAI_TxHalfCpltCallback
                0x08007898        0x2 CMakeFiles/I2STEST.elf.dir/Drivers/STM32F7xx_HAL_Driver/Src/stm32f7xx_hal_sai.c.obj
                0x08007898                HAL_SAI_TxHalfCpltCallback
 .text.SAI_DMATxHalfCplt
                0x0800789a        0xa CMakeFiles/I2STEST.elf.dir/Drivers/STM32F7xx_HAL_Driver/Src/stm32f7xx_hal_sai.c.obj
 .text.HAL_SAI_ErrorCallback
                0x080078a4        0x2 CMakeFiles/I2STEST.elf.dir/Drivers/STM32F7xx_HAL_Driver/Src/stm32f7xx_hal_sai.c.obj
                0x080078a4                HAL_SAI_ErrorCallback
 .text.SAI_DMAError
                0x080078a6       0x46 CMakeFiles/I2STEST.elf.dir/Drivers/STM32F7xx_HAL_Driver/Src/stm32f7xx_hal_sai.c.obj
 .text.HAL_SAI_IRQHandler
                0x080078ec      0x1a0 CMakeFiles/I2STEST.elf.dir/Drivers/STM32F7xx_HAL_Driver/Src/stm32f7xx_hal_sai.c.obj
                0x080078ec                HAL_SAI_IRQHandler
 .text.SAI_DMAAbort
                0x08007a8c       0x4a CMakeFiles/I2STEST.elf.dir/Drivers/STM32F7xx_HAL_Driver/Src/stm32f7xx_hal_sai.c.obj
 .text.HAL_SAI_GetState
                0x08007ad6        0x6 CMakeFiles/I2STEST.elf.dir/Drivers/STM32F7xx_HAL_Driver/Src/stm32f7xx_hal_sai.c.obj
                0x08007ad6                HAL_SAI_GetState
 .text.HAL_SDRAM_Init
                0x08007adc       0x40 CMakeFiles/I2STEST.elf.dir/Drivers/STM32F7xx_HAL_Driver/Src/stm32f7xx_hal_sdram.c.obj
                0x08007adc                HAL_SDRAM_Init
 .text.HAL_SDRAM_RefreshErrorCallback
                0x08007b1c        0x2 CMakeFiles/I2STEST.elf.dir/Drivers/STM32F7xx_HAL_Driver/Src/stm32f7xx_hal_sdram.c.obj
                0x08007b1c                HAL_SDRAM_RefreshErrorCallback
 .text.HAL_SDRAM_IRQHandler
                0x08007b1e       0x20 CMakeFiles/I2STEST.elf.dir/Drivers/STM32F7xx_HAL_Driver/Src/stm32f7xx_hal_sdram.c.obj
                0x08007b1e                HAL_SDRAM_IRQHandler
 .text.HAL_SDRAM_SendCommand
                0x08007b3e       0x42 CMakeFiles/I2STEST.elf.dir/Drivers/STM32F7xx_HAL_Driver/Src/stm32f7xx_hal_sdram.c.obj
                0x08007b3e                HAL_SDRAM_SendCommand
 .text.HAL_SDRAM_ProgramRefreshRate
                0x08007b80       0x32 CMakeFiles/I2STEST.elf.dir/Drivers/STM32F7xx_HAL_Driver/Src/stm32f7xx_hal_sdram.c.obj
                0x08007b80                HAL_SDRAM_ProgramRefreshRate
 .text.UART_EndRxTransfer
                0x08007bb2       0x52 CMakeFiles/I2STEST.elf.dir/Drivers/STM32F7xx_HAL_Driver/Src/stm32f7xx_hal_uart.c.obj
 .text.HAL_UART_TxCpltCallback
                0x08007c04        0x2 CMakeFiles/I2STEST.elf.dir/Drivers/STM32F7xx_HAL_Driver/Src/stm32f7xx_hal_uart.c.obj
                0x08007c04                HAL_UART_TxCpltCallback
 .text.UART_EndTransmit_IT
                0x08007c06       0x22 CMakeFiles/I2STEST.elf.dir/Drivers/STM32F7xx_HAL_Driver/Src/stm32f7xx_hal_uart.c.obj
 .text.HAL_UART_ErrorCallback
                0x08007c28        0x2 CMakeFiles/I2STEST.elf.dir/Drivers/STM32F7xx_HAL_Driver/Src/stm32f7xx_hal_uart.c.obj
                0x08007c28                HAL_UART_ErrorCallback
 .text.UART_DMAAbortOnError
                0x08007c2a       0x14 CMakeFiles/I2STEST.elf.dir/Drivers/STM32F7xx_HAL_Driver/Src/stm32f7xx_hal_uart.c.obj
 .text.HAL_UARTEx_RxEventCallback
                0x08007c3e        0x2 CMakeFiles/I2STEST.elf.dir/Drivers/STM32F7xx_HAL_Driver/Src/stm32f7xx_hal_uart.c.obj
                0x08007c3e                HAL_UARTEx_RxEventCallback
 .text.HAL_UART_IRQHandler
                0x08007c40      0x2cc CMakeFiles/I2STEST.elf.dir/Drivers/STM32F7xx_HAL_Driver/Src/stm32f7xx_hal_uart.c.obj
                0x08007c40                HAL_UART_IRQHandler
 .text.UART_SetConfig
                0x08007f0c      0x328 CMakeFiles/I2STEST.elf.dir/Drivers/STM32F7xx_HAL_Driver/Src/stm32f7xx_hal_uart.c.obj
                0x08007f0c                UART_SetConfig
 .text.UART_AdvFeatureConfig
                0x08008234       0xca CMakeFiles/I2STEST.elf.dir/Drivers/STM32F7xx_HAL_Driver/Src/stm32f7xx_hal_uart.c.obj
                0x08008234                UART_AdvFeatureConfig
 .text.UART_WaitOnFlagUntilTimeout
                0x080082fe       0xa6 CMakeFiles/I2STEST.elf.dir/Drivers/STM32F7xx_HAL_Driver/Src/stm32f7xx_hal_uart.c.obj
                0x080082fe                UART_WaitOnFlagUntilTimeout
 .text.HAL_UART_Transmit
                0x080083a4       0xc6 CMakeFiles/I2STEST.elf.dir/Drivers/STM32F7xx_HAL_Driver/Src/stm32f7xx_hal_uart.c.obj
                0x080083a4                HAL_UART_Transmit
 .text.UART_CheckIdleState
                0x0800846a       0x68 CMakeFiles/I2STEST.elf.dir/Drivers/STM32F7xx_HAL_Driver/Src/stm32f7xx_hal_uart.c.obj
                0x0800846a                UART_CheckIdleState
 .text.HAL_UART_Init
                0x080084d2       0x62 CMakeFiles/I2STEST.elf.dir/Drivers/STM32F7xx_HAL_Driver/Src/stm32f7xx_hal_uart.c.obj
                0x080084d2                HAL_UART_Init
 .text.FMC_SDRAM_Init
                0x08008534       0x6e CMakeFiles/I2STEST.elf.dir/Drivers/STM32F7xx_HAL_Driver/Src/stm32f7xx_ll_fmc.c.obj
                0x08008534                FMC_SDRAM_Init
 *fill*         0x080085a2        0x2 
 .text.FMC_SDRAM_Timing_Init
                0x080085a4       0xb4 CMakeFiles/I2STEST.elf.dir/Drivers/STM32F7xx_HAL_Driver/Src/stm32f7xx_ll_fmc.c.obj
                0x080085a4                FMC_SDRAM_Timing_Init
 .text.FMC_SDRAM_SendCommand
                0x08008658       0x28 CMakeFiles/I2STEST.elf.dir/Drivers/STM32F7xx_HAL_Driver/Src/stm32f7xx_ll_fmc.c.obj
                0x08008658                FMC_SDRAM_SendCommand
 .text.FMC_SDRAM_ProgramRefreshRate
                0x08008680       0x10 CMakeFiles/I2STEST.elf.dir/Drivers/STM32F7xx_HAL_Driver/Src/stm32f7xx_ll_fmc.c.obj
                0x08008680                FMC_SDRAM_ProgramRefreshRate
 .text.USB_CoreReset
                0x08008690       0x4a CMakeFiles/I2STEST.elf.dir/Drivers/STM32F7xx_HAL_Driver/Src/stm32f7xx_ll_usb.c.obj
 *fill*         0x080086da        0x2 
 .text.USB_CoreInit
                0x080086dc       0x84 CMakeFiles/I2STEST.elf.dir/Drivers/STM32F7xx_HAL_Driver/Src/stm32f7xx_ll_usb.c.obj
                0x080086dc                USB_CoreInit
 .text.USB_SetTurnaroundTime
                0x08008760       0xe4 CMakeFiles/I2STEST.elf.dir/Drivers/STM32F7xx_HAL_Driver/Src/stm32f7xx_ll_usb.c.obj
                0x08008760                USB_SetTurnaroundTime
 .text.USB_EnableGlobalInt
                0x08008844        0xc CMakeFiles/I2STEST.elf.dir/Drivers/STM32F7xx_HAL_Driver/Src/stm32f7xx_ll_usb.c.obj
                0x08008844                USB_EnableGlobalInt
 .text.USB_DisableGlobalInt
                0x08008850        0xc CMakeFiles/I2STEST.elf.dir/Drivers/STM32F7xx_HAL_Driver/Src/stm32f7xx_ll_usb.c.obj
                0x08008850                USB_DisableGlobalInt
 .text.USB_FlushTxFifo
                0x0800885c       0x4a CMakeFiles/I2STEST.elf.dir/Drivers/STM32F7xx_HAL_Driver/Src/stm32f7xx_ll_usb.c.obj
                0x0800885c                USB_FlushTxFifo
 .text.USB_FlushRxFifo
                0x080088a6       0x46 CMakeFiles/I2STEST.elf.dir/Drivers/STM32F7xx_HAL_Driver/Src/stm32f7xx_ll_usb.c.obj
                0x080088a6                USB_FlushRxFifo
 .text.USB_SetDevSpeed
                0x080088ec        0xe CMakeFiles/I2STEST.elf.dir/Drivers/STM32F7xx_HAL_Driver/Src/stm32f7xx_ll_usb.c.obj
                0x080088ec                USB_SetDevSpeed
 *fill*         0x080088fa        0x2 
 .text.USB_DevInit
                0x080088fc      0x18c CMakeFiles/I2STEST.elf.dir/Drivers/STM32F7xx_HAL_Driver/Src/stm32f7xx_ll_usb.c.obj
                0x080088fc                USB_DevInit
 .text.USB_GetDevSpeed
                0x08008a88       0x22 CMakeFiles/I2STEST.elf.dir/Drivers/STM32F7xx_HAL_Driver/Src/stm32f7xx_ll_usb.c.obj
                0x08008a88                USB_GetDevSpeed
 *fill*         0x08008aaa        0x2 
 .text.USB_ActivateEndpoint
                0x08008aac       0x98 CMakeFiles/I2STEST.elf.dir/Drivers/STM32F7xx_HAL_Driver/Src/stm32f7xx_ll_usb.c.obj
                0x08008aac                USB_ActivateEndpoint
 .text.USB_DeactivateEndpoint
                0x08008b44       0xe0 CMakeFiles/I2STEST.elf.dir/Drivers/STM32F7xx_HAL_Driver/Src/stm32f7xx_ll_usb.c.obj
                0x08008b44                USB_DeactivateEndpoint
 .text.USB_EPStopXfer
                0x08008c24       0xbc CMakeFiles/I2STEST.elf.dir/Drivers/STM32F7xx_HAL_Driver/Src/stm32f7xx_ll_usb.c.obj
                0x08008c24                USB_EPStopXfer
 .text.USB_WritePacket
                0x08008ce0       0x2e CMakeFiles/I2STEST.elf.dir/Drivers/STM32F7xx_HAL_Driver/Src/stm32f7xx_ll_usb.c.obj
                0x08008ce0                USB_WritePacket
 *fill*         0x08008d0e        0x2 
 .text.USB_EPStartXfer
                0x08008d10      0x238 CMakeFiles/I2STEST.elf.dir/Drivers/STM32F7xx_HAL_Driver/Src/stm32f7xx_ll_usb.c.obj
                0x08008d10                USB_EPStartXfer
 .text.USB_ReadPacket
                0x08008f48       0x46 CMakeFiles/I2STEST.elf.dir/Drivers/STM32F7xx_HAL_Driver/Src/stm32f7xx_ll_usb.c.obj
                0x08008f48                USB_ReadPacket
 .text.USB_EPSetStall
                0x08008f8e       0x5a CMakeFiles/I2STEST.elf.dir/Drivers/STM32F7xx_HAL_Driver/Src/stm32f7xx_ll_usb.c.obj
                0x08008f8e                USB_EPSetStall
 .text.USB_EPClearStall
                0x08008fe8       0x5c CMakeFiles/I2STEST.elf.dir/Drivers/STM32F7xx_HAL_Driver/Src/stm32f7xx_ll_usb.c.obj
                0x08008fe8                USB_EPClearStall
 .text.USB_SetDevAddress
                0x08009044       0x20 CMakeFiles/I2STEST.elf.dir/Drivers/STM32F7xx_HAL_Driver/Src/stm32f7xx_ll_usb.c.obj
                0x08009044                USB_SetDevAddress
 .text.USB_DevConnect
                0x08009064       0x1c CMakeFiles/I2STEST.elf.dir/Drivers/STM32F7xx_HAL_Driver/Src/stm32f7xx_ll_usb.c.obj
                0x08009064                USB_DevConnect
 .text.USB_DevDisconnect
                0x08009080       0x1c CMakeFiles/I2STEST.elf.dir/Drivers/STM32F7xx_HAL_Driver/Src/stm32f7xx_ll_usb.c.obj
                0x08009080                USB_DevDisconnect
 .text.USB_ReadInterrupts
                0x0800909c        0x8 CMakeFiles/I2STEST.elf.dir/Drivers/STM32F7xx_HAL_Driver/Src/stm32f7xx_ll_usb.c.obj
                0x0800909c                USB_ReadInterrupts
 .text.USB_ReadDevAllOutEpInterrupt
                0x080090a4       0x10 CMakeFiles/I2STEST.elf.dir/Drivers/STM32F7xx_HAL_Driver/Src/stm32f7xx_ll_usb.c.obj
                0x080090a4                USB_ReadDevAllOutEpInterrupt
 .text.USB_ReadDevAllInEpInterrupt
                0x080090b4       0x10 CMakeFiles/I2STEST.elf.dir/Drivers/STM32F7xx_HAL_Driver/Src/stm32f7xx_ll_usb.c.obj
                0x080090b4                USB_ReadDevAllInEpInterrupt
 .text.USB_ReadDevOutEPInterrupt
                0x080090c4       0x12 CMakeFiles/I2STEST.elf.dir/Drivers/STM32F7xx_HAL_Driver/Src/stm32f7xx_ll_usb.c.obj
                0x080090c4                USB_ReadDevOutEPInterrupt
 .text.USB_ReadDevInEPInterrupt
                0x080090d6       0x24 CMakeFiles/I2STEST.elf.dir/Drivers/STM32F7xx_HAL_Driver/Src/stm32f7xx_ll_usb.c.obj
                0x080090d6                USB_ReadDevInEPInterrupt
 .text.USB_GetMode
                0x080090fa        0x8 CMakeFiles/I2STEST.elf.dir/Drivers/STM32F7xx_HAL_Driver/Src/stm32f7xx_ll_usb.c.obj
                0x080090fa                USB_GetMode
 .text.USB_SetCurrentMode
                0x08009102       0x62 CMakeFiles/I2STEST.elf.dir/Drivers/STM32F7xx_HAL_Driver/Src/stm32f7xx_ll_usb.c.obj
                0x08009102                USB_SetCurrentMode
 .text.USB_ActivateSetup
                0x08009164       0x1c CMakeFiles/I2STEST.elf.dir/Drivers/STM32F7xx_HAL_Driver/Src/stm32f7xx_ll_usb.c.obj
                0x08009164                USB_ActivateSetup
 .text.USB_EP0_OutStart
                0x08009180       0x5c CMakeFiles/I2STEST.elf.dir/Drivers/STM32F7xx_HAL_Driver/Src/stm32f7xx_ll_usb.c.obj
                0x08009180                USB_EP0_OutStart
 .text.USBD_AUDIO_GetCfgDesc
                0x080091dc        0xc CMakeFiles/I2STEST.elf.dir/Middlewares/ST/STM32_USB_Device_Library/Class/AUDIO/Src/usbd_audio.c.obj
 .text.USBD_AUDIO_DataIn
                0x080091e8        0x4 CMakeFiles/I2STEST.elf.dir/Middlewares/ST/STM32_USB_Device_Library/Class/AUDIO/Src/usbd_audio.c.obj
 .text.USBD_AUDIO_EP0_RxReady
                0x080091ec       0x52 CMakeFiles/I2STEST.elf.dir/Middlewares/ST/STM32_USB_Device_Library/Class/AUDIO/Src/usbd_audio.c.obj
 .text.USBD_AUDIO_EP0_TxReady
                0x0800923e        0x4 CMakeFiles/I2STEST.elf.dir/Middlewares/ST/STM32_USB_Device_Library/Class/AUDIO/Src/usbd_audio.c.obj
 .text.USBD_AUDIO_SOF
                0x08009242        0x4 CMakeFiles/I2STEST.elf.dir/Middlewares/ST/STM32_USB_Device_Library/Class/AUDIO/Src/usbd_audio.c.obj
 .text.USBD_AUDIO_IsoINIncomplete
                0x08009246        0x4 CMakeFiles/I2STEST.elf.dir/Middlewares/ST/STM32_USB_Device_Library/Class/AUDIO/Src/usbd_audio.c.obj
 *fill*         0x0800924a        0x2 
 .text.USBD_AUDIO_GetDeviceQualifierDesc
                0x0800924c        0xc CMakeFiles/I2STEST.elf.dir/Middlewares/ST/STM32_USB_Device_Library/Class/AUDIO/Src/usbd_audio.c.obj
 .text.USBD_AUDIO_IsoOutIncomplete
                0x08009258       0x28 CMakeFiles/I2STEST.elf.dir/Middlewares/ST/STM32_USB_Device_Library/Class/AUDIO/Src/usbd_audio.c.obj
 .text.USBD_AUDIO_DataOut
                0x08009280       0xc2 CMakeFiles/I2STEST.elf.dir/Middlewares/ST/STM32_USB_Device_Library/Class/AUDIO/Src/usbd_audio.c.obj
 .text.AUDIO_REQ_GetCurrent
                0x08009342       0x36 CMakeFiles/I2STEST.elf.dir/Middlewares/ST/STM32_USB_Device_Library/Class/AUDIO/Src/usbd_audio.c.obj
 .text.AUDIO_REQ_SetCurrent
                0x08009378       0x46 CMakeFiles/I2STEST.elf.dir/Middlewares/ST/STM32_USB_Device_Library/Class/AUDIO/Src/usbd_audio.c.obj
 .text.USBD_AUDIO_GetAudioHeaderDesc
                0x080093be       0x3c CMakeFiles/I2STEST.elf.dir/Middlewares/ST/STM32_USB_Device_Library/Class/AUDIO/Src/usbd_audio.c.obj
 .text.USBD_AUDIO_Setup
                0x080093fa      0x118 CMakeFiles/I2STEST.elf.dir/Middlewares/ST/STM32_USB_Device_Library/Class/AUDIO/Src/usbd_audio.c.obj
 .text.USBD_AUDIO_DeInit
                0x08009512       0x52 CMakeFiles/I2STEST.elf.dir/Middlewares/ST/STM32_USB_Device_Library/Class/AUDIO/Src/usbd_audio.c.obj
 .text.USBD_AUDIO_Init
                0x08009564       0x98 CMakeFiles/I2STEST.elf.dir/Middlewares/ST/STM32_USB_Device_Library/Class/AUDIO/Src/usbd_audio.c.obj
 .text.USBD_AUDIO_RegisterInterface
                0x080095fc       0x16 CMakeFiles/I2STEST.elf.dir/Middlewares/ST/STM32_USB_Device_Library/Class/AUDIO/Src/usbd_audio.c.obj
                0x080095fc                USBD_AUDIO_RegisterInterface
 .text.USBD_Init
                0x08009612       0x2e CMakeFiles/I2STEST.elf.dir/Middlewares/ST/STM32_USB_Device_Library/Core/Src/usbd_core.c.obj
                0x08009612                USBD_Init
 .text.USBD_RegisterClass
                0x08009640       0x34 CMakeFiles/I2STEST.elf.dir/Middlewares/ST/STM32_USB_Device_Library/Core/Src/usbd_core.c.obj
                0x08009640                USBD_RegisterClass
 .text.USBD_Start
                0x08009674        0x8 CMakeFiles/I2STEST.elf.dir/Middlewares/ST/STM32_USB_Device_Library/Core/Src/usbd_core.c.obj
                0x08009674                USBD_Start
 .text.USBD_SetClassConfig
                0x0800967c       0x12 CMakeFiles/I2STEST.elf.dir/Middlewares/ST/STM32_USB_Device_Library/Core/Src/usbd_core.c.obj
                0x0800967c                USBD_SetClassConfig
 .text.USBD_ClrClassConfig
                0x0800968e       0x12 CMakeFiles/I2STEST.elf.dir/Middlewares/ST/STM32_USB_Device_Library/Core/Src/usbd_core.c.obj
                0x0800968e                USBD_ClrClassConfig
 .text.USBD_LL_SetupStage
                0x080096a0       0x58 CMakeFiles/I2STEST.elf.dir/Middlewares/ST/STM32_USB_Device_Library/Core/Src/usbd_core.c.obj
                0x080096a0                USBD_LL_SetupStage
 .text.USBD_LL_Reset
                0x080096f8       0x64 CMakeFiles/I2STEST.elf.dir/Middlewares/ST/STM32_USB_Device_Library/Core/Src/usbd_core.c.obj
                0x080096f8                USBD_LL_Reset
 .text.USBD_LL_SetSpeed
                0x0800975c        0x6 CMakeFiles/I2STEST.elf.dir/Middlewares/ST/STM32_USB_Device_Library/Core/Src/usbd_core.c.obj
                0x0800975c                USBD_LL_SetSpeed
 .text.USBD_LL_Suspend
                0x08009762       0x1e CMakeFiles/I2STEST.elf.dir/Middlewares/ST/STM32_USB_Device_Library/Core/Src/usbd_core.c.obj
                0x08009762                USBD_LL_Suspend
 .text.USBD_LL_Resume
                0x08009780       0x1a CMakeFiles/I2STEST.elf.dir/Middlewares/ST/STM32_USB_Device_Library/Core/Src/usbd_core.c.obj
                0x08009780                USBD_LL_Resume
 .text.USBD_LL_SOF
                0x0800979a       0x22 CMakeFiles/I2STEST.elf.dir/Middlewares/ST/STM32_USB_Device_Library/Core/Src/usbd_core.c.obj
                0x0800979a                USBD_LL_SOF
 .text.USBD_LL_IsoINIncomplete
                0x080097bc       0x2e CMakeFiles/I2STEST.elf.dir/Middlewares/ST/STM32_USB_Device_Library/Core/Src/usbd_core.c.obj
                0x080097bc                USBD_LL_IsoINIncomplete
 .text.USBD_LL_IsoOUTIncomplete
                0x080097ea       0x2e CMakeFiles/I2STEST.elf.dir/Middlewares/ST/STM32_USB_Device_Library/Core/Src/usbd_core.c.obj
                0x080097ea                USBD_LL_IsoOUTIncomplete
 .text.USBD_LL_DevConnected
                0x08009818        0x4 CMakeFiles/I2STEST.elf.dir/Middlewares/ST/STM32_USB_Device_Library/Core/Src/usbd_core.c.obj
                0x08009818                USBD_LL_DevConnected
 .text.USBD_LL_DevDisconnected
                0x0800981c       0x20 CMakeFiles/I2STEST.elf.dir/Middlewares/ST/STM32_USB_Device_Library/Core/Src/usbd_core.c.obj
                0x0800981c                USBD_LL_DevDisconnected
 .text.USBD_CoreFindIF
                0x0800983c        0x4 CMakeFiles/I2STEST.elf.dir/Middlewares/ST/STM32_USB_Device_Library/Core/Src/usbd_core.c.obj
                0x0800983c                USBD_CoreFindIF
 .text.USBD_CoreFindEP
                0x08009840        0x4 CMakeFiles/I2STEST.elf.dir/Middlewares/ST/STM32_USB_Device_Library/Core/Src/usbd_core.c.obj
                0x08009840                USBD_CoreFindEP
 .text.USBD_LL_DataOutStage
                0x08009844       0xc4 CMakeFiles/I2STEST.elf.dir/Middlewares/ST/STM32_USB_Device_Library/Core/Src/usbd_core.c.obj
                0x08009844                USBD_LL_DataOutStage
 .text.USBD_LL_DataInStage
                0x08009908       0xd6 CMakeFiles/I2STEST.elf.dir/Middlewares/ST/STM32_USB_Device_Library/Core/Src/usbd_core.c.obj
                0x08009908                USBD_LL_DataInStage
 .text.USBD_GetNextDesc
                0x080099de        0xe CMakeFiles/I2STEST.elf.dir/Middlewares/ST/STM32_USB_Device_Library/Core/Src/usbd_core.c.obj
                0x080099de                USBD_GetNextDesc
 .text.USBD_GetLen
                0x080099ec       0x14 CMakeFiles/I2STEST.elf.dir/Middlewares/ST/STM32_USB_Device_Library/Core/Src/usbd_ctlreq.c.obj
 .text.USBD_ParseSetupRequest
                0x08009a00       0x28 CMakeFiles/I2STEST.elf.dir/Middlewares/ST/STM32_USB_Device_Library/Core/Src/usbd_ctlreq.c.obj
                0x08009a00                USBD_ParseSetupRequest
 .text.USBD_CtlError
                0x08009a28       0x14 CMakeFiles/I2STEST.elf.dir/Middlewares/ST/STM32_USB_Device_Library/Core/Src/usbd_ctlreq.c.obj
                0x08009a28                USBD_CtlError
 .text.USBD_GetDescriptor
                0x08009a3c      0x1ac CMakeFiles/I2STEST.elf.dir/Middlewares/ST/STM32_USB_Device_Library/Core/Src/usbd_ctlreq.c.obj
 .text.USBD_SetAddress
                0x08009be8       0x50 CMakeFiles/I2STEST.elf.dir/Middlewares/ST/STM32_USB_Device_Library/Core/Src/usbd_ctlreq.c.obj
 .text.USBD_SetConfig
                0x08009c38       0xcc CMakeFiles/I2STEST.elf.dir/Middlewares/ST/STM32_USB_Device_Library/Core/Src/usbd_ctlreq.c.obj
 .text.USBD_GetConfig
                0x08009d04       0x40 CMakeFiles/I2STEST.elf.dir/Middlewares/ST/STM32_USB_Device_Library/Core/Src/usbd_ctlreq.c.obj
 .text.USBD_GetStatus
                0x08009d44       0x38 CMakeFiles/I2STEST.elf.dir/Middlewares/ST/STM32_USB_Device_Library/Core/Src/usbd_ctlreq.c.obj
 .text.USBD_SetFeature
                0x08009d7c       0x2a CMakeFiles/I2STEST.elf.dir/Middlewares/ST/STM32_USB_Device_Library/Core/Src/usbd_ctlreq.c.obj
 .text.USBD_ClrFeature
                0x08009da6       0x26 CMakeFiles/I2STEST.elf.dir/Middlewares/ST/STM32_USB_Device_Library/Core/Src/usbd_ctlreq.c.obj
 .text.USBD_StdDevReq
                0x08009dcc       0x76 CMakeFiles/I2STEST.elf.dir/Middlewares/ST/STM32_USB_Device_Library/Core/Src/usbd_ctlreq.c.obj
                0x08009dcc                USBD_StdDevReq
 .text.USBD_StdItfReq
                0x08009e42       0x84 CMakeFiles/I2STEST.elf.dir/Middlewares/ST/STM32_USB_Device_Library/Core/Src/usbd_ctlreq.c.obj
                0x08009e42                USBD_StdItfReq
 .text.USBD_StdEPReq
                0x08009ec6      0x232 CMakeFiles/I2STEST.elf.dir/Middlewares/ST/STM32_USB_Device_Library/Core/Src/usbd_ctlreq.c.obj
                0x08009ec6                USBD_StdEPReq
 .text.USBD_GetString
                0x0800a0f8       0x46 CMakeFiles/I2STEST.elf.dir/Middlewares/ST/STM32_USB_Device_Library/Core/Src/usbd_ctlreq.c.obj
                0x0800a0f8                USBD_GetString
 .text.USBD_CtlSendData
                0x0800a13e       0x1a CMakeFiles/I2STEST.elf.dir/Middlewares/ST/STM32_USB_Device_Library/Core/Src/usbd_ioreq.c.obj
                0x0800a13e                USBD_CtlSendData
 .text.USBD_CtlContinueSendData
                0x0800a158       0x10 CMakeFiles/I2STEST.elf.dir/Middlewares/ST/STM32_USB_Device_Library/Core/Src/usbd_ioreq.c.obj
                0x0800a158                USBD_CtlContinueSendData
 .text.USBD_CtlPrepareRx
                0x0800a168       0x1e CMakeFiles/I2STEST.elf.dir/Middlewares/ST/STM32_USB_Device_Library/Core/Src/usbd_ioreq.c.obj
                0x0800a168                USBD_CtlPrepareRx
 .text.USBD_CtlContinueRx
                0x0800a186       0x10 CMakeFiles/I2STEST.elf.dir/Middlewares/ST/STM32_USB_Device_Library/Core/Src/usbd_ioreq.c.obj
                0x0800a186                USBD_CtlContinueRx
 .text.USBD_CtlSendStatus
                0x0800a196       0x16 CMakeFiles/I2STEST.elf.dir/Middlewares/ST/STM32_USB_Device_Library/Core/Src/usbd_ioreq.c.obj
                0x0800a196                USBD_CtlSendStatus
 .text.USBD_CtlReceiveStatus
                0x0800a1ac       0x16 CMakeFiles/I2STEST.elf.dir/Middlewares/ST/STM32_USB_Device_Library/Core/Src/usbd_ioreq.c.obj
                0x0800a1ac                USBD_CtlReceiveStatus
 *fill*         0x0800a1c2        0x2 
 .text.MX_GPIO_Init
                0x0800a1c4      0x158 CMakeFiles/I2STEST.elf.dir/Src/main.c.obj
 .text.MX_DMA_Init
                0x0800a31c       0x44 CMakeFiles/I2STEST.elf.dir/Src/main.c.obj
 .text.MX_NVIC_Init
                0x0800a360       0xf4 CMakeFiles/I2STEST.elf.dir/Src/main.c.obj
 .text._write   0x0800a454       0x44 CMakeFiles/I2STEST.elf.dir/Src/main.c.obj
                0x0800a454                _write
 .text.checkScreensaver
                0x0800a498       0xa4 CMakeFiles/I2STEST.elf.dir/Src/main.c.obj
                0x0800a498                checkScreensaver
 .text.ReadTouch
                0x0800a53c      0x6cc CMakeFiles/I2STEST.elf.dir/Src/main.c.obj
                0x0800a53c                ReadTouch
 .text.Error_Handler
                0x0800ac08        0x4 CMakeFiles/I2STEST.elf.dir/Src/main.c.obj
                0x0800ac08                Error_Handler
 .text.MX_LTDC_Init
                0x0800ac0c      0x108 CMakeFiles/I2STEST.elf.dir/Src/main.c.obj
 .text.MX_USART1_UART_Init
                0x0800ad14       0x38 CMakeFiles/I2STEST.elf.dir/Src/main.c.obj
 .text.MX_I2C1_Init
                0x0800ad4c       0x54 CMakeFiles/I2STEST.elf.dir/Src/main.c.obj
 .text.MX_I2S2_Init
                0x0800ada0       0x3c CMakeFiles/I2STEST.elf.dir/Src/main.c.obj
 .text.MX_DMA2D_Init
                0x0800addc       0x3c CMakeFiles/I2STEST.elf.dir/Src/main.c.obj
 .text.MX_QUADSPI_Init
                0x0800ae18       0x34 CMakeFiles/I2STEST.elf.dir/Src/main.c.obj
 .text.MX_FMC_Init
                0x0800ae4c       0x60 CMakeFiles/I2STEST.elf.dir/Src/main.c.obj
 .text.MX_SAI1_Init
                0x0800aeac       0x40 CMakeFiles/I2STEST.elf.dir/Src/main.c.obj
 .text.SystemClock_Config
                0x0800aeec       0xc4 CMakeFiles/I2STEST.elf.dir/Src/main.c.obj
                0x0800aeec                SystemClock_Config
 .text.PeriphCommonClock_Config
                0x0800afb0       0x3c CMakeFiles/I2STEST.elf.dir/Src/main.c.obj
                0x0800afb0                PeriphCommonClock_Config
 .text.main     0x0800afec      0x218 CMakeFiles/I2STEST.elf.dir/Src/main.c.obj
                0x0800afec                main
 .text.HAL_FMC_MspInit
                0x0800b204       0xc4 CMakeFiles/I2STEST.elf.dir/Src/stm32f7xx_hal_msp.c.obj
 .text.HAL_MspInit
                0x0800b2c8       0x30 CMakeFiles/I2STEST.elf.dir/Src/stm32f7xx_hal_msp.c.obj
                0x0800b2c8                HAL_MspInit
 .text.HAL_DMA2D_MspInit
                0x0800b2f8       0x2c CMakeFiles/I2STEST.elf.dir/Src/stm32f7xx_hal_msp.c.obj
                0x0800b2f8                HAL_DMA2D_MspInit
 .text.HAL_I2C_MspInit
                0x0800b324       0x8c CMakeFiles/I2STEST.elf.dir/Src/stm32f7xx_hal_msp.c.obj
                0x0800b324                HAL_I2C_MspInit
 .text.HAL_I2C_MspDeInit
                0x0800b3b0       0x48 CMakeFiles/I2STEST.elf.dir/Src/stm32f7xx_hal_msp.c.obj
                0x0800b3b0                HAL_I2C_MspDeInit
 .text.HAL_I2S_MspInit
                0x0800b3f8      0x124 CMakeFiles/I2STEST.elf.dir/Src/stm32f7xx_hal_msp.c.obj
                0x0800b3f8                HAL_I2S_MspInit
 .text.HAL_LTDC_MspInit
                0x0800b51c      0x114 CMakeFiles/I2STEST.elf.dir/Src/stm32f7xx_hal_msp.c.obj
                0x0800b51c                HAL_LTDC_MspInit
 .text.HAL_QSPI_MspInit
                0x0800b630       0xe4 CMakeFiles/I2STEST.elf.dir/Src/stm32f7xx_hal_msp.c.obj
                0x0800b630                HAL_QSPI_MspInit
 .text.HAL_QSPI_MspDeInit
                0x0800b714       0x4c CMakeFiles/I2STEST.elf.dir/Src/stm32f7xx_hal_msp.c.obj
                0x0800b714                HAL_QSPI_MspDeInit
 .text.HAL_UART_MspInit
                0x0800b760       0xb8 CMakeFiles/I2STEST.elf.dir/Src/stm32f7xx_hal_msp.c.obj
                0x0800b760                HAL_UART_MspInit
 .text.HAL_SDRAM_MspInit
                0x0800b818        0x8 CMakeFiles/I2STEST.elf.dir/Src/stm32f7xx_hal_msp.c.obj
                0x0800b818                HAL_SDRAM_MspInit
 .text.HAL_SAI_MspInit
                0x0800b820       0xd0 CMakeFiles/I2STEST.elf.dir/Src/stm32f7xx_hal_msp.c.obj
                0x0800b820                HAL_SAI_MspInit
 .text.NMI_Handler
                0x0800b8f0        0x2 CMakeFiles/I2STEST.elf.dir/Src/stm32f7xx_it.c.obj
                0x0800b8f0                NMI_Handler
 .text.HardFault_Handler
                0x0800b8f2        0x2 CMakeFiles/I2STEST.elf.dir/Src/stm32f7xx_it.c.obj
                0x0800b8f2                HardFault_Handler
 .text.MemManage_Handler
                0x0800b8f4        0x2 CMakeFiles/I2STEST.elf.dir/Src/stm32f7xx_it.c.obj
                0x0800b8f4                MemManage_Handler
 .text.BusFault_Handler
                0x0800b8f6        0x2 CMakeFiles/I2STEST.elf.dir/Src/stm32f7xx_it.c.obj
                0x0800b8f6                BusFault_Handler
 .text.UsageFault_Handler
                0x0800b8f8        0x2 CMakeFiles/I2STEST.elf.dir/Src/stm32f7xx_it.c.obj
                0x0800b8f8                UsageFault_Handler
 .text.SVC_Handler
                0x0800b8fa        0x2 CMakeFiles/I2STEST.elf.dir/Src/stm32f7xx_it.c.obj
                0x0800b8fa                SVC_Handler
 .text.DebugMon_Handler
                0x0800b8fc        0x2 CMakeFiles/I2STEST.elf.dir/Src/stm32f7xx_it.c.obj
                0x0800b8fc                DebugMon_Handler
 .text.PendSV_Handler
                0x0800b8fe        0x2 CMakeFiles/I2STEST.elf.dir/Src/stm32f7xx_it.c.obj
                0x0800b8fe                PendSV_Handler
 .text.SysTick_Handler
                0x0800b900        0x8 CMakeFiles/I2STEST.elf.dir/Src/stm32f7xx_it.c.obj
                0x0800b900                SysTick_Handler
 .text.PVD_IRQHandler
                0x0800b908        0x8 CMakeFiles/I2STEST.elf.dir/Src/stm32f7xx_it.c.obj
                0x0800b908                PVD_IRQHandler
 .text.FLASH_IRQHandler
                0x0800b910        0x8 CMakeFiles/I2STEST.elf.dir/Src/stm32f7xx_it.c.obj
                0x0800b910                FLASH_IRQHandler
 .text.RCC_IRQHandler
                0x0800b918        0x2 CMakeFiles/I2STEST.elf.dir/Src/stm32f7xx_it.c.obj
                0x0800b918                RCC_IRQHandler
 *fill*         0x0800b91a        0x2 
 .text.DMA1_Stream4_IRQHandler
                0x0800b91c       0x10 CMakeFiles/I2STEST.elf.dir/Src/stm32f7xx_it.c.obj
                0x0800b91c                DMA1_Stream4_IRQHandler
 .text.I2C1_EV_IRQHandler
                0x0800b92c       0x10 CMakeFiles/I2STEST.elf.dir/Src/stm32f7xx_it.c.obj
                0x0800b92c                I2C1_EV_IRQHandler
 .text.I2C1_ER_IRQHandler
                0x0800b93c       0x10 CMakeFiles/I2STEST.elf.dir/Src/stm32f7xx_it.c.obj
                0x0800b93c                I2C1_ER_IRQHandler
 .text.SPI2_IRQHandler
                0x0800b94c       0x10 CMakeFiles/I2STEST.elf.dir/Src/stm32f7xx_it.c.obj
                0x0800b94c                SPI2_IRQHandler
 .text.USART1_IRQHandler
                0x0800b95c       0x10 CMakeFiles/I2STEST.elf.dir/Src/stm32f7xx_it.c.obj
                0x0800b95c                USART1_IRQHandler
 .text.FMC_IRQHandler
                0x0800b96c       0x10 CMakeFiles/I2STEST.elf.dir/Src/stm32f7xx_it.c.obj
                0x0800b96c                FMC_IRQHandler
 .text.DMA2_Stream4_IRQHandler
                0x0800b97c       0x10 CMakeFiles/I2STEST.elf.dir/Src/stm32f7xx_it.c.obj
                0x0800b97c                DMA2_Stream4_IRQHandler
 .text.OTG_FS_IRQHandler
                0x0800b98c       0x10 CMakeFiles/I2STEST.elf.dir/Src/stm32f7xx_it.c.obj
                0x0800b98c                OTG_FS_IRQHandler
 .text.FPU_IRQHandler
                0x0800b99c        0x2 CMakeFiles/I2STEST.elf.dir/Src/stm32f7xx_it.c.obj
                0x0800b99c                FPU_IRQHandler
 *fill*         0x0800b99e        0x2 
 .text.SAI1_IRQHandler
                0x0800b9a0       0x10 CMakeFiles/I2STEST.elf.dir/Src/stm32f7xx_it.c.obj
                0x0800b9a0                SAI1_IRQHandler
 .text.LTDC_IRQHandler
                0x0800b9b0       0x10 CMakeFiles/I2STEST.elf.dir/Src/stm32f7xx_it.c.obj
                0x0800b9b0                LTDC_IRQHandler
 .text.LTDC_ER_IRQHandler
                0x0800b9c0       0x10 CMakeFiles/I2STEST.elf.dir/Src/stm32f7xx_it.c.obj
                0x0800b9c0                LTDC_ER_IRQHandler
 .text.DMA2D_IRQHandler
                0x0800b9d0       0x10 CMakeFiles/I2STEST.elf.dir/Src/stm32f7xx_it.c.obj
                0x0800b9d0                DMA2D_IRQHandler
 .text.QUADSPI_IRQHandler
                0x0800b9e0       0x10 CMakeFiles/I2STEST.elf.dir/Src/stm32f7xx_it.c.obj
                0x0800b9e0                QUADSPI_IRQHandler
 .text._getpid  0x0800b9f0        0x4 CMakeFiles/I2STEST.elf.dir/Src/syscalls.c.obj
                0x0800b9f0                _getpid
 .text._kill    0x0800b9f4       0x10 CMakeFiles/I2STEST.elf.dir/Src/syscalls.c.obj
                0x0800b9f4                _kill
 .text._exit    0x0800ba04        0xc CMakeFiles/I2STEST.elf.dir/Src/syscalls.c.obj
                0x0800ba04                _exit
 .text._read    0x0800ba10       0x20 CMakeFiles/I2STEST.elf.dir/Src/syscalls.c.obj
                0x0800ba10                _read
 .text._close   0x0800ba30        0x6 CMakeFiles/I2STEST.elf.dir/Src/syscalls.c.obj
                0x0800ba30                _close
 .text._fstat   0x0800ba36        0xa CMakeFiles/I2STEST.elf.dir/Src/syscalls.c.obj
                0x0800ba36                _fstat
 .text._isatty  0x0800ba40        0x4 CMakeFiles/I2STEST.elf.dir/Src/syscalls.c.obj
                0x0800ba40                _isatty
 .text._lseek   0x0800ba44        0x4 CMakeFiles/I2STEST.elf.dir/Src/syscalls.c.obj
                0x0800ba44                _lseek
 .text._sbrk    0x0800ba48       0x48 CMakeFiles/I2STEST.elf.dir/Src/sysmem.c.obj
                0x0800ba48                _sbrk
 .text.SystemInit
                0x0800ba90        0x2 CMakeFiles/I2STEST.elf.dir/Src/system_stm32f7xx.c.obj
                0x0800ba90                SystemInit
 *fill*         0x0800ba92        0x2 
 .text.MX_USB_DEVICE_Init
                0x0800ba94       0x54 CMakeFiles/I2STEST.elf.dir/Src/usb_device.c.obj
                0x0800ba94                MX_USB_DEVICE_Init
 .text.AUDIO_Init_FS
                0x0800bae8        0x4 CMakeFiles/I2STEST.elf.dir/Src/usbd_audio_if.c.obj
 .text.AUDIO_DeInit_FS
                0x0800baec        0x4 CMakeFiles/I2STEST.elf.dir/Src/usbd_audio_if.c.obj
 .text.AUDIO_VolumeCtl_FS
                0x0800baf0        0x4 CMakeFiles/I2STEST.elf.dir/Src/usbd_audio_if.c.obj
 .text.AUDIO_MuteCtl_FS
                0x0800baf4        0x4 CMakeFiles/I2STEST.elf.dir/Src/usbd_audio_if.c.obj
 .text.AUDIO_PeriodicTC_FS
                0x0800baf8        0x4 CMakeFiles/I2STEST.elf.dir/Src/usbd_audio_if.c.obj
 .text.AUDIO_GetState_FS
                0x0800bafc        0x4 CMakeFiles/I2STEST.elf.dir/Src/usbd_audio_if.c.obj
 .text.AUDIO_AudioCmd_FS
                0x0800bb00       0xcc CMakeFiles/I2STEST.elf.dir/Src/usbd_audio_if.c.obj
 .text.SystemClockConfig_Resume
                0x0800bbcc        0x8 CMakeFiles/I2STEST.elf.dir/Src/usbd_conf.c.obj
 .text.HAL_PCD_MspInit
                0x0800bbd4       0x9c CMakeFiles/I2STEST.elf.dir/Src/usbd_conf.c.obj
                0x0800bbd4                HAL_PCD_MspInit
 .text.HAL_PCD_SetupStageCallback
                0x0800bc70       0x10 CMakeFiles/I2STEST.elf.dir/Src/usbd_conf.c.obj
                0x0800bc70                HAL_PCD_SetupStageCallback
 .text.HAL_PCD_DataOutStageCallback
                0x0800bc80       0x18 CMakeFiles/I2STEST.elf.dir/Src/usbd_conf.c.obj
                0x0800bc80                HAL_PCD_DataOutStageCallback
 .text.HAL_PCD_DataInStageCallback
                0x0800bc98       0x16 CMakeFiles/I2STEST.elf.dir/Src/usbd_conf.c.obj
                0x0800bc98                HAL_PCD_DataInStageCallback
 .text.HAL_PCD_SOFCallback
                0x0800bcae        0xc CMakeFiles/I2STEST.elf.dir/Src/usbd_conf.c.obj
                0x0800bcae                HAL_PCD_SOFCallback
 .text.HAL_PCD_ResetCallback
                0x0800bcba       0x28 CMakeFiles/I2STEST.elf.dir/Src/usbd_conf.c.obj
                0x0800bcba                HAL_PCD_ResetCallback
 *fill*         0x0800bce2        0x2 
 .text.HAL_PCD_SuspendCallback
                0x0800bce4       0x30 CMakeFiles/I2STEST.elf.dir/Src/usbd_conf.c.obj
                0x0800bce4                HAL_PCD_SuspendCallback
 .text.HAL_PCD_ResumeCallback
                0x0800bd14        0xc CMakeFiles/I2STEST.elf.dir/Src/usbd_conf.c.obj
                0x0800bd14                HAL_PCD_ResumeCallback
 .text.HAL_PCD_ISOOUTIncompleteCallback
                0x0800bd20        0xc CMakeFiles/I2STEST.elf.dir/Src/usbd_conf.c.obj
                0x0800bd20                HAL_PCD_ISOOUTIncompleteCallback
 .text.HAL_PCD_ISOINIncompleteCallback
                0x0800bd2c        0xc CMakeFiles/I2STEST.elf.dir/Src/usbd_conf.c.obj
                0x0800bd2c                HAL_PCD_ISOINIncompleteCallback
 .text.HAL_PCD_ConnectCallback
                0x0800bd38        0xc CMakeFiles/I2STEST.elf.dir/Src/usbd_conf.c.obj
                0x0800bd38                HAL_PCD_ConnectCallback
 .text.HAL_PCD_DisconnectCallback
                0x0800bd44        0xc CMakeFiles/I2STEST.elf.dir/Src/usbd_conf.c.obj
                0x0800bd44                HAL_PCD_DisconnectCallback
 .text.USBD_LL_Init
                0x0800bd50       0x68 CMakeFiles/I2STEST.elf.dir/Src/usbd_conf.c.obj
                0x0800bd50                USBD_LL_Init
 .text.USBD_LL_IsStallEP
                0x0800bdb8       0x2c CMakeFiles/I2STEST.elf.dir/Src/usbd_conf.c.obj
                0x0800bdb8                USBD_LL_IsStallEP
 .text.USBD_LL_GetRxDataSize
                0x0800bde4        0xc CMakeFiles/I2STEST.elf.dir/Src/usbd_conf.c.obj
                0x0800bde4                USBD_LL_GetRxDataSize
 .text.HAL_PCDEx_LPM_Callback
                0x0800bdf0       0x60 CMakeFiles/I2STEST.elf.dir/Src/usbd_conf.c.obj
                0x0800bdf0                HAL_PCDEx_LPM_Callback
 .text.USBD_Get_USB_Status
                0x0800be50       0x14 CMakeFiles/I2STEST.elf.dir/Src/usbd_conf.c.obj
                0x0800be50                USBD_Get_USB_Status
 .text.USBD_LL_Start
                0x0800be64       0x10 CMakeFiles/I2STEST.elf.dir/Src/usbd_conf.c.obj
                0x0800be64                USBD_LL_Start
 .text.USBD_LL_OpenEP
                0x0800be74       0x16 CMakeFiles/I2STEST.elf.dir/Src/usbd_conf.c.obj
                0x0800be74                USBD_LL_OpenEP
 .text.USBD_LL_CloseEP
                0x0800be8a       0x10 CMakeFiles/I2STEST.elf.dir/Src/usbd_conf.c.obj
                0x0800be8a                USBD_LL_CloseEP
 .text.USBD_LL_StallEP
                0x0800be9a       0x10 CMakeFiles/I2STEST.elf.dir/Src/usbd_conf.c.obj
                0x0800be9a                USBD_LL_StallEP
 .text.USBD_LL_ClearStallEP
                0x0800beaa       0x10 CMakeFiles/I2STEST.elf.dir/Src/usbd_conf.c.obj
                0x0800beaa                USBD_LL_ClearStallEP
 .text.USBD_LL_SetUSBAddress
                0x0800beba       0x10 CMakeFiles/I2STEST.elf.dir/Src/usbd_conf.c.obj
                0x0800beba                USBD_LL_SetUSBAddress
 .text.USBD_LL_Transmit
                0x0800beca       0x10 CMakeFiles/I2STEST.elf.dir/Src/usbd_conf.c.obj
                0x0800beca                USBD_LL_Transmit
 .text.USBD_LL_PrepareReceive
                0x0800beda       0x10 CMakeFiles/I2STEST.elf.dir/Src/usbd_conf.c.obj
                0x0800beda                USBD_LL_PrepareReceive
 *fill*         0x0800beea        0x2 
 .text.USBD_FS_DeviceDescriptor
                0x0800beec        0xc CMakeFiles/I2STEST.elf.dir/Src/usbd_desc.c.obj
                0x0800beec                USBD_FS_DeviceDescriptor
 .text.USBD_FS_LangIDStrDescriptor
                0x0800bef8        0xc CMakeFiles/I2STEST.elf.dir/Src/usbd_desc.c.obj
                0x0800bef8                USBD_FS_LangIDStrDescriptor
 .text.USBD_FS_USR_BOSDescriptor
                0x0800bf04        0xc CMakeFiles/I2STEST.elf.dir/Src/usbd_desc.c.obj
                0x0800bf04                USBD_FS_USR_BOSDescriptor
 .text.IntToUnicode
                0x0800bf10       0x46 CMakeFiles/I2STEST.elf.dir/Src/usbd_desc.c.obj
 *fill*         0x0800bf56        0x2 
 .text.Get_SerialNum
                0x0800bf58       0x38 CMakeFiles/I2STEST.elf.dir/Src/usbd_desc.c.obj
 .text.USBD_FS_SerialStrDescriptor
                0x0800bf90       0x14 CMakeFiles/I2STEST.elf.dir/Src/usbd_desc.c.obj
                0x0800bf90                USBD_FS_SerialStrDescriptor
 .text.USBD_FS_ProductStrDescriptor
                0x0800bfa4       0x24 CMakeFiles/I2STEST.elf.dir/Src/usbd_desc.c.obj
                0x0800bfa4                USBD_FS_ProductStrDescriptor
 .text.USBD_FS_ManufacturerStrDescriptor
                0x0800bfc8       0x1c CMakeFiles/I2STEST.elf.dir/Src/usbd_desc.c.obj
                0x0800bfc8                USBD_FS_ManufacturerStrDescriptor
 .text.USBD_FS_ConfigStrDescriptor
                0x0800bfe4       0x24 CMakeFiles/I2STEST.elf.dir/Src/usbd_desc.c.obj
                0x0800bfe4                USBD_FS_ConfigStrDescriptor
 .text.USBD_FS_InterfaceStrDescriptor
                0x0800c008       0x24 CMakeFiles/I2STEST.elf.dir/Src/usbd_desc.c.obj
                0x0800c008                USBD_FS_InterfaceStrDescriptor
 .text.Reset_Handler
                0x0800c02c       0x50 CMakeFiles/I2STEST.elf.dir/Startup/startup_stm32f746nghx.s.obj
                0x0800c02c                Reset_Handler
 .text.Default_Handler
                0x0800c07c        0x2 CMakeFiles/I2STEST.elf.dir/Startup/startup_stm32f746nghx.s.obj
                0x0800c07c                DMA1_Stream3_IRQHandler
                0x0800c07c                EXTI2_IRQHandler
                0x0800c07c                TIM8_CC_IRQHandler
                0x0800c07c                UART8_IRQHandler
                0x0800c07c                SPI4_IRQHandler
                0x0800c07c                TIM1_CC_IRQHandler
                0x0800c07c                DMA2_Stream5_IRQHandler
                0x0800c07c                DMA1_Stream5_IRQHandler
                0x0800c07c                TAMP_STAMP_IRQHandler
                0x0800c07c                CAN2_RX1_IRQHandler
                0x0800c07c                EXTI3_IRQHandler
                0x0800c07c                TIM8_TRG_COM_TIM14_IRQHandler
                0x0800c07c                TIM1_UP_TIM10_IRQHandler
                0x0800c07c                TIM8_UP_TIM13_IRQHandler
                0x0800c07c                I2C3_ER_IRQHandler
                0x0800c07c                EXTI0_IRQHandler
                0x0800c07c                I2C2_EV_IRQHandler
                0x0800c07c                DMA1_Stream2_IRQHandler
                0x0800c07c                CAN1_RX0_IRQHandler
                0x0800c07c                OTG_HS_WKUP_IRQHandler
                0x0800c07c                CAN2_SCE_IRQHandler
                0x0800c07c                DMA2_Stream2_IRQHandler
                0x0800c07c                SPI1_IRQHandler
                0x0800c07c                TIM6_DAC_IRQHandler
                0x0800c07c                TIM1_BRK_TIM9_IRQHandler
                0x0800c07c                DCMI_IRQHandler
                0x0800c07c                CAN2_RX0_IRQHandler
                0x0800c07c                DMA2_Stream3_IRQHandler
                0x0800c07c                SAI2_IRQHandler
                0x0800c07c                USART6_IRQHandler
                0x0800c07c                USART3_IRQHandler
                0x0800c07c                CAN1_RX1_IRQHandler
                0x0800c07c                UART5_IRQHandler
                0x0800c07c                DMA2_Stream0_IRQHandler
                0x0800c07c                TIM4_IRQHandler
                0x0800c07c                DMA1_Stream6_IRQHandler
                0x0800c07c                DMA1_Stream1_IRQHandler
                0x0800c07c                UART4_IRQHandler
                0x0800c07c                TIM3_IRQHandler
                0x0800c07c                TIM8_BRK_TIM12_IRQHandler
                0x0800c07c                Default_Handler
                0x0800c07c                CEC_IRQHandler
                0x0800c07c                EXTI15_10_IRQHandler