Archive member included to satisfy reference by file (symbol)

/Applications/ArmGNUToolchain/13.2.Rel1/arm-none-eabi/bin/../lib/gcc/arm-none-eabi/13.2.1/thumb/v7e-m/nofp/libgcc.a(_arm_addsubsf3.o)
                              CMakeFiles/I2STEST.elf.dir/Drivers/BSP/Src/stm32746g_discovery_lcd.c.obj (__aeabi_i2f)
/Applications/ArmGNUToolchain/13.2.Rel1/arm-none-eabi/bin/../lib/gcc/arm-none-eabi/13.2.1/thumb/v7e-m/nofp/libgcc.a(_arm_muldivsf3.o)
                              CMakeFiles/I2STEST.elf.dir/Drivers/BSP/Src/stm32746g_discovery_lcd.c.obj (__aeabi_fdiv)
/Applications/ArmGNUToolchain/13.2.Rel1/arm-none-eabi/bin/../lib/gcc/arm-none-eabi/13.2.1/thumb/v7e-m/nofp/libgcc.a(_arm_fixunssfsi.o)
                              CMakeFiles/I2STEST.elf.dir/Drivers/BSP/Src/stm32746g_discovery_lcd.c.obj (__aeabi_f2uiz)
/Applications/ArmGNUToolchain/13.2.Rel1/arm-none-eabi/bin/../lib/gcc/arm-none-eabi/13.2.1/thumb/v7e-m/nofp/libgcc.a(_aeabi_uldivmod.o)
                              CMakeFiles/I2STEST.elf.dir/Drivers/STM32F7xx_HAL_Driver/Src/stm32f7xx_hal_rcc.c.obj (__aeabi_uldivmod)
/Applications/ArmGNUToolchain/13.2.Rel1/arm-none-eabi/bin/../lib/gcc/arm-none-eabi/13.2.1/thumb/v7e-m/nofp/libgcc.a(_udivmoddi4.o)
                              /Applications/ArmGNUToolchain/13.2.Rel1/arm-none-eabi/bin/../lib/gcc/arm-none-eabi/13.2.1/thumb/v7e-m/nofp/libgcc.a(_aeabi_uldivmod.o) (__udivmoddi4)
/Applications/ArmGNUToolchain/13.2.Rel1/arm-none-eabi/bin/../lib/gcc/arm-none-eabi/13.2.1/thumb/v7e-m/nofp/libgcc.a(_dvmd_tls.o)
                              /Applications/ArmGNUToolchain/13.2.Rel1/arm-none-eabi/bin/../lib/gcc/arm-none-eabi/13.2.1/thumb/v7e-m/nofp/libgcc.a(_aeabi_uldivmod.o) (__aeabi_ldiv0)
/Applications/ArmGNUToolchain/13.2.Rel1/arm-none-eabi/bin/../lib/gcc/arm-none-eabi/13.2.1/../../../../arm-none-eabi/lib/thumb/v7e-m/nofp/libg.a(libc_a-exit.o)
                              /Applications/ArmGNUToolchain/13.2.Rel1/arm-none-eabi/bin/../lib/gcc/arm-none-eabi/13.2.1/../../../../arm-none-eabi/lib/thumb/v7e-m/nofp/crt0.o (exit)
/Applications/ArmGNUToolchain/13.2.Rel1/arm-none-eabi/bin/../lib/gcc/arm-none-eabi/13.2.1/../../../../arm-none-eabi/lib/thumb/v7e-m/nofp/libg.a(libc_a-malloc.o)
                              CMakeFiles/I2STEST.elf.dir/Middlewares/ST/STM32_USB_Device_Library/Class/AUDIO/Src/usbd_audio.c.obj (malloc)
/Applications/ArmGNUToolchain/13.2.Rel1/arm-none-eabi/bin/../lib/gcc/arm-none-eabi/13.2.1/../../../../arm-none-eabi/lib/thumb/v7e-m/nofp/libg.a(libc_a-mallocr.o)
                              /Applications/ArmGNUToolchain/13.2.Rel1/arm-none-eabi/bin/../lib/gcc/arm-none-eabi/13.2.1/../../../../arm-none-eabi/lib/thumb/v7e-m/nofp/libg.a(libc_a-malloc.o) (_malloc_r)
/Applications/ArmGNUToolchain/13.2.Rel1/arm-none-eabi/bin/../lib/gcc/arm-none-eabi/13.2.1/../../../../arm-none-eabi/lib/thumb/v7e-m/nofp/libg.a(libc_a-printf.o)
                              CMakeFiles/I2STEST.elf.dir/Src/main.c.obj (printf)
/Applications/ArmGNUToolchain/13.2.Rel1/arm-none-eabi/bin/../lib/gcc/arm-none-eabi/13.2.1/../../../../arm-none-eabi/lib/thumb/v7e-m/nofp/libg.a(libc_a-vfprintf.o)
                              /Applications/ArmGNUToolchain/13.2.Rel1/arm-none-eabi/bin/../lib/gcc/arm-none-eabi/13.2.1/../../../../arm-none-eabi/lib/thumb/v7e-m/nofp/libg.a(libc_a-printf.o) (_vfprintf_r)
/Applications/ArmGNUToolchain/13.2.Rel1/arm-none-eabi/bin/../lib/gcc/arm-none-eabi/13.2.1/../../../../arm-none-eabi/lib/thumb/v7e-m/nofp/libg.a(libc_a-vfiprintf.o)
                              /Applications/ArmGNUToolchain/13.2.Rel1/arm-none-eabi/bin/../lib/gcc/arm-none-eabi/13.2.1/../../../../arm-none-eabi/lib/thumb/v7e-m/nofp/libg.a(libc_a-vfprintf.o) (__sprint_r)
/Applications/ArmGNUToolchain/13.2.Rel1/arm-none-eabi/bin/../lib/gcc/arm-none-eabi/13.2.1/../../../../arm-none-eabi/lib/thumb/v7e-m/nofp/libg.a(libc_a-mlock.o)
                              /Applications/ArmGNUToolchain/13.2.Rel1/arm-none-eabi/bin/../lib/gcc/arm-none-eabi/13.2.1/../../../../arm-none-eabi/lib/thumb/v7e-m/nofp/libg.a(libc_a-mallocr.o) (__malloc_lock)
/Applications/ArmGNUToolchain/13.2.Rel1/arm-none-eabi/bin/../lib/gcc/arm-none-eabi/13.2.1/../../../../arm-none-eabi/lib/thumb/v7e-m/nofp/libg.a(libc_a-puts.o)
                              CMakeFiles/I2STEST.elf.dir/Src/main.c.obj (puts)
/Applications/ArmGNUToolchain/13.2.Rel1/arm-none-eabi/bin/../lib/gcc/arm-none-eabi/13.2.1/../../../../arm-none-eabi/lib/thumb/v7e-m/nofp/libg.a(libc_a-fflush.o)
                              /Applications/ArmGNUToolchain/13.2.Rel1/arm-none-eabi/bin/../lib/gcc/arm-none-eabi/13.2.1/../../../../arm-none-eabi/lib/thumb/v7e-m/nofp/libg.a(libc_a-vfprintf.o) (_fflush_r)
/Applications/ArmGNUToolchain/13.2.Rel1/arm-none-eabi/bin/../lib/gcc/arm-none-eabi/13.2.1/../../../../arm-none-eabi/lib/thumb/v7e-m/nofp/libg.a(libc_a-findfp.o)
[...]
Memory Configuration

Name             Origin             Length             Attributes
RAM              0x20000000         0x00050000         xrw
FLASH            0x08000000         0x00100000         xr
*default*        0x00000000         0xffffffff

Linker script and memory map

LOAD /Applications/ArmGNUToolchain/13.2.Rel1/arm-none-eabi/bin/../lib/gcc/arm-none-eabi/13.2.1/thumb/v7e-m/nofp/crti.o
LOAD /Applications/ArmGNUToolchain/13.2.Rel1/arm-none-eabi/bin/../lib/gcc/arm-none-eabi/13.2.1/thumb/v7e-m/nofp/crtbegin.o
LOAD /Applications/ArmGNUToolchain/13.2.Rel1/arm-none-eabi/bin/../lib/gcc/arm-none-eabi/13.2.1/../../../../arm-none-eabi/lib/thumb/v7e-m/nofp/crt0.o
LOAD CMakeFiles/I2STEST.elf.dir/Drivers/BSP/Components/lan8742/lan8742.c.obj
LOAD CMakeFiles/I2STEST.elf.dir/Drivers/BSP/Fonts/font12.c.obj
LOAD CMakeFiles/I2STEST.elf.dir/Drivers/BSP/Fonts/font16.c.obj
LOAD CMakeFiles/I2STEST.elf.dir/Drivers/BSP/Fonts/font20.c.obj
LOAD CMakeFiles/I2STEST.elf.dir/Drivers/BSP/Fonts/font24.c.obj
LOAD CMakeFiles/I2STEST.elf.dir/Drivers/BSP/Fonts/font8.c.obj
LOAD CMakeFiles/I2STEST.elf.dir/Drivers/BSP/Src/ft5336.c.obj
LOAD CMakeFiles/I2STEST.elf.dir/Drivers/BSP/Src/stm32746g_discovery.c.obj
LOAD CMakeFiles/I2STEST.elf.dir/Drivers/BSP/Src/stm32746g_discovery_eeprom.c.obj
LOAD CMakeFiles/I2STEST.elf.dir/Drivers/BSP/Src/stm32746g_discovery_lcd.c.obj
LOAD CMakeFiles/I2STEST.elf.dir/Drivers/BSP/Src/stm32746g_discovery_qspi.c.obj
LOAD CMakeFiles/I2STEST.elf.dir/Drivers/BSP/Src/stm32746g_discovery_sdram.c.obj
LOAD CMakeFiles/I2STEST.elf.dir/Drivers/BSP/Src/stm32746g_discovery_ts.c.obj
LOAD CMakeFiles/I2STEST.elf.dir/Drivers/STM32F7xx_HAL_Driver/Src/stm32f7xx_hal.c.obj
LOAD CMakeFiles/I2STEST.elf.dir/Drivers/STM32F7xx_HAL_Driver/Src/stm32f7xx_hal_cortex.c.obj
LOAD CMakeFiles/I2STEST.elf.dir/Drivers/STM32F7xx_HAL_Driver/Src/stm32f7xx_hal_dma.c.obj
LOAD CMakeFiles/I2STEST.elf.dir/Drivers/STM32F7xx_HAL_Driver/Src/stm32f7xx_hal_dma2d.c.obj
LOAD CMakeFiles/I2STEST.elf.dir/Drivers/STM32F7xx_HAL_Driver/Src/stm32f7xx_hal_dma_ex.c.obj
LOAD CMakeFiles/I2STEST.elf.dir/Drivers/STM32F7xx_HAL_Driver/Src/stm32f7xx_hal_dsi.c.obj
LOAD CMakeFiles/I2STEST.elf.dir/Drivers/STM32F7xx_HAL_Driver/Src/stm32f7xx_hal_exti.c.obj
LOAD CMakeFiles/I2STEST.elf.dir/Drivers/STM32F7xx_HAL_Driver/Src/stm32f7xx_hal_flash.c.obj
LOAD CMakeFiles/I2STEST.elf.dir/Drivers/STM32F7xx_HAL_Driver/Src/stm32f7xx_hal_flash_ex.c.obj
LOAD CMakeFiles/I2STEST.elf.dir/Drivers/STM32F7xx_HAL_Driver/Src/stm32f7xx_hal_gpio.c.obj
LOAD CMakeFiles/I2STEST.elf.dir/Drivers/STM32F7xx_HAL_Driver/Src/stm32f7xx_hal_i2c.c.obj
LOAD CMakeFiles/I2STEST.elf.dir/Drivers/STM32F7xx_HAL_Driver/Src/stm32f7xx_hal_i2c_ex.c.obj
LOAD CMakeFiles/I2STEST.elf.dir/Drivers/STM32F7xx_HAL_Driver/Src/stm32f7xx_hal_i2s.c.obj
LOAD CMakeFiles/I2STEST.elf.dir/Drivers/STM32F7xx_HAL_Driver/Src/stm32f7xx_hal_ltdc.c.obj
LOAD CMakeFiles/I2STEST.elf.dir/Drivers/STM32F7xx_HAL_Driver/Src/stm32f7xx_hal_ltdc_ex.c.obj
LOAD CMakeFiles/I2STEST.elf.dir/Drivers/STM32F7xx_HAL_Driver/Src/stm32f7xx_hal_pcd.c.obj
LOAD CMakeFiles/I2STEST.elf.dir/Drivers/STM32F7xx_HAL_Driver/Src/stm32f7xx_hal_pcd_ex.c.obj
LOAD CMakeFiles/I2STEST.elf.dir/Drivers/STM32F7xx_HAL_Driver/Src/stm32f7xx_hal_pwr.c.obj
LOAD CMakeFiles/I2STEST.elf.dir/Drivers/STM32F7xx_HAL_Driver/Src/stm32f7xx_hal_pwr_ex.c.obj
LOAD CMakeFiles/I2STEST.elf.dir/Drivers/STM32F7xx_HAL_Driver/Src/stm32f7xx_hal_qspi.c.obj
LOAD CMakeFiles/I2STEST.elf.dir/Drivers/STM32F7xx_HAL_Driver/Src/stm32f7xx_hal_rcc.c.obj
LOAD CMakeFiles/I2STEST.elf.dir/Drivers/STM32F7xx_HAL_Driver/Src/stm32f7xx_hal_rcc_ex.c.obj
LOAD CMakeFiles/I2STEST.elf.dir/Drivers/STM32F7xx_HAL_Driver/Src/stm32f7xx_hal_sai.c.obj
LOAD CMakeFiles/I2STEST.elf.dir/Drivers/STM32F7xx_HAL_Driver/Src/stm32f7xx_hal_sai_ex.c.obj
LOAD CMakeFiles/I2STEST.elf.dir/Drivers/STM32F7xx_HAL_Driver/Src/stm32f7xx_hal_sdram.c.obj
LOAD CMakeFiles/I2STEST.elf.dir/Drivers/STM32F7xx_HAL_Driver/Src/stm32f7xx_hal_tim.c.obj
LOAD CMakeFiles/I2STEST.elf.dir/Drivers/STM32F7xx_HAL_Driver/Src/stm32f7xx_hal_tim_ex.c.obj
LOAD CMakeFiles/I2STEST.elf.dir/Drivers/STM32F7xx_HAL_Driver/Src/stm32f7xx_hal_uart.c.obj
LOAD CMakeFiles/I2STEST.elf.dir/Drivers/STM32F7xx_HAL_Driver/Src/stm32f7xx_hal_uart_ex.c.obj
LOAD CMakeFiles/I2STEST.elf.dir/Drivers/STM32F7xx_HAL_Driver/Src/stm32f7xx_ll_fmc.c.obj
LOAD CMakeFiles/I2STEST.elf.dir/Drivers/STM32F7xx_HAL_Driver/Src/stm32f7xx_ll_usb.c.obj
LOAD CMakeFiles/I2STEST.elf.dir/Middlewares/ST/STM32_USB_Device_Library/Class/AUDIO/Src/usbd_audio.c.obj
LOAD CMakeFiles/I2STEST.elf.dir/Middlewares/ST/STM32_USB_Device_Library/Core/Src/usbd_core.c.obj
LOAD CMakeFiles/I2STEST.elf.dir/Middlewares/ST/STM32_USB_Device_Library/Core/Src/usbd_ctlreq.c.obj
LOAD CMakeFiles/I2STEST.elf.dir/Middlewares/ST/STM32_USB_Device_Library/Core/Src/usbd_ioreq.c.obj
LOAD CMakeFiles/I2STEST.elf.dir/Src/main.c.obj
LOAD CMakeFiles/I2STEST.elf.dir/Src/stm32f7xx_hal_msp.c.obj
LOAD CMakeFiles/I2STEST.elf.dir/Src/stm32f7xx_it.c.obj
LOAD CMakeFiles/I2STEST.elf.dir/Src/syscalls.c.obj
LOAD CMakeFiles/I2STEST.elf.dir/Src/sysmem.c.obj
LOAD CMakeFiles/I2STEST.elf.dir/Src/system_stm32f7xx.c.obj
LOAD CMakeFiles/I2STEST.elf.dir/Src/usb_device.c.obj
LOAD CMakeFiles/I2STEST.elf.dir/Src/usbd_audio_if.c.obj
LOAD CMakeFiles/I2STEST.elf.dir/Src/usbd_conf.c.obj
LOAD CMakeFiles/I2STEST.elf.dir/Src/usbd_desc.c.obj
LOAD CMakeFiles/I2STEST.elf.dir/Startup/startup_stm32f746nghx.s.obj
START GROUP
LOAD /Applications/ArmGNUToolchain/13.2.Rel1/arm-none-eabi/bin/../lib/gcc/arm-none-eabi/13.2.1/thumb/v7e-m/nofp/libgcc.a
LOAD /Applications/ArmGNUToolchain/13.2.Rel1/arm-none-eabi/bin/../lib/gcc/arm-none-eabi/13.2.1/../../../../arm-none-eabi/lib/thumb/v7e-m/nofp/libg.a
LOAD /Applications/ArmGNUToolchain/13.2.Rel1/arm-none-eabi/bin/../lib/gcc/arm-none-eabi/13.2.1/../../../../arm-none-eabi/lib/thumb/v7e-m/nofp/libc.a
END GROUP
LOAD /Applications/ArmGNUToolchain/13.2.Rel1/arm-none-eabi/bin/../lib/gcc/arm-none-eabi/13.2.1/thumb/v7e-m/nofp/crtend.o
LOAD /Applications/ArmGNUToolchain/13.2.Rel1/arm-none-eabi/bin/../lib/gcc/arm-none-eabi/13.2.1/thumb/v7e-m/nofp/crtn.o
                0x20050000                        _estack = (ORIGIN (RAM) + LENGTH (RAM))
                0x00002000                        _Min_Heap_Size = 0x2000
                0x00004000                        _Min_Stack_Size = 0x4000

.isr_vector     0x08000000      0x1c8
                0x08000000                        . = ALIGN (0x4)
 *(.isr_vector)
 .isr_vector    0x08000000      0x1c8 CMakeFiles/I2STEST.elf.dir/Startup/startup_stm32f746nghx.s.obj
                0x08000000                g_pfnVectors
                0x080001c8                        . = ALIGN (0x4)

.text           0x08000200    0x12384
                0x08000200                        . = ALIGN (0x4)
 *(.text)
 .text          0x08000200       0x30 /Applications/ArmGNUToolchain/13.2.Rel1/arm-none-eabi/bin/../lib/gcc/arm-none-eabi/13.2.1/thumb/v7e-m/nofp/libgcc.a(_aeabi_uldivmod.o)
                0x08000200                __aeabi_uldivmod
 .text          0x08000230        0x4 /Applications/ArmGNUToolchain/13.2.Rel1/arm-none-eabi/bin/../lib/gcc/arm-none-eabi/13.2.1/thumb/v7e-m/nofp/libgcc.a(_dvmd_tls.o)
                0x08000230                __aeabi_ldiv0
                0x08000230                __aeabi_idiv0
 *fill*         0x08000234        0xc 
 .text          0x08000240       0xa0 /Applications/ArmGNUToolchain/13.2.Rel1/arm-none-eabi/bin/../lib/gcc/arm-none-eabi/13.2.1/../../../../arm-none-eabi/lib/thumb/v7e-m/nofp/libg.a(libc_a-memchr.o)
                0x08000240                memchr
 .text          0x080002e0      0x134 /Applications/ArmGNUToolchain/13.2.Rel1/arm-none-eabi/bin/../lib/gcc/arm-none-eabi/13.2.1/../../../../arm-none-eabi/lib/thumb/v7e-m/nofp/libg.a(libc_a-memcpy.o)
                0x080002e0                memcpy
 *fill*         0x08000414       0x2c 
 .text          0x08000440       0xd8 /Applications/ArmGNUToolchain/13.2.Rel1/arm-none-eabi/bin/../lib/gcc/arm-none-eabi/13.2.1/../../../../arm-none-eabi/lib/thumb/v7e-m/nofp/libg.a(libc_a-strlen.o)
                0x08000440                strlen
 .text          0x08000518      0x378 /Applications/ArmGNUToolchain/13.2.Rel1/arm-none-eabi/bin/../lib/gcc/arm-none-eabi/13.2.1/thumb/v7e-m/nofp/libgcc.a(_arm_addsubdf3.o)
                0x08000518                __aeabi_drsub
                0x08000520                __subdf3
                0x08000520                __aeabi_dsub
                0x08000524                __aeabi_dadd
                0x08000524                __adddf3
                0x0800079c                __aeabi_ui2d
                0x0800079c                __floatunsidf
                0x080007bc                __floatsidf
                0x080007bc                __aeabi_i2d
                0x080007e0                __extendsfdf2
                0x080007e0                __aeabi_f2d
                0x08000824                __aeabi_ul2d
                0x08000824                __floatundidf
                0x08000834                __aeabi_l2d
                0x08000834                __floatdidf
 .text          0x08000890      0x424 /Applications/ArmGNUToolchain/13.2.Rel1/arm-none-eabi/bin/../lib/gcc/arm-none-eabi/13.2.1/thumb/v7e-m/nofp/libgcc.a(_arm_muldivdf3.o)
                0x08000890                __aeabi_dmul
                0x08000890                __muldf3
                0x08000ae4                __aeabi_ddiv
                0x08000ae4                __divdf3
 .text          0x08000cb4      0x110 /Applications/ArmGNUToolchain/13.2.Rel1/arm-none-eabi/bin/../lib/gcc/arm-none-eabi/13.2.1/thumb/v7e-m/nofp/libgcc.a(_arm_cmpdf2.o)
                0x08000cb4                __gedf2
                0x08000cb4                __gtdf2
                0x08000cbc                __ledf2
                0x08000cbc                __ltdf2
                0x08000cc4                __cmpdf2
                0x08000cc4                __eqdf2
                0x08000cc4                __nedf2
                0x08000d40                __aeabi_cdrcmple
                0x08000d50                __aeabi_cdcmple
                0x08000d50                __aeabi_cdcmpeq
                0x08000d60                __aeabi_dcmpeq
                0x08000d74                __aeabi_dcmplt
                0x08000d88                __aeabi_dcmple
                0x08000d9c                __aeabi_dcmpge
                0x08000db0                __aeabi_dcmpgt
 .text          0x08000dc4       0x2c /Applications/ArmGNUToolchain/13.2.Rel1/arm-none-eabi/bin/../lib/gcc/arm-none-eabi/13.2.1/thumb/v7e-m/nofp/libgcc.a(_arm_unorddf2.o)
                0x08000dc4                __aeabi_dcmpun
                0x08000dc4                __unorddf2
 .text          0x08000df0       0x50 /Applications/ArmGNUToolchain/13.2.Rel1/arm-none-eabi/bin/../lib/gcc/arm-none-eabi/13.2.1/thumb/v7e-m/nofp/libgcc.a(_arm_fixdfsi.o)
                0x08000df0                __fixdfsi
                0x08000df0                __aeabi_d2iz
 *(.text*)
 .text.deregister_tm_clones
                0x08000e40       0x1c /Applications/ArmGNUToolchain/13.2.Rel1/arm-none-eabi/bin/../lib/gcc/arm-none-eabi/13.2.1/thumb/v7e-m/nofp/crtbegin.o
 .text.register_tm_clones
                0x08000e5c       0x24 /Applications/ArmGNUToolchain/13.2.Rel1/arm-none-eabi/bin/../lib/gcc/arm-none-eabi/13.2.1/thumb/v7e-m/nofp/crtbegin.o
 .text.__do_global_dtors_aux
                0x08000e80       0x28 /Applications/ArmGNUToolchain/13.2.Rel1/arm-none-eabi/bin/../lib/gcc/arm-none-eabi/13.2.1/thumb/v7e-m/nofp/crtbegin.o
 .text.frame_dummy
                0x08000ea8       0x24 /Applications/ArmGNUToolchain/13.2.Rel1/arm-none-eabi/bin/../lib/gcc/arm-none-eabi/13.2.1/thumb/v7e-m/nofp/crtbegin.o
 .text.ft5336_Reset
                0x08000ecc        0x2 CMakeFiles/I2STEST.elf.dir/Drivers/BSP/Src/ft5336.c.obj
                0x08000ecc                ft5336_Reset
 .text.ft5336_TS_ITStatus
                0x08000ece        0x4 CMakeFiles/I2STEST.elf.dir/Drivers/BSP/Src/ft5336.c.obj
                0x08000ece                ft5336_TS_ITStatus
 .text.ft5336_TS_ClearIT
                0x08000ed2        0x2 CMakeFiles/I2STEST.elf.dir/Drivers/BSP/Src/ft5336.c.obj
                0x08000ed2                ft5336_TS_ClearIT
 .text.ft5336_Get_I2C_InitializedStatus
                0x08000ed4        0xc CMakeFiles/I2STEST.elf.dir/Drivers/BSP/Src/ft5336.c.obj
 .text.ft5336_I2C_InitializeIfRequired
                0x08000ee0       0x1c CMakeFiles/I2STEST.elf.dir/Drivers/BSP/Src/ft5336.c.obj
 .text.ft5336_Init
                0x08000efc        0xe CMakeFiles/I2STEST.elf.dir/Drivers/BSP/Src/ft5336.c.obj
                0x08000efc                ft5336_Init
 .text.ft5336_ReadID
                0x08000f0a       0x44 CMakeFiles/I2STEST.elf.dir/Drivers/BSP/Src/ft5336.c.obj
                0x08000f0a                ft5336_ReadID
 *fill*         0x08000f4e        0x2 
 .text.ft5336_TS_DetectTouch
                0x08000f50       0x4c CMakeFiles/I2STEST.elf.dir/Drivers/BSP/Src/ft5336.c.obj
                0x08000f50                ft5336_TS_DetectTouch
 .text.ft5336_TS_GetXY
                0x08000f9c      0x154 CMakeFiles/I2STEST.elf.dir/Drivers/BSP/Src/ft5336.c.obj
                0x08000f9c                ft5336_TS_GetXY
 .text.ft5336_TS_EnableIT
                0x080010f0        0xe CMakeFiles/I2STEST.elf.dir/Drivers/BSP/Src/ft5336.c.obj
                0x080010f0                ft5336_TS_EnableIT
 .text.ft5336_TS_DisableIT
                0x080010fe        0xe CMakeFiles/I2STEST.elf.dir/Drivers/BSP/Src/ft5336.c.obj
                0x080010fe                ft5336_TS_DisableIT
 .text.ft5336_TS_Start
                0x0800110c        0x8 CMakeFiles/I2STEST.elf.dir/Drivers/BSP/Src/ft5336.c.obj
                0x0800110c                ft5336_TS_Start
 .text.ft5336_TS_GetGestureID
                0x08001114       0x22 CMakeFiles/I2STEST.elf.dir/Drivers/BSP/Src/ft5336.c.obj
                0x08001114                ft5336_TS_GetGestureID
 *fill*         0x08001136        0x2 
 .text.ft5336_TS_GetTouchInfo
                0x08001138       0xe0 CMakeFiles/I2STEST.elf.dir/Drivers/BSP/Src/ft5336.c.obj
                0x08001138                ft5336_TS_GetTouchInfo
 .text.I2Cx_MspInit
                0x08001218      0x128 CMakeFiles/I2STEST.elf.dir/Drivers/BSP/Src/stm32746g_discovery.c.obj
 .text.I2Cx_Init
                0x08001340       0x4c CMakeFiles/I2STEST.elf.dir/Drivers/BSP/Src/stm32746g_discovery.c.obj
 .text.I2Cx_Error
                0x0800138c       0x10 CMakeFiles/I2STEST.elf.dir/Drivers/BSP/Src/stm32746g_discovery.c.obj
 .text.I2Cx_WriteMultiple
                0x0800139c       0x30 CMakeFiles/I2STEST.elf.dir/Drivers/BSP/Src/stm32746g_discovery.c.obj
 .text.I2Cx_ReadMultiple
                0x080013cc       0x30 CMakeFiles/I2STEST.elf.dir/Drivers/BSP/Src/stm32746g_discovery.c.obj
 .text.TS_IO_Init
                0x080013fc       0x10 CMakeFiles/I2STEST.elf.dir/Drivers/BSP/Src/stm32746g_discovery.c.obj
                0x080013fc                TS_IO_Init
 .text.TS_IO_Write
                0x0800140c       0x28 CMakeFiles/I2STEST.elf.dir/Drivers/BSP/Src/stm32746g_discovery.c.obj
                0x0800140c                TS_IO_Write
 .text.TS_IO_Read
                0x08001434       0x2c CMakeFiles/I2STEST.elf.dir/Drivers/BSP/Src/stm32746g_discovery.c.obj
                0x08001434                TS_IO_Read
 .text.TS_IO_Delay
                0x08001460        0x8 CMakeFiles/I2STEST.elf.dir/Drivers/BSP/Src/stm32746g_discovery.c.obj
                0x08001460                TS_IO_Delay
 .text.LL_FillBuffer
                0x08001468       0x88 CMakeFiles/I2STEST.elf.dir/Drivers/BSP/Src/stm32746g_discovery_lcd.c.obj
 .text.BSP_LCD_GetXSize
                0x080014f0       0x18 CMakeFiles/I2STEST.elf.dir/Drivers/BSP/Src/stm32746g_discovery_lcd.c.obj
                0x080014f0                BSP_LCD_GetXSize
 .text.BSP_LCD_GetYSize
                0x08001508       0x18 CMakeFiles/I2STEST.elf.dir/Drivers/BSP/Src/stm32746g_discovery_lcd.c.obj
                0x08001508                BSP_LCD_GetYSize
 .text.BSP_LCD_LayerDefaultInit
                0x08001520       0x80 CMakeFiles/I2STEST.elf.dir/Drivers/BSP/Src/stm32746g_discovery_lcd.c.obj
                0x08001520                BSP_LCD_LayerDefaultInit
 .text.BSP_LCD_SelectLayer
                0x080015a0        0xc CMakeFiles/I2STEST.elf.dir/Drivers/BSP/Src/stm32746g_discovery_lcd.c.obj
                0x080015a0                BSP_LCD_SelectLayer
 .text.BSP_LCD_SetLayerVisible
                0x080015ac       0x40 CMakeFiles/I2STEST.elf.dir/Drivers/BSP/Src/stm32746g_discovery_lcd.c.obj
                0x080015ac                BSP_LCD_SetLayerVisible
 .text.BSP_LCD_SetTextColor
                0x080015ec       0x18 CMakeFiles/I2STEST.elf.dir/Drivers/BSP/Src/stm32746g_discovery_lcd.c.obj
                0x080015ec                BSP_LCD_SetTextColor
 .text.BSP_LCD_SetBackColor
                0x08001604       0x1c CMakeFiles/I2STEST.elf.dir/Drivers/BSP/Src/stm32746g_discovery_lcd.c.obj
                0x08001604                BSP_LCD_SetBackColor
 .text.BSP_LCD_SetFont
                0x08001620       0x1c CMakeFiles/I2STEST.elf.dir/Drivers/BSP/Src/stm32746g_discovery_lcd.c.obj
                0x08001620                BSP_LCD_SetFont
 .text.BSP_LCD_Clear
                0x0800163c       0x3c CMakeFiles/I2STEST.elf.dir/Drivers/BSP/Src/stm32746g_discovery_lcd.c.obj
                0x0800163c                BSP_LCD_Clear
 .text.BSP_LCD_FillRect
                0x08001678       0x94 CMakeFiles/I2STEST.elf.dir/Drivers/BSP/Src/stm32746g_discovery_lcd.c.obj
                0x08001678                BSP_LCD_FillRect
 .text.BSP_LCD_DisplayOn
                0x0800170c       0x34 CMakeFiles/I2STEST.elf.dir/Drivers/BSP/Src/stm32746g_discovery_lcd.c.obj
                0x0800170c                BSP_LCD_DisplayOn
 .text.BSP_LCD_MspInit
                0x08001740      0x148 CMakeFiles/I2STEST.elf.dir/Drivers/BSP/Src/stm32746g_discovery_lcd.c.obj
                0x08001740                BSP_LCD_MspInit
 .text.BSP_LCD_ClockConfig
                0x08001888       0x20 CMakeFiles/I2STEST.elf.dir/Drivers/BSP/Src/stm32746g_discovery_lcd.c.obj
                0x08001888                BSP_LCD_ClockConfig
 .text.BSP_LCD_Init
                0x080018a8       0xac CMakeFiles/I2STEST.elf.dir/Drivers/BSP/Src/stm32746g_discovery_lcd.c.obj
                0x080018a8                BSP_LCD_Init
 .text.QSPI_AutoPollingMemReady
                0x08001954       0x4a CMakeFiles/I2STEST.elf.dir/Drivers/BSP/Src/stm32746g_discovery_qspi.c.obj
 .text.QSPI_ResetMemory
                0x0800199e       0x5a CMakeFiles/I2STEST.elf.dir/Drivers/BSP/Src/stm32746g_discovery_qspi.c.obj
 .text.QSPI_WriteEnable
                0x080019f8       0x6a CMakeFiles/I2STEST.elf.dir/Drivers/BSP/Src/stm32746g_discovery_qspi.c.obj
 .text.QSPI_DummyCyclesCfg
                0x08001a62       0xa4 CMakeFiles/I2STEST.elf.dir/Drivers/BSP/Src/stm32746g_discovery_qspi.c.obj
 *fill*         0x08001b06        0x2 
 .text.BSP_QSPI_EnableMemoryMappedMode
                0x08001b08       0x4c CMakeFiles/I2STEST.elf.dir/Drivers/BSP/Src/stm32746g_discovery_qspi.c.obj
                0x08001b08                BSP_QSPI_EnableMemoryMappedMode
 .text.BSP_QSPI_MspInit
                0x08001b54      0x128 CMakeFiles/I2STEST.elf.dir/Drivers/BSP/Src/stm32746g_discovery_qspi.c.obj
                0x08001b54                BSP_QSPI_MspInit
 .text.BSP_QSPI_Init
                0x08001c7c       0x74 CMakeFiles/I2STEST.elf.dir/Drivers/BSP/Src/stm32746g_discovery_qspi.c.obj
                0x08001c7c                BSP_QSPI_Init
 .text.BSP_SDRAM_Initialization_sequence
                0x08001cf0       0x9c CMakeFiles/I2STEST.elf.dir/Drivers/BSP/Src/stm32746g_discovery_sdram.c.obj
                0x08001cf0                BSP_SDRAM_Initialization_sequence
 .text.BSP_SDRAM_MspInit
                0x08001d8c      0x178 CMakeFiles/I2STEST.elf.dir/Drivers/BSP/Src/stm32746g_discovery_sdram.c.obj
                0x08001d8c                BSP_SDRAM_MspInit
 .text.BSP_SDRAM_Init
                0x08001f04       0x80 CMakeFiles/I2STEST.elf.dir/Drivers/BSP/Src/stm32746g_discovery_sdram.c.obj
                0x08001f04                BSP_SDRAM_Init
 .text.BSP_TS_Init
                0x08001f84       0x50 CMakeFiles/I2STEST.elf.dir/Drivers/BSP/Src/stm32746g_discovery_ts.c.obj
                0x08001f84                BSP_TS_Init
 .text.BSP_TS_Get_GestureId
                0x08001fd4       0x8c CMakeFiles/I2STEST.elf.dir/Drivers/BSP/Src/stm32746g_discovery_ts.c.obj
                0x08001fd4                BSP_TS_Get_GestureId
 .text.BSP_TS_GetState
                0x08002060      0x1d0 CMakeFiles/I2STEST.elf.dir/Drivers/BSP/Src/stm32746g_discovery_ts.c.obj
                0x08002060                BSP_TS_GetState
 .text.HAL_InitTick
                0x08002230       0x4c CMakeFiles/I2STEST.elf.dir/Drivers/STM32F7xx_HAL_Driver/Src/stm32f7xx_hal.c.obj
                0x08002230                HAL_InitTick
 .text.HAL_Init
                0x0800227c       0x16 CMakeFiles/I2STEST.elf.dir/Drivers/STM32F7xx_HAL_Driver/Src/stm32f7xx_hal.c.obj
                0x0800227c                HAL_Init
 *fill*         0x08002292        0x2 
 .text.HAL_IncTick
                0x08002294       0x18 CMakeFiles/I2STEST.elf.dir/Drivers/STM32F7xx_HAL_Driver/Src/stm32f7xx_hal.c.obj
                0x08002294                HAL_IncTick
 .text.HAL_GetTick
                0x080022ac        0xc CMakeFiles/I2STEST.elf.dir/Drivers/STM32F7xx_HAL_Driver/Src/stm32f7xx_hal.c.obj
                0x080022ac                HAL_GetTick
 .text.HAL_Delay
                0x080022b8       0x28 CMakeFiles/I2STEST.elf.dir/Drivers/STM32F7xx_HAL_Driver/Src/stm32f7xx_hal.c.obj
                0x080022b8                HAL_Delay
 .text.__NVIC_DisableIRQ
                0x080022e0       0x24 CMakeFiles/I2STEST.elf.dir/Drivers/STM32F7xx_HAL_Driver/Src/stm32f7xx_hal_cortex.c.obj
 .text.__NVIC_SetPriority
                0x08002304       0x24 CMakeFiles/I2STEST.elf.dir/Drivers/STM32F7xx_HAL_Driver/Src/stm32f7xx_hal_cortex.c.obj
 .text.NVIC_EncodePriority
                0x08002328       0x3e CMakeFiles/I2STEST.elf.dir/Drivers/STM32F7xx_HAL_Driver/Src/stm32f7xx_hal_cortex.c.obj
 *fill*         0x08002366        0x2 
 .text.HAL_NVIC_SetPriorityGrouping
                0x08002368       0x24 CMakeFiles/I2STEST.elf.dir/Drivers/STM32F7xx_HAL_Driver/Src/stm32f7xx_hal_cortex.c.obj
                0x08002368                HAL_NVIC_SetPriorityGrouping
 .text.HAL_NVIC_SetPriority
                0x0800238c       0x20 CMakeFiles/I2STEST.elf.dir/Drivers/STM32F7xx_HAL_Driver/Src/stm32f7xx_hal_cortex.c.obj
                0x0800238c                HAL_NVIC_SetPriority
 .text.HAL_NVIC_EnableIRQ
                0x080023ac       0x1c CMakeFiles/I2STEST.elf.dir/Drivers/STM32F7xx_HAL_Driver/Src/stm32f7xx_hal_cortex.c.obj
                0x080023ac                HAL_NVIC_EnableIRQ
 .text.HAL_NVIC_DisableIRQ
                0x080023c8        0x8 CMakeFiles/I2STEST.elf.dir/Drivers/STM32F7xx_HAL_Driver/Src/stm32f7xx_hal_cortex.c.obj
                0x080023c8                HAL_NVIC_DisableIRQ
 .text.HAL_SYSTICK_Config
                0x080023d0       0x28 CMakeFiles/I2STEST.elf.dir/Drivers/STM32F7xx_HAL_Driver/Src/stm32f7xx_hal_cortex.c.obj
                0x080023d0                HAL_SYSTICK_Config
 .text.DMA_SetConfig
                0x080023f8       0x2c CMakeFiles/I2STEST.elf.dir/Drivers/STM32F7xx_HAL_Driver/Src/stm32f7xx_hal_dma.c.obj
 .text.DMA_CalcBaseAndBitshift
                0x08002424       0x38 CMakeFiles/I2STEST.elf.dir/Drivers/STM32F7xx_HAL_Driver/Src/stm32f7xx_hal_dma.c.obj
 .text.DMA_CheckFifoParam
                0x0800245c       0x8e CMakeFiles/I2STEST.elf.dir/Drivers/STM32F7xx_HAL_Driver/Src/stm32f7xx_hal_dma.c.obj
 *fill*         0x080024ea        0x2 
 .text.HAL_DMA_Init
                0x080024ec       0xd0 CMakeFiles/I2STEST.elf.dir/Drivers/STM32F7xx_HAL_Driver/Src/stm32f7xx_hal_dma.c.obj
                0x080024ec                HAL_DMA_Init
 .text.HAL_DMA_DeInit
                0x080025bc       0x64 CMakeFiles/I2STEST.elf.dir/Drivers/STM32F7xx_HAL_Driver/Src/stm32f7xx_hal_dma.c.obj
                0x080025bc                HAL_DMA_DeInit
 .text.HAL_DMA_Start_IT
                0x08002620       0x74 CMakeFiles/I2STEST.elf.dir/Drivers/STM32F7xx_HAL_Driver/Src/stm32f7xx_hal_dma.c.obj
                0x08002620                HAL_DMA_Start_IT
 .text.HAL_DMA_Abort
                0x08002694       0x94 CMakeFiles/I2STEST.elf.dir/Drivers/STM32F7xx_HAL_Driver/Src/stm32f7xx_hal_dma.c.obj
                0x08002694                HAL_DMA_Abort
 .text.HAL_DMA_Abort_IT
                0x08002728       0x26 CMakeFiles/I2STEST.elf.dir/Drivers/STM32F7xx_HAL_Driver/Src/stm32f7xx_hal_dma.c.obj
                0x08002728                HAL_DMA_Abort_IT
 *fill*         0x0800274e        0x2 
 .text.HAL_DMA_IRQHandler
                0x08002750      0x1dc CMakeFiles/I2STEST.elf.dir/Drivers/STM32F7xx_HAL_Driver/Src/stm32f7xx_hal_dma.c.obj
                0x08002750                HAL_DMA_IRQHandler
 .text.HAL_DMA_GetState
                0x0800292c        0x6 CMakeFiles/I2STEST.elf.dir/Drivers/STM32F7xx_HAL_Driver/Src/stm32f7xx_hal_dma.c.obj
                0x0800292c                HAL_DMA_GetState
 .text.DMA2D_SetConfig
                0x08002932       0x8e CMakeFiles/I2STEST.elf.dir/Drivers/STM32F7xx_HAL_Driver/Src/stm32f7xx_hal_dma2d.c.obj
 .text.HAL_DMA2D_Init
                0x080029c0       0x56 CMakeFiles/I2STEST.elf.dir/Drivers/STM32F7xx_HAL_Driver/Src/stm32f7xx_hal_dma2d.c.obj
                0x080029c0                HAL_DMA2D_Init
 .text.HAL_DMA2D_Start
                0x08002a16       0x38 CMakeFiles/I2STEST.elf.dir/Drivers/STM32F7xx_HAL_Driver/Src/stm32f7xx_hal_dma2d.c.obj
                0x08002a16                HAL_DMA2D_Start
 .text.HAL_DMA2D_PollForTransfer
                0x08002a4e      0x13e CMakeFiles/I2STEST.elf.dir/Drivers/STM32F7xx_HAL_Driver/Src/stm32f7xx_hal_dma2d.c.obj
                0x08002a4e                HAL_DMA2D_PollForTransfer
 .text.HAL_DMA2D_LineEventCallback
                0x08002b8c        0x2 CMakeFiles/I2STEST.elf.dir/Drivers/STM32F7xx_HAL_Driver/Src/stm32f7xx_hal_dma2d.c.obj
                0x08002b8c                HAL_DMA2D_LineEventCallback
 .text.HAL_DMA2D_CLUTLoadingCpltCallback
                0x08002b8e        0x2 CMakeFiles/I2STEST.elf.dir/Drivers/STM32F7xx_HAL_Driver/Src/stm32f7xx_hal_dma2d.c.obj
                0x08002b8e                HAL_DMA2D_CLUTLoadingCpltCallback
 .text.HAL_DMA2D_IRQHandler
                0x08002b90      0x13c CMakeFiles/I2STEST.elf.dir/Drivers/STM32F7xx_HAL_Driver/Src/stm32f7xx_hal_dma2d.c.obj
                0x08002b90                HAL_DMA2D_IRQHandler
 .text.HAL_DMA2D_ConfigLayer
                0x08002ccc       0xc4 CMakeFiles/I2STEST.elf.dir/Drivers/STM32F7xx_HAL_Driver/Src/stm32f7xx_hal_dma2d.c.obj
                0x08002ccc                HAL_DMA2D_ConfigLayer
 .text.FLASH_SetErrorCode
                0x08002d90       0x74 CMakeFiles/I2STEST.elf.dir/Drivers/STM32F7xx_HAL_Driver/Src/stm32f7xx_hal_flash.c.obj
 .text.HAL_FLASH_EndOfOperationCallback
                0x08002e04        0x2 CMakeFiles/I2STEST.elf.dir/Drivers/STM32F7xx_HAL_Driver/Src/stm32f7xx_hal_flash.c.obj
                0x08002e04                HAL_FLASH_EndOfOperationCallback
 .text.HAL_FLASH_OperationErrorCallback
                0x08002e06        0x2 CMakeFiles/I2STEST.elf.dir/Drivers/STM32F7xx_HAL_Driver/Src/stm32f7xx_hal_flash.c.obj
                0x08002e06                HAL_FLASH_OperationErrorCallback
 .text.HAL_FLASH_IRQHandler
                0x08002e08      0x104 CMakeFiles/I2STEST.elf.dir/Drivers/STM32F7xx_HAL_Driver/Src/stm32f7xx_hal_flash.c.obj
                0x08002e08                HAL_FLASH_IRQHandler
 .text.FLASH_Erase_Sector
                0x08002f0c       0x50 CMakeFiles/I2STEST.elf.dir/Drivers/STM32F7xx_HAL_Driver/Src/stm32f7xx_hal_flash_ex.c.obj
                0x08002f0c                FLASH_Erase_Sector
 .text.HAL_GPIO_Init
                0x08002f5c      0x208 CMakeFiles/I2STEST.elf.dir/Drivers/STM32F7xx_HAL_Driver/Src/stm32f7xx_hal_gpio.c.obj
                0x08002f5c                HAL_GPIO_Init
 .text.HAL_GPIO_DeInit
                0x08003164      0x14c CMakeFiles/I2STEST.elf.dir/Drivers/STM32F7xx_HAL_Driver/Src/stm32f7xx_hal_gpio.c.obj
                0x08003164                HAL_GPIO_DeInit
 .text.HAL_GPIO_WritePin
                0x080032b0        0xc CMakeFiles/I2STEST.elf.dir/Drivers/STM32F7xx_HAL_Driver/Src/stm32f7xx_hal_gpio.c.obj
                0x080032b0                HAL_GPIO_WritePin
 .text.I2C_Flush_TXDR
                0x080032bc       0x22 CMakeFiles/I2STEST.elf.dir/Drivers/STM32F7xx_HAL_Driver/Src/stm32f7xx_hal_i2c.c.obj
 .text.I2C_TransferConfig
                0x080032de       0x3a CMakeFiles/I2STEST.elf.dir/Drivers/STM32F7xx_HAL_Driver/Src/stm32f7xx_hal_i2c.c.obj
 .text.I2C_Disable_IRQ
                0x08003318       0x70 CMakeFiles/I2STEST.elf.dir/Drivers/STM32F7xx_HAL_Driver/Src/stm32f7xx_hal_i2c.c.obj
 .text.I2C_IsErrorOccurred
                0x08003388      0x118 CMakeFiles/I2STEST.elf.dir/Drivers/STM32F7xx_HAL_Driver/Src/stm32f7xx_hal_i2c.c.obj
 .text.I2C_WaitOnTXISFlagUntilTimeout
                0x080034a0       0x60 CMakeFiles/I2STEST.elf.dir/Drivers/STM32F7xx_HAL_Driver/Src/stm32f7xx_hal_i2c.c.obj
 .text.I2C_WaitOnFlagUntilTimeout
                0x08003500       0x7c CMakeFiles/I2STEST.elf.dir/Drivers/STM32F7xx_HAL_Driver/Src/stm32f7xx_hal_i2c.c.obj
 .text.I2C_RequestMemoryWrite
                0x0800357c       0x7c CMakeFiles/I2STEST.elf.dir/Drivers/STM32F7xx_HAL_Driver/Src/stm32f7xx_hal_i2c.c.obj
 .text.I2C_RequestMemoryRead
                0x080035f8       0x78 CMakeFiles/I2STEST.elf.dir/Drivers/STM32F7xx_HAL_Driver/Src/stm32f7xx_hal_i2c.c.obj
 .text.I2C_WaitOnSTOPFlagUntilTimeout
                0x08003670       0x5e CMakeFiles/I2STEST.elf.dir/Drivers/STM32F7xx_HAL_Driver/Src/stm32f7xx_hal_i2c.c.obj
 *fill*         0x080036ce        0x2 
 .text.HAL_I2C_Init
                0x080036d0       0xc8 CMakeFiles/I2STEST.elf.dir/Drivers/STM32F7xx_HAL_Driver/Src/stm32f7xx_hal_i2c.c.obj
                0x080036d0                HAL_I2C_Init
 .text.HAL_I2C_DeInit
                0x08003798       0x32 CMakeFiles/I2STEST.elf.dir/Drivers/STM32F7xx_HAL_Driver/Src/stm32f7xx_hal_i2c.c.obj
                0x08003798                HAL_I2C_DeInit
 *fill*         0x080037ca        0x2 
 .text.HAL_I2C_Master_Transmit
                0x080037cc      0x1a4 CMakeFiles/I2STEST.elf.dir/Drivers/STM32F7xx_HAL_Driver/Src/stm32f7xx_hal_i2c.c.obj
                0x080037cc                HAL_I2C_Master_Transmit
 .text.HAL_I2C_Mem_Write
                0x08003970      0x1aa CMakeFiles/I2STEST.elf.dir/Drivers/STM32F7xx_HAL_Driver/Src/stm32f7xx_hal_i2c.c.obj
                0x08003970                HAL_I2C_Mem_Write
 *fill*         0x08003b1a        0x2 
 .text.HAL_I2C_Mem_Read
                0x08003b1c      0x1b0 CMakeFiles/I2STEST.elf.dir/Drivers/STM32F7xx_HAL_Driver/Src/stm32f7xx_hal_i2c.c.obj
                0x08003b1c                HAL_I2C_Mem_Read
 .text.HAL_I2C_EV_IRQHandler
                0x08003ccc       0x10 CMakeFiles/I2STEST.elf.dir/Drivers/STM32F7xx_HAL_Driver/Src/stm32f7xx_hal_i2c.c.obj
                0x08003ccc                HAL_I2C_EV_IRQHandler
 .text.HAL_I2C_SlaveTxCpltCallback
                0x08003cdc        0x2 CMakeFiles/I2STEST.elf.dir/Drivers/STM32F7xx_HAL_Driver/Src/stm32f7xx_hal_i2c.c.obj
                0x08003cdc                HAL_I2C_SlaveTxCpltCallback
 .text.HAL_I2C_SlaveRxCpltCallback
                0x08003cde        0x2 CMakeFiles/I2STEST.elf.dir/Drivers/STM32F7xx_HAL_Driver/Src/stm32f7xx_hal_i2c.c.obj
                0x08003cde                HAL_I2C_SlaveRxCpltCallback
 .text.I2C_ITSlaveSeqCplt
                0x08003ce0       0x82 CMakeFiles/I2STEST.elf.dir/Drivers/STM32F7xx_HAL_Driver/Src/stm32f7xx_hal_i2c.c.obj
 .text.HAL_I2C_AddrCallback
                0x08003d62        0x2 CMakeFiles/I2STEST.elf.dir/Drivers/STM32F7xx_HAL_Driver/Src/stm32f7xx_hal_i2c.c.obj
                0x08003d62                HAL_I2C_AddrCallback
 .text.I2C_ITAddrCplt
                0x08003d64       0xa0 CMakeFiles/I2STEST.elf.dir/Drivers/STM32F7xx_HAL_Driver/Src/stm32f7xx_hal_i2c.c.obj
 .text.HAL_I2C_ListenCpltCallback
                0x08003e04        0x2 CMakeFiles/I2STEST.elf.dir/Drivers/STM32F7xx_HAL_Driver/Src/stm32f7xx_hal_i2c.c.obj
                0x08003e04                HAL_I2C_ListenCpltCallback
 *fill*         0x08003e06        0x2 
 .text.I2C_ITListenCplt
                0x08003e08       0x68 CMakeFiles/I2STEST.elf.dir/Drivers/STM32F7xx_HAL_Driver/Src/stm32f7xx_hal_i2c.c.obj
 .text.HAL_I2C_ErrorCallback
                0x08003e70        0x2 CMakeFiles/I2STEST.elf.dir/Drivers/STM32F7xx_HAL_Driver/Src/stm32f7xx_hal_i2c.c.obj
                0x08003e70                HAL_I2C_ErrorCallback
 .text.HAL_I2C_AbortCpltCallback
                0x08003e72        0x2 CMakeFiles/I2STEST.elf.dir/Drivers/STM32F7xx_HAL_Driver/Src/stm32f7xx_hal_i2c.c.obj
                0x08003e72                HAL_I2C_AbortCpltCallback
 .text.I2C_TreatErrorCallback
                0x08003e74       0x2e CMakeFiles/I2STEST.elf.dir/Drivers/STM32F7xx_HAL_Driver/Src/stm32f7xx_hal_i2c.c.obj
 *fill*         0x08003ea2        0x2 
 .text.I2C_ITError
                0x08003ea4      0x130 CMakeFiles/I2STEST.elf.dir/Drivers/STM32F7xx_HAL_Driver/Src/stm32f7xx_hal_i2c.c.obj
 .text.I2C_ITSlaveCplt
                0x08003fd4      0x1f0 CMakeFiles/I2STEST.elf.dir/Drivers/STM32F7xx_HAL_Driver/Src/stm32f7xx_hal_i2c.c.obj
 .text.I2C_Slave_ISR_IT
                0x080041c4      0x14a CMakeFiles/I2STEST.elf.dir/Drivers/STM32F7xx_HAL_Driver/Src/stm32f7xx_hal_i2c.c.obj
 .text.HAL_I2C_ER_IRQHandler
                0x0800430e       0x6a CMakeFiles/I2STEST.elf.dir/Drivers/STM32F7xx_HAL_Driver/Src/stm32f7xx_hal_i2c.c.obj
                0x0800430e                HAL_I2C_ER_IRQHandler
 .text.I2C_DMAAbort
                0x08004378       0x1a CMakeFiles/I2STEST.elf.dir/Drivers/STM32F7xx_HAL_Driver/Src/stm32f7xx_hal_i2c.c.obj
 .text.HAL_I2C_GetState
                0x08004392        0x6 CMakeFiles/I2STEST.elf.dir/Drivers/STM32F7xx_HAL_Driver/Src/stm32f7xx_hal_i2c.c.obj
                0x08004392                HAL_I2C_GetState
 .text.HAL_I2CEx_ConfigAnalogFilter
                0x08004398       0x5c CMakeFiles/I2STEST.elf.dir/Drivers/STM32F7xx_HAL_Driver/Src/stm32f7xx_hal_i2c_ex.c.obj
                0x08004398                HAL_I2CEx_ConfigAnalogFilter
 .text.HAL_I2CEx_ConfigDigitalFilter
                0x080043f4       0x58 CMakeFiles/I2STEST.elf.dir/Drivers/STM32F7xx_HAL_Driver/Src/stm32f7xx_hal_i2c_ex.c.obj
                0x080043f4                HAL_I2CEx_ConfigDigitalFilter
 .text.I2S_GetClockFreq
                0x0800444c       0x68 CMakeFiles/I2STEST.elf.dir/Drivers/STM32F7xx_HAL_Driver/Src/stm32f7xx_hal_i2s.c.obj
 .text.HAL_I2S_Init
                0x080044b4      0x124 CMakeFiles/I2STEST.elf.dir/Drivers/STM32F7xx_HAL_Driver/Src/stm32f7xx_hal_i2s.c.obj
                0x080044b4                HAL_I2S_Init
 .text.HAL_I2S_TxCpltCallback
                0x080045d8        0x2 CMakeFiles/I2STEST.elf.dir/Drivers/STM32F7xx_HAL_Driver/Src/stm32f7xx_hal_i2s.c.obj
                0x080045d8                HAL_I2S_TxCpltCallback
 .text.I2S_Transmit_IT
                0x080045da       0x38 CMakeFiles/I2STEST.elf.dir/Drivers/STM32F7xx_HAL_Driver/Src/stm32f7xx_hal_i2s.c.obj
 .text.HAL_I2S_RxCpltCallback
                0x08004612        0x2 CMakeFiles/I2STEST.elf.dir/Drivers/STM32F7xx_HAL_Driver/Src/stm32f7xx_hal_i2s.c.obj
                0x08004612                HAL_I2S_RxCpltCallback
 .text.I2S_Receive_IT
                0x08004614       0x38 CMakeFiles/I2STEST.elf.dir/Drivers/STM32F7xx_HAL_Driver/Src/stm32f7xx_hal_i2s.c.obj
 .text.HAL_I2S_ErrorCallback
                0x0800464c        0x2 CMakeFiles/I2STEST.elf.dir/Drivers/STM32F7xx_HAL_Driver/Src/stm32f7xx_hal_i2s.c.obj
                0x0800464c                HAL_I2S_ErrorCallback
 .text.HAL_I2S_IRQHandler
                0x0800464e       0x72 CMakeFiles/I2STEST.elf.dir/Drivers/STM32F7xx_HAL_Driver/Src/stm32f7xx_hal_i2s.c.obj
                0x0800464e                HAL_I2S_IRQHandler
 .text.LTDC_SetConfig
                0x080046c0      0x1a8 CMakeFiles/I2STEST.elf.dir/Drivers/STM32F7xx_HAL_Driver/Src/stm32f7xx_hal_ltdc.c.obj
 .text.HAL_LTDC_Init
                0x08004868       0xf8 CMakeFiles/I2STEST.elf.dir/Drivers/STM32F7xx_HAL_Driver/Src/stm32f7xx_hal_ltdc.c.obj
                0x08004868                HAL_LTDC_Init
 .text.HAL_LTDC_ErrorCallback
                0x08004960        0x2 CMakeFiles/I2STEST.elf.dir/Drivers/STM32F7xx_HAL_Driver/Src/stm32f7xx_hal_ltdc.c.obj
                0x08004960                HAL_LTDC_ErrorCallback
 .text.HAL_LTDC_LineEventCallback
                0x08004962        0x2 CMakeFiles/I2STEST.elf.dir/Drivers/STM32F7xx_HAL_Driver/Src/stm32f7xx_hal_ltdc.c.obj
                0x08004962                HAL_LTDC_LineEventCallback
 .text.HAL_LTDC_ReloadEventCallback
                0x08004964        0x2 CMakeFiles/I2STEST.elf.dir/Drivers/STM32F7xx_HAL_Driver/Src/stm32f7xx_hal_ltdc.c.obj
                0x08004964                HAL_LTDC_ReloadEventCallback
 .text.HAL_LTDC_IRQHandler
                0x08004966       0xda CMakeFiles/I2STEST.elf.dir/Drivers/STM32F7xx_HAL_Driver/Src/stm32f7xx_hal_ltdc.c.obj
                0x08004966                HAL_LTDC_IRQHandler
 .text.HAL_LTDC_ConfigLayer
                0x08004a40       0x68 CMakeFiles/I2STEST.elf.dir/Drivers/STM32F7xx_HAL_Driver/Src/stm32f7xx_hal_ltdc.c.obj
                0x08004a40                HAL_LTDC_ConfigLayer
 .text.HAL_LTDC_GetState
                0x08004aa8        0x6 CMakeFiles/I2STEST.elf.dir/Drivers/STM32F7xx_HAL_Driver/Src/stm32f7xx_hal_ltdc.c.obj
                0x08004aa8                HAL_LTDC_GetState
 .text.PCD_WriteEmptyTxFifo
                0x08004aae       0xd0 CMakeFiles/I2STEST.elf.dir/Drivers/STM32F7xx_HAL_Driver/Src/stm32f7xx_hal_pcd.c.obj
 .text.HAL_PCD_Init
                0x08004b7e      0x112 CMakeFiles/I2STEST.elf.dir/Drivers/STM32F7xx_HAL_Driver/Src/stm32f7xx_hal_pcd.c.obj
                0x08004b7e                HAL_PCD_Init
 .text.HAL_PCD_Start
                0x08004c90       0x2a CMakeFiles/I2STEST.elf.dir/Drivers/STM32F7xx_HAL_Driver/Src/stm32f7xx_hal_pcd.c.obj
                0x08004c90                HAL_PCD_Start
 *fill*         0x08004cba        0x2 
 .text.PCD_EP_OutXfrComplete_int
                0x08004cbc      0x104 CMakeFiles/I2STEST.elf.dir/Drivers/STM32F7xx_HAL_Driver/Src/stm32f7xx_hal_pcd.c.obj
 .text.PCD_EP_OutSetupPacket_int
                0x08004dc0       0x50 CMakeFiles/I2STEST.elf.dir/Drivers/STM32F7xx_HAL_Driver/Src/stm32f7xx_hal_pcd.c.obj
 .text.HAL_PCD_SetAddress
                0x08004e10       0x26 CMakeFiles/I2STEST.elf.dir/Drivers/STM32F7xx_HAL_Driver/Src/stm32f7xx_hal_pcd.c.obj
                0x08004e10                HAL_PCD_SetAddress
 .text.HAL_PCD_EP_Open
                0x08004e36       0x88 CMakeFiles/I2STEST.elf.dir/Drivers/STM32F7xx_HAL_Driver/Src/stm32f7xx_hal_pcd.c.obj
                0x08004e36                HAL_PCD_EP_Open
 .text.HAL_PCD_EP_Close
                0x08004ebe       0x70 CMakeFiles/I2STEST.elf.dir/Drivers/STM32F7xx_HAL_Driver/Src/stm32f7xx_hal_pcd.c.obj
                0x08004ebe                HAL_PCD_EP_Close
 .text.HAL_PCD_EP_Receive
                0x08004f2e       0x4a CMakeFiles/I2STEST.elf.dir/Drivers/STM32F7xx_HAL_Driver/Src/stm32f7xx_hal_pcd.c.obj
                0x08004f2e                HAL_PCD_EP_Receive
 .text.HAL_PCD_EP_GetRxCount
                0x08004f78       0x12 CMakeFiles/I2STEST.elf.dir/Drivers/STM32F7xx_HAL_Driver/Src/stm32f7xx_hal_pcd.c.obj
                0x08004f78                HAL_PCD_EP_GetRxCount
 .text.HAL_PCD_EP_Transmit
                0x08004f8a       0x4a CMakeFiles/I2STEST.elf.dir/Drivers/STM32F7xx_HAL_Driver/Src/stm32f7xx_hal_pcd.c.obj
                0x08004f8a                HAL_PCD_EP_Transmit
 .text.HAL_PCD_EP_SetStall
                0x08004fd4       0x86 CMakeFiles/I2STEST.elf.dir/Drivers/STM32F7xx_HAL_Driver/Src/stm32f7xx_hal_pcd.c.obj
                0x08004fd4                HAL_PCD_EP_SetStall
 .text.HAL_PCD_EP_ClrStall
                0x0800505a       0x74 CMakeFiles/I2STEST.elf.dir/Drivers/STM32F7xx_HAL_Driver/Src/stm32f7xx_hal_pcd.c.obj
                0x0800505a                HAL_PCD_EP_ClrStall
 .text.HAL_PCD_EP_Abort
                0x080050ce       0x34 CMakeFiles/I2STEST.elf.dir/Drivers/STM32F7xx_HAL_Driver/Src/stm32f7xx_hal_pcd.c.obj
                0x080050ce                HAL_PCD_EP_Abort
 .text.HAL_PCD_IRQHandler
                0x08005102      0x602 CMakeFiles/I2STEST.elf.dir/Drivers/STM32F7xx_HAL_Driver/Src/stm32f7xx_hal_pcd.c.obj
                0x08005102                HAL_PCD_IRQHandler
 .text.HAL_PCDEx_SetTxFiFo
                0x08005704       0x4a CMakeFiles/I2STEST.elf.dir/Drivers/STM32F7xx_HAL_Driver/Src/stm32f7xx_hal_pcd_ex.c.obj
                0x08005704                HAL_PCDEx_SetTxFiFo
 .text.HAL_PCDEx_SetRxFiFo
                0x0800574e        0x8 CMakeFiles/I2STEST.elf.dir/Drivers/STM32F7xx_HAL_Driver/Src/stm32f7xx_hal_pcd_ex.c.obj
                0x0800574e                HAL_PCDEx_SetRxFiFo
 *fill*         0x08005756        0x2 
 .text.HAL_PCDEx_ActivateLPM
                0x08005758       0x28 CMakeFiles/I2STEST.elf.dir/Drivers/STM32F7xx_HAL_Driver/Src/stm32f7xx_hal_pcd_ex.c.obj
                0x08005758                HAL_PCDEx_ActivateLPM
 .text.HAL_PWR_EnableBkUpAccess
                0x08005780       0x10 CMakeFiles/I2STEST.elf.dir/Drivers/STM32F7xx_HAL_Driver/Src/stm32f7xx_hal_pwr.c.obj
                0x08005780                HAL_PWR_EnableBkUpAccess
 .text.HAL_PWR_PVDCallback
                0x08005790        0x2 CMakeFiles/I2STEST.elf.dir/Drivers/STM32F7xx_HAL_Driver/Src/stm32f7xx_hal_pwr.c.obj
                0x08005790                HAL_PWR_PVDCallback
 *fill*         0x08005792        0x2 
 .text.HAL_PWR_PVD_IRQHandler
                0x08005794       0x20 CMakeFiles/I2STEST.elf.dir/Drivers/STM32F7xx_HAL_Driver/Src/stm32f7xx_hal_pwr.c.obj
                0x08005794                HAL_PWR_PVD_IRQHandler
 .text.HAL_PWREx_EnableOverDrive
                0x080057b4       0x7c CMakeFiles/I2STEST.elf.dir/Drivers/STM32F7xx_HAL_Driver/Src/stm32f7xx_hal_pwr_ex.c.obj
                0x080057b4                HAL_PWREx_EnableOverDrive
 .text.QSPI_Config
                0x08005830      0x1d4 CMakeFiles/I2STEST.elf.dir/Drivers/STM32F7xx_HAL_Driver/Src/stm32f7xx_hal_qspi.c.obj
 .text.QSPI_WaitFlagStateUntilTimeout
                0x08005a04       0x54 CMakeFiles/I2STEST.elf.dir/Drivers/STM32F7xx_HAL_Driver/Src/stm32f7xx_hal_qspi.c.obj
 .text.HAL_QSPI_DeInit
                0x08005a58       0x26 CMakeFiles/I2STEST.elf.dir/Drivers/STM32F7xx_HAL_Driver/Src/stm32f7xx_hal_qspi.c.obj
                0x08005a58                HAL_QSPI_DeInit
 .text.HAL_QSPI_Command
                0x08005a7e       0x9e CMakeFiles/I2STEST.elf.dir/Drivers/STM32F7xx_HAL_Driver/Src/stm32f7xx_hal_qspi.c.obj
                0x08005a7e                HAL_QSPI_Command
 .text.HAL_QSPI_AutoPolling
                0x08005b1c       0xb6 CMakeFiles/I2STEST.elf.dir/Drivers/STM32F7xx_HAL_Driver/Src/stm32f7xx_hal_qspi.c.obj
                0x08005b1c                HAL_QSPI_AutoPolling
 .text.HAL_QSPI_MemoryMapped
                0x08005bd2       0x98 CMakeFiles/I2STEST.elf.dir/Drivers/STM32F7xx_HAL_Driver/Src/stm32f7xx_hal_qspi.c.obj
                0x08005bd2                HAL_QSPI_MemoryMapped
 .text.HAL_QSPI_ErrorCallback
                0x08005c6a        0x2 CMakeFiles/I2STEST.elf.dir/Drivers/STM32F7xx_HAL_Driver/Src/stm32f7xx_hal_qspi.c.obj
                0x08005c6a                HAL_QSPI_ErrorCallback
 .text.QSPI_DMAAbortCplt
                0x08005c6c       0x3c CMakeFiles/I2STEST.elf.dir/Drivers/STM32F7xx_HAL_Driver/Src/stm32f7xx_hal_qspi.c.obj
 .text.HAL_QSPI_AbortCpltCallback
                0x08005ca8        0x2 CMakeFiles/I2STEST.elf.dir/Drivers/STM32F7xx_HAL_Driver/Src/stm32f7xx_hal_qspi.c.obj
                0x08005ca8                HAL_QSPI_AbortCpltCallback
 .text.HAL_QSPI_CmdCpltCallback
                0x08005caa        0x2 CMakeFiles/I2STEST.elf.dir/Drivers/STM32F7xx_HAL_Driver/Src/stm32f7xx_hal_qspi.c.obj
                0x08005caa                HAL_QSPI_CmdCpltCallback
 .text.HAL_QSPI_RxCpltCallback
                0x08005cac        0x2 CMakeFiles/I2STEST.elf.dir/Drivers/STM32F7xx_HAL_Driver/Src/stm32f7xx_hal_qspi.c.obj
                0x08005cac                HAL_QSPI_RxCpltCallback
 .text.HAL_QSPI_TxCpltCallback
                0x08005cae        0x2 CMakeFiles/I2STEST.elf.dir/Drivers/STM32F7xx_HAL_Driver/Src/stm32f7xx_hal_qspi.c.obj
                0x08005cae                HAL_QSPI_TxCpltCallback
 .text.HAL_QSPI_FifoThresholdCallback
                0x08005cb0        0x2 CMakeFiles/I2STEST.elf.dir/Drivers/STM32F7xx_HAL_Driver/Src/stm32f7xx_hal_qspi.c.obj
                0x08005cb0                HAL_QSPI_FifoThresholdCallback
 .text.HAL_QSPI_StatusMatchCallback
                0x08005cb2        0x2 CMakeFiles/I2STEST.elf.dir/Drivers/STM32F7xx_HAL_Driver/Src/stm32f7xx_hal_qspi.c.obj
                0x08005cb2                HAL_QSPI_StatusMatchCallback
 .text.HAL_QSPI_TimeOutCallback
                0x08005cb4        0x2 CMakeFiles/I2STEST.elf.dir/Drivers/STM32F7xx_HAL_Driver/Src/stm32f7xx_hal_qspi.c.obj
                0x08005cb4                HAL_QSPI_TimeOutCallback
 .text.HAL_QSPI_Abort
                0x08005cb6       0xa0 CMakeFiles/I2STEST.elf.dir/Drivers/STM32F7xx_HAL_Driver/Src/stm32f7xx_hal_qspi.c.obj
                0x08005cb6                HAL_QSPI_Abort
 .text.HAL_QSPI_Transmit
                0x08005d56       0xda CMakeFiles/I2STEST.elf.dir/Drivers/STM32F7xx_HAL_Driver/Src/stm32f7xx_hal_qspi.c.obj
                0x08005d56                HAL_QSPI_Transmit
 .text.HAL_QSPI_Receive
                0x08005e30       0xe6 CMakeFiles/I2STEST.elf.dir/Drivers/STM32F7xx_HAL_Driver/Src/stm32f7xx_hal_qspi.c.obj
                0x08005e30                HAL_QSPI_Receive
 *fill*         0x08005f16        0x2 
 .text.HAL_QSPI_Abort_IT
                0x08005f18       0x88 CMakeFiles/I2STEST.elf.dir/Drivers/STM32F7xx_HAL_Driver/Src/stm32f7xx_hal_qspi.c.obj
                0x08005f18                HAL_QSPI_Abort_IT
 .text.HAL_QSPI_IRQHandler
                0x08005fa0      0x24c CMakeFiles/I2STEST.elf.dir/Drivers/STM32F7xx_HAL_Driver/Src/stm32f7xx_hal_qspi.c.obj
                0x08005fa0                HAL_QSPI_IRQHandler
 .text.HAL_QSPI_SetTimeout
                0x080061ec        0x4 CMakeFiles/I2STEST.elf.dir/Drivers/STM32F7xx_HAL_Driver/Src/stm32f7xx_hal_qspi.c.obj
                0x080061ec                HAL_QSPI_SetTimeout
 .text.HAL_QSPI_Init
                0x080061f0       0xb0 CMakeFiles/I2STEST.elf.dir/Drivers/STM32F7xx_HAL_Driver/Src/stm32f7xx_hal_qspi.c.obj
                0x080061f0                HAL_QSPI_Init
 .text.HAL_RCC_OscConfig
                0x080062a0      0x434 CMakeFiles/I2STEST.elf.dir/Drivers/STM32F7xx_HAL_Driver/Src/stm32f7xx_hal_rcc.c.obj
                0x080062a0                HAL_RCC_OscConfig
 .text.HAL_RCC_MCOConfig
                0x080066d4       0x98 CMakeFiles/I2STEST.elf.dir/Drivers/STM32F7xx_HAL_Driver/Src/stm32f7xx_hal_rcc.c.obj
                0x080066d4                HAL_RCC_MCOConfig
 .text.HAL_RCC_GetSysClockFreq
                0x0800676c       0xa8 CMakeFiles/I2STEST.elf.dir/Drivers/STM32F7xx_HAL_Driver/Src/stm32f7xx_hal_rcc.c.obj
                0x0800676c                HAL_RCC_GetSysClockFreq
 .text.HAL_RCC_ClockConfig
                0x08006814      0x16c CMakeFiles/I2STEST.elf.dir/Drivers/STM32F7xx_HAL_Driver/Src/stm32f7xx_hal_rcc.c.obj
                0x08006814                HAL_RCC_ClockConfig
 .text.HAL_RCC_GetHCLKFreq
                0x08006980        0xc CMakeFiles/I2STEST.elf.dir/Drivers/STM32F7xx_HAL_Driver/Src/stm32f7xx_hal_rcc.c.obj
                0x08006980                HAL_RCC_GetHCLKFreq
 .text.HAL_RCC_GetPCLK1Freq
                0x0800698c       0x20 CMakeFiles/I2STEST.elf.dir/Drivers/STM32F7xx_HAL_Driver/Src/stm32f7xx_hal_rcc.c.obj
                0x0800698c                HAL_RCC_GetPCLK1Freq
 .text.HAL_RCC_GetPCLK2Freq
                0x080069ac       0x20 CMakeFiles/I2STEST.elf.dir/Drivers/STM32F7xx_HAL_Driver/Src/stm32f7xx_hal_rcc.c.obj
                0x080069ac                HAL_RCC_GetPCLK2Freq
 .text.HAL_RCCEx_PeriphCLKConfig
                0x080069cc      0x5ac CMakeFiles/I2STEST.elf.dir/Drivers/STM32F7xx_HAL_Driver/Src/stm32f7xx_hal_rcc_ex.c.obj
                0x080069cc                HAL_RCCEx_PeriphCLKConfig
 .text.HAL_RCCEx_GetPeriphCLKFreq
                0x08006f78      0x1ac CMakeFiles/I2STEST.elf.dir/Drivers/STM32F7xx_HAL_Driver/Src/stm32f7xx_hal_rcc_ex.c.obj
                0x08006f78                HAL_RCCEx_GetPeriphCLKFreq
 .text.SAI_InitI2S
                0x08007124       0xd0 CMakeFiles/I2STEST.elf.dir/Drivers/STM32F7xx_HAL_Driver/Src/stm32f7xx_hal_sai.c.obj
 .text.SAI_InitPCM
                0x080071f4       0x94 CMakeFiles/I2STEST.elf.dir/Drivers/STM32F7xx_HAL_Driver/Src/stm32f7xx_hal_sai.c.obj
 .text.SAI_FillFifo
                0x08007288       0x56 CMakeFiles/I2STEST.elf.dir/Drivers/STM32F7xx_HAL_Driver/Src/stm32f7xx_hal_sai.c.obj
 .text.SAI_InterruptFlag
                0x080072de       0x34 CMakeFiles/I2STEST.elf.dir/Drivers/STM32F7xx_HAL_Driver/Src/stm32f7xx_hal_sai.c.obj
 *fill*         0x08007312        0x2 
 .text.SAI_Disable
                0x08007314       0x44 CMakeFiles/I2STEST.elf.dir/Drivers/STM32F7xx_HAL_Driver/Src/stm32f7xx_hal_sai.c.obj
 .text.HAL_SAI_Init
                0x08007358      0x204 CMakeFiles/I2STEST.elf.dir/Drivers/STM32F7xx_HAL_Driver/Src/stm32f7xx_hal_sai.c.obj
                0x08007358                HAL_SAI_Init
 .text.HAL_SAI_InitProtocol
                0x0800755c       0x2a CMakeFiles/I2STEST.elf.dir/Drivers/STM32F7xx_HAL_Driver/Src/stm32f7xx_hal_sai.c.obj
                0x0800755c                HAL_SAI_InitProtocol
 .text.HAL_SAI_Transmit
                0x08007586      0x120 CMakeFiles/I2STEST.elf.dir/Drivers/STM32F7xx_HAL_Driver/Src/stm32f7xx_hal_sai.c.obj
                0x08007586                HAL_SAI_Transmit
 .text.HAL_SAI_DMAPause
                0x080076a6       0x26 CMakeFiles/I2STEST.elf.dir/Drivers/STM32F7xx_HAL_Driver/Src/stm32f7xx_hal_sai.c.obj
                0x080076a6                HAL_SAI_DMAPause
 .text.HAL_SAI_DMAResume
                0x080076cc       0x38 CMakeFiles/I2STEST.elf.dir/Drivers/STM32F7xx_HAL_Driver/Src/stm32f7xx_hal_sai.c.obj
                0x080076cc                HAL_SAI_DMAResume
 .text.HAL_SAI_Abort
                0x08007704       0xba CMakeFiles/I2STEST.elf.dir/Drivers/STM32F7xx_HAL_Driver/Src/stm32f7xx_hal_sai.c.obj
                0x08007704                HAL_SAI_Abort
 *fill*         0x080077be        0x2 
 .text.HAL_SAI_Transmit_DMA
                0x080077c0       0xf8 CMakeFiles/I2STEST.elf.dir/Drivers/STM32F7xx_HAL_Driver/Src/stm32f7xx_hal_sai.c.obj
                0x080077c0                HAL_SAI_Transmit_DMA
 .text.HAL_SAI_TxCpltCallback
                0x080078b8        0x2 CMakeFiles/I2STEST.elf.dir/Drivers/STM32F7xx_HAL_Driver/Src/stm32f7xx_hal_sai.c.obj
                0x080078b8                HAL_SAI_TxCpltCallback
 .text.SAI_DMATxCplt
                0x080078ba       0x3a CMakeFiles/I2STEST.elf.dir/Drivers/STM32F7xx_HAL_Driver/Src/stm32f7xx_hal_sai.c.obj
 .text.HAL_SAI_TxHalfCpltCallback
                0x080078f4        0x2 CMakeFiles/I2STEST.elf.dir/Drivers/STM32F7xx_HAL_Driver/Src/stm32f7xx_hal_sai.c.obj
                0x080078f4                HAL_SAI_TxHalfCpltCallback
 .text.SAI_DMATxHalfCplt
                0x080078f6        0xa CMakeFiles/I2STEST.elf.dir/Drivers/STM32F7xx_HAL_Driver/Src/stm32f7xx_hal_sai.c.obj
 .text.HAL_SAI_ErrorCallback
                0x08007900        0x2 CMakeFiles/I2STEST.elf.dir/Drivers/STM32F7xx_HAL_Driver/Src/stm32f7xx_hal_sai.c.obj
                0x08007900                HAL_SAI_ErrorCallback
 .text.SAI_DMAError
                0x08007902       0x46 CMakeFiles/I2STEST.elf.dir/Drivers/STM32F7xx_HAL_Driver/Src/stm32f7xx_hal_sai.c.obj
 .text.HAL_SAI_IRQHandler
                0x08007948      0x1a0 CMakeFiles/I2STEST.elf.dir/Drivers/STM32F7xx_HAL_Driver/Src/stm32f7xx_hal_sai.c.obj
                0x08007948                HAL_SAI_IRQHandler
 .text.SAI_DMAAbort
                0x08007ae8       0x4a CMakeFiles/I2STEST.elf.dir/Drivers/STM32F7xx_HAL_Driver/Src/stm32f7xx_hal_sai.c.obj
 .text.HAL_SAI_GetState
                0x08007b32        0x6 CMakeFiles/I2STEST.elf.dir/Drivers/STM32F7xx_HAL_Driver/Src/stm32f7xx_hal_sai.c.obj
                0x08007b32                HAL_SAI_GetState
 .text.HAL_SDRAM_Init
                0x08007b38       0x40 CMakeFiles/I2STEST.elf.dir/Drivers/STM32F7xx_HAL_Driver/Src/stm32f7xx_hal_sdram.c.obj
                0x08007b38                HAL_SDRAM_Init
 .text.HAL_SDRAM_RefreshErrorCallback
                0x08007b78        0x2 CMakeFiles/I2STEST.elf.dir/Drivers/STM32F7xx_HAL_Driver/Src/stm32f7xx_hal_sdram.c.obj
                0x08007b78                HAL_SDRAM_RefreshErrorCallback
 .text.HAL_SDRAM_IRQHandler
                0x08007b7a       0x20 CMakeFiles/I2STEST.elf.dir/Drivers/STM32F7xx_HAL_Driver/Src/stm32f7xx_hal_sdram.c.obj
                0x08007b7a                HAL_SDRAM_IRQHandler
 .text.HAL_SDRAM_SendCommand
                0x08007b9a       0x42 CMakeFiles/I2STEST.elf.dir/Drivers/STM32F7xx_HAL_Driver/Src/stm32f7xx_hal_sdram.c.obj
                0x08007b9a                HAL_SDRAM_SendCommand
 .text.HAL_SDRAM_ProgramRefreshRate
                0x08007bdc       0x32 CMakeFiles/I2STEST.elf.dir/Drivers/STM32F7xx_HAL_Driver/Src/stm32f7xx_hal_sdram.c.obj
                0x08007bdc                HAL_SDRAM_ProgramRefreshRate
 .text.UART_EndRxTransfer
                0x08007c0e       0x52 CMakeFiles/I2STEST.elf.dir/Drivers/STM32F7xx_HAL_Driver/Src/stm32f7xx_hal_uart.c.obj
 .text.HAL_UART_TxCpltCallback
                0x08007c60        0x2 CMakeFiles/I2STEST.elf.dir/Drivers/STM32F7xx_HAL_Driver/Src/stm32f7xx_hal_uart.c.obj
                0x08007c60                HAL_UART_TxCpltCallback
 .text.UART_EndTransmit_IT
                0x08007c62       0x22 CMakeFiles/I2STEST.elf.dir/Drivers/STM32F7xx_HAL_Driver/Src/stm32f7xx_hal_uart.c.obj
 .text.HAL_UART_ErrorCallback
                0x08007c84        0x2 CMakeFiles/I2STEST.elf.dir/Drivers/STM32F7xx_HAL_Driver/Src/stm32f7xx_hal_uart.c.obj
                0x08007c84                HAL_UART_ErrorCallback
 .text.UART_DMAAbortOnError
                0x08007c86       0x14 CMakeFiles/I2STEST.elf.dir/Drivers/STM32F7xx_HAL_Driver/Src/stm32f7xx_hal_uart.c.obj
 .text.HAL_UARTEx_RxEventCallback
                0x08007c9a        0x2 CMakeFiles/I2STEST.elf.dir/Drivers/STM32F7xx_HAL_Driver/Src/stm32f7xx_hal_uart.c.obj
                0x08007c9a                HAL_UARTEx_RxEventCallback
 .text.HAL_UART_IRQHandler
                0x08007c9c      0x2cc CMakeFiles/I2STEST.elf.dir/Drivers/STM32F7xx_HAL_Driver/Src/stm32f7xx_hal_uart.c.obj
                0x08007c9c                HAL_UART_IRQHandler
 .text.UART_SetConfig
                0x08007f68      0x328 CMakeFiles/I2STEST.elf.dir/Drivers/STM32F7xx_HAL_Driver/Src/stm32f7xx_hal_uart.c.obj
                0x08007f68                UART_SetConfig
 .text.UART_AdvFeatureConfig
                0x08008290       0xca CMakeFiles/I2STEST.elf.dir/Drivers/STM32F7xx_HAL_Driver/Src/stm32f7xx_hal_uart.c.obj
                0x08008290                UART_AdvFeatureConfig
 .text.UART_WaitOnFlagUntilTimeout
                0x0800835a       0xa6 CMakeFiles/I2STEST.elf.dir/Drivers/STM32F7xx_HAL_Driver/Src/stm32f7xx_hal_uart.c.obj
                0x0800835a                UART_WaitOnFlagUntilTimeout
 .text.HAL_UART_Transmit
                0x08008400       0xc6 CMakeFiles/I2STEST.elf.dir/Drivers/STM32F7xx_HAL_Driver/Src/stm32f7xx_hal_uart.c.obj
                0x08008400                HAL_UART_Transmit
 .text.UART_CheckIdleState
                0x080084c6       0x68 CMakeFiles/I2STEST.elf.dir/Drivers/STM32F7xx_HAL_Driver/Src/stm32f7xx_hal_uart.c.obj
                0x080084c6                UART_CheckIdleState
 .text.HAL_UART_Init
                0x0800852e       0x62 CMakeFiles/I2STEST.elf.dir/Drivers/STM32F7xx_HAL_Driver/Src/stm32f7xx_hal_uart.c.obj
                0x0800852e                HAL_UART_Init
 .text.FMC_SDRAM_Init
                0x08008590       0x6e CMakeFiles/I2STEST.elf.dir/Drivers/STM32F7xx_HAL_Driver/Src/stm32f7xx_ll_fmc.c.obj
                0x08008590                FMC_SDRAM_Init
 *fill*         0x080085fe        0x2 
 .text.FMC_SDRAM_Timing_Init
                0x08008600       0xb4 CMakeFiles/I2STEST.elf.dir/Drivers/STM32F7xx_HAL_Driver/Src/stm32f7xx_ll_fmc.c.obj
                0x08008600                FMC_SDRAM_Timing_Init
 .text.FMC_SDRAM_SendCommand
                0x080086b4       0x28 CMakeFiles/I2STEST.elf.dir/Drivers/STM32F7xx_HAL_Driver/Src/stm32f7xx_ll_fmc.c.obj
                0x080086b4                FMC_SDRAM_SendCommand
 .text.FMC_SDRAM_ProgramRefreshRate
                0x080086dc       0x10 CMakeFiles/I2STEST.elf.dir/Drivers/STM32F7xx_HAL_Driver/Src/stm32f7xx_ll_fmc.c.obj
                0x080086dc                FMC_SDRAM_ProgramRefreshRate
 .text.USB_CoreReset
                0x080086ec       0x4a CMakeFiles/I2STEST.elf.dir/Drivers/STM32F7xx_HAL_Driver/Src/stm32f7xx_ll_usb.c.obj
 *fill*         0x08008736        0x2 
 .text.USB_CoreInit
                0x08008738       0x84 CMakeFiles/I2STEST.elf.dir/Drivers/STM32F7xx_HAL_Driver/Src/stm32f7xx_ll_usb.c.obj
                0x08008738                USB_CoreInit
 .text.USB_SetTurnaroundTime
                0x080087bc       0xe4 CMakeFiles/I2STEST.elf.dir/Drivers/STM32F7xx_HAL_Driver/Src/stm32f7xx_ll_usb.c.obj
                0x080087bc                USB_SetTurnaroundTime
 .text.USB_EnableGlobalInt
                0x080088a0        0xc CMakeFiles/I2STEST.elf.dir/Drivers/STM32F7xx_HAL_Driver/Src/stm32f7xx_ll_usb.c.obj
                0x080088a0                USB_EnableGlobalInt
 .text.USB_DisableGlobalInt
                0x080088ac        0xc CMakeFiles/I2STEST.elf.dir/Drivers/STM32F7xx_HAL_Driver/Src/stm32f7xx_ll_usb.c.obj
                0x080088ac                USB_DisableGlobalInt
 .text.USB_FlushTxFifo
                0x080088b8       0x4a CMakeFiles/I2STEST.elf.dir/Drivers/STM32F7xx_HAL_Driver/Src/stm32f7xx_ll_usb.c.obj
                0x080088b8                USB_FlushTxFifo
 .text.USB_FlushRxFifo
                0x08008902       0x46 CMakeFiles/I2STEST.elf.dir/Drivers/STM32F7xx_HAL_Driver/Src/stm32f7xx_ll_usb.c.obj
                0x08008902                USB_FlushRxFifo
 .text.USB_SetDevSpeed
                0x08008948        0xe CMakeFiles/I2STEST.elf.dir/Drivers/STM32F7xx_HAL_Driver/Src/stm32f7xx_ll_usb.c.obj
                0x08008948                USB_SetDevSpeed
 *fill*         0x08008956        0x2 
 .text.USB_DevInit
                0x08008958      0x18c CMakeFiles/I2STEST.elf.dir/Drivers/STM32F7xx_HAL_Driver/Src/stm32f7xx_ll_usb.c.obj
                0x08008958                USB_DevInit
 .text.USB_GetDevSpeed
                0x08008ae4       0x22 CMakeFiles/I2STEST.elf.dir/Drivers/STM32F7xx_HAL_Driver/Src/stm32f7xx_ll_usb.c.obj
                0x08008ae4                USB_GetDevSpeed
 *fill*         0x08008b06        0x2 
 .text.USB_ActivateEndpoint
                0x08008b08       0x98 CMakeFiles/I2STEST.elf.dir/Drivers/STM32F7xx_HAL_Driver/Src/stm32f7xx_ll_usb.c.obj
                0x08008b08                USB_ActivateEndpoint
 .text.USB_DeactivateEndpoint
                0x08008ba0       0xe0 CMakeFiles/I2STEST.elf.dir/Drivers/STM32F7xx_HAL_Driver/Src/stm32f7xx_ll_usb.c.obj
                0x08008ba0                USB_DeactivateEndpoint
 .text.USB_EPStopXfer
                0x08008c80       0xbc CMakeFiles/I2STEST.elf.dir/Drivers/STM32F7xx_HAL_Driver/Src/stm32f7xx_ll_usb.c.obj
                0x08008c80                USB_EPStopXfer
 .text.USB_WritePacket
                0x08008d3c       0x2e CMakeFiles/I2STEST.elf.dir/Drivers/STM32F7xx_HAL_Driver/Src/stm32f7xx_ll_usb.c.obj
                0x08008d3c                USB_WritePacket
 *fill*         0x08008d6a        0x2 
 .text.USB_EPStartXfer
                0x08008d6c      0x238 CMakeFiles/I2STEST.elf.dir/Drivers/STM32F7xx_HAL_Driver/Src/stm32f7xx_ll_usb.c.obj
                0x08008d6c                USB_EPStartXfer
 .text.USB_ReadPacket
                0x08008fa4       0x46 CMakeFiles/I2STEST.elf.dir/Drivers/STM32F7xx_HAL_Driver/Src/stm32f7xx_ll_usb.c.obj
                0x08008fa4                USB_ReadPacket
 .text.USB_EPSetStall
                0x08008fea       0x5a CMakeFiles/I2STEST.elf.dir/Drivers/STM32F7xx_HAL_Driver/Src/stm32f7xx_ll_usb.c.obj
                0x08008fea                USB_EPSetStall
 .text.USB_EPClearStall
                0x08009044       0x5c CMakeFiles/I2STEST.elf.dir/Drivers/STM32F7xx_HAL_Driver/Src/stm32f7xx_ll_usb.c.obj
                0x08009044                USB_EPClearStall
 .text.USB_SetDevAddress
                0x080090a0       0x20 CMakeFiles/I2STEST.elf.dir/Drivers/STM32F7xx_HAL_Driver/Src/stm32f7xx_ll_usb.c.obj
                0x080090a0                USB_SetDevAddress
 .text.USB_DevConnect
                0x080090c0       0x1c CMakeFiles/I2STEST.elf.dir/Drivers/STM32F7xx_HAL_Driver/Src/stm32f7xx_ll_usb.c.obj
                0x080090c0                USB_DevConnect
 .text.USB_DevDisconnect
                0x080090dc       0x1c CMakeFiles/I2STEST.elf.dir/Drivers/STM32F7xx_HAL_Driver/Src/stm32f7xx_ll_usb.c.obj
                0x080090dc                USB_DevDisconnect
 .text.USB_ReadInterrupts
                0x080090f8        0x8 CMakeFiles/I2STEST.elf.dir/Drivers/STM32F7xx_HAL_Driver/Src/stm32f7xx_ll_usb.c.obj
                0x080090f8                USB_ReadInterrupts
 .text.USB_ReadDevAllOutEpInterrupt
                0x08009100       0x10 CMakeFiles/I2STEST.elf.dir/Drivers/STM32F7xx_HAL_Driver/Src/stm32f7xx_ll_usb.c.obj
                0x08009100                USB_ReadDevAllOutEpInterrupt
 .text.USB_ReadDevAllInEpInterrupt
                0x08009110       0x10 CMakeFiles/I2STEST.elf.dir/Drivers/STM32F7xx_HAL_Driver/Src/stm32f7xx_ll_usb.c.obj
                0x08009110                USB_ReadDevAllInEpInterrupt
 .text.USB_ReadDevOutEPInterrupt
                0x08009120       0x12 CMakeFiles/I2STEST.elf.dir/Drivers/STM32F7xx_HAL_Driver/Src/stm32f7xx_ll_usb.c.obj
                0x08009120                USB_ReadDevOutEPInterrupt
 .text.USB_ReadDevInEPInterrupt
                0x08009132       0x24 CMakeFiles/I2STEST.elf.dir/Drivers/STM32F7xx_HAL_Driver/Src/stm32f7xx_ll_usb.c.obj
                0x08009132                USB_ReadDevInEPInterrupt
 .text.USB_GetMode
                0x08009156        0x8 CMakeFiles/I2STEST.elf.dir/Drivers/STM32F7xx_HAL_Driver/Src/stm32f7xx_ll_usb.c.obj
                0x08009156                USB_GetMode
 .text.USB_SetCurrentMode
                0x0800915e       0x62 CMakeFiles/I2STEST.elf.dir/Drivers/STM32F7xx_HAL_Driver/Src/stm32f7xx_ll_usb.c.obj
                0x0800915e                USB_SetCurrentMode
 .text.USB_ActivateSetup
                0x080091c0       0x1c CMakeFiles/I2STEST.elf.dir/Drivers/STM32F7xx_HAL_Driver/Src/stm32f7xx_ll_usb.c.obj
                0x080091c0                USB_ActivateSetup
 .text.USB_EP0_OutStart
                0x080091dc       0x5c CMakeFiles/I2STEST.elf.dir/Drivers/STM32F7xx_HAL_Driver/Src/stm32f7xx_ll_usb.c.obj
                0x080091dc                USB_EP0_OutStart
 .text.USBD_AUDIO_GetCfgDesc
                0x08009238        0xc CMakeFiles/I2STEST.elf.dir/Middlewares/ST/STM32_USB_Device_Library/Class/AUDIO/Src/usbd_audio.c.obj
 .text.USBD_AUDIO_DataIn
                0x08009244        0x4 CMakeFiles/I2STEST.elf.dir/Middlewares/ST/STM32_USB_Device_Library/Class/AUDIO/Src/usbd_audio.c.obj
 .text.USBD_AUDIO_EP0_RxReady
                0x08009248       0x52 CMakeFiles/I2STEST.elf.dir/Middlewares/ST/STM32_USB_Device_Library/Class/AUDIO/Src/usbd_audio.c.obj
 .text.USBD_AUDIO_EP0_TxReady
                0x0800929a        0x4 CMakeFiles/I2STEST.elf.dir/Middlewares/ST/STM32_USB_Device_Library/Class/AUDIO/Src/usbd_audio.c.obj
 .text.USBD_AUDIO_SOF
                0x0800929e        0x4 CMakeFiles/I2STEST.elf.dir/Middlewares/ST/STM32_USB_Device_Library/Class/AUDIO/Src/usbd_audio.c.obj
 .text.USBD_AUDIO_IsoINIncomplete
                0x080092a2        0x4 CMakeFiles/I2STEST.elf.dir/Middlewares/ST/STM32_USB_Device_Library/Class/AUDIO/Src/usbd_audio.c.obj
 *fill*         0x080092a6        0x2 
 .text.USBD_AUDIO_GetDeviceQualifierDesc
                0x080092a8        0xc CMakeFiles/I2STEST.elf.dir/Middlewares/ST/STM32_USB_Device_Library/Class/AUDIO/Src/usbd_audio.c.obj
 .text.USBD_AUDIO_IsoOutIncomplete
                0x080092b4       0x28 CMakeFiles/I2STEST.elf.dir/Middlewares/ST/STM32_USB_Device_Library/Class/AUDIO/Src/usbd_audio.c.obj
 .text.USBD_AUDIO_DataOut
                0x080092dc       0xc2 CMakeFiles/I2STEST.elf.dir/Middlewares/ST/STM32_USB_Device_Library/Class/AUDIO/Src/usbd_audio.c.obj
 .text.AUDIO_REQ_GetCurrent
                0x0800939e       0x36 CMakeFiles/I2STEST.elf.dir/Middlewares/ST/STM32_USB_Device_Library/Class/AUDIO/Src/usbd_audio.c.obj
 .text.AUDIO_REQ_SetCurrent
                0x080093d4       0x46 CMakeFiles/I2STEST.elf.dir/Middlewares/ST/STM32_USB_Device_Library/Class/AUDIO/Src/usbd_audio.c.obj
 .text.USBD_AUDIO_GetAudioHeaderDesc
                0x0800941a       0x3c CMakeFiles/I2STEST.elf.dir/Middlewares/ST/STM32_USB_Device_Library/Class/AUDIO/Src/usbd_audio.c.obj
 .text.USBD_AUDIO_Setup
                0x08009456      0x118 CMakeFiles/I2STEST.elf.dir/Middlewares/ST/STM32_USB_Device_Library/Class/AUDIO/Src/usbd_audio.c.obj
 .text.USBD_AUDIO_DeInit
                0x0800956e       0x52 CMakeFiles/I2STEST.elf.dir/Middlewares/ST/STM32_USB_Device_Library/Class/AUDIO/Src/usbd_audio.c.obj
 .text.USBD_AUDIO_Init
                0x080095c0       0x98 CMakeFiles/I2STEST.elf.dir/Middlewares/ST/STM32_USB_Device_Library/Class/AUDIO/Src/usbd_audio.c.obj
 .text.USBD_AUDIO_RegisterInterface
                0x08009658       0x16 CMakeFiles/I2STEST.elf.dir/Middlewares/ST/STM32_USB_Device_Library/Class/AUDIO/Src/usbd_audio.c.obj
                0x08009658                USBD_AUDIO_RegisterInterface
 .text.USBD_Init
                0x0800966e       0x2e CMakeFiles/I2STEST.elf.dir/Middlewares/ST/STM32_USB_Device_Library/Core/Src/usbd_core.c.obj
                0x0800966e                USBD_Init
 .text.USBD_RegisterClass
                0x0800969c       0x34 CMakeFiles/I2STEST.elf.dir/Middlewares/ST/STM32_USB_Device_Library/Core/Src/usbd_core.c.obj
                0x0800969c                USBD_RegisterClass
 .text.USBD_Start
                0x080096d0        0x8 CMakeFiles/I2STEST.elf.dir/Middlewares/ST/STM32_USB_Device_Library/Core/Src/usbd_core.c.obj
                0x080096d0                USBD_Start
 .text.USBD_SetClassConfig
                0x080096d8       0x12 CMakeFiles/I2STEST.elf.dir/Middlewares/ST/STM32_USB_Device_Library/Core/Src/usbd_core.c.obj
                0x080096d8                USBD_SetClassConfig
 .text.USBD_ClrClassConfig
                0x080096ea       0x12 CMakeFiles/I2STEST.elf.dir/Middlewares/ST/STM32_USB_Device_Library/Core/Src/usbd_core.c.obj
                0x080096ea                USBD_ClrClassConfig
 .text.USBD_LL_SetupStage
                0x080096fc       0x58 CMakeFiles/I2STEST.elf.dir/Middlewares/ST/STM32_USB_Device_Library/Core/Src/usbd_core.c.obj
                0x080096fc                USBD_LL_SetupStage
 .text.USBD_LL_Reset
                0x08009754       0x64 CMakeFiles/I2STEST.elf.dir/Middlewares/ST/STM32_USB_Device_Library/Core/Src/usbd_core.c.obj
                0x08009754                USBD_LL_Reset
 .text.USBD_LL_SetSpeed
                0x080097b8        0x6 CMakeFiles/I2STEST.elf.dir/Middlewares/ST/STM32_USB_Device_Library/Core/Src/usbd_core.c.obj
                0x080097b8                USBD_LL_SetSpeed
 .text.USBD_LL_Suspend
                0x080097be       0x1e CMakeFiles/I2STEST.elf.dir/Middlewares/ST/STM32_USB_Device_Library/Core/Src/usbd_core.c.obj
                0x080097be                USBD_LL_Suspend
 .text.USBD_LL_Resume
                0x080097dc       0x1a CMakeFiles/I2STEST.elf.dir/Middlewares/ST/STM32_USB_Device_Library/Core/Src/usbd_core.c.obj
                0x080097dc                USBD_LL_Resume
 .text.USBD_LL_SOF
                0x080097f6       0x22 CMakeFiles/I2STEST.elf.dir/Middlewares/ST/STM32_USB_Device_Library/Core/Src/usbd_core.c.obj
                0x080097f6                USBD_LL_SOF
 .text.USBD_LL_IsoINIncomplete
                0x08009818       0x2e CMakeFiles/I2STEST.elf.dir/Middlewares/ST/STM32_USB_Device_Library/Core/Src/usbd_core.c.obj
                0x08009818                USBD_LL_IsoINIncomplete
 .text.USBD_LL_IsoOUTIncomplete
                0x08009846       0x2e CMakeFiles/I2STEST.elf.dir/Middlewares/ST/STM32_USB_Device_Library/Core/Src/usbd_core.c.obj
                0x08009846                USBD_LL_IsoOUTIncomplete
 .text.USBD_LL_DevConnected
                0x08009874        0x4 CMakeFiles/I2STEST.elf.dir/Middlewares/ST/STM32_USB_Device_Library/Core/Src/usbd_core.c.obj
                0x08009874                USBD_LL_DevConnected
 .text.USBD_LL_DevDisconnected
                0x08009878       0x20 CMakeFiles/I2STEST.elf.dir/Middlewares/ST/STM32_USB_Device_Library/Core/Src/usbd_core.c.obj
                0x08009878                USBD_LL_DevDisconnected
 .text.USBD_CoreFindIF
                0x08009898        0x4 CMakeFiles/I2STEST.elf.dir/Middlewares/ST/STM32_USB_Device_Library/Core/Src/usbd_core.c.obj
                0x08009898                USBD_CoreFindIF
 .text.USBD_CoreFindEP
                0x0800989c        0x4 CMakeFiles/I2STEST.elf.dir/Middlewares/ST/STM32_USB_Device_Library/Core/Src/usbd_core.c.obj
                0x0800989c                USBD_CoreFindEP
 .text.USBD_LL_DataOutStage
                0x080098a0       0xc4 CMakeFiles/I2STEST.elf.dir/Middlewares/ST/STM32_USB_Device_Library/Core/Src/usbd_core.c.obj
                0x080098a0                USBD_LL_DataOutStage
 .text.USBD_LL_DataInStage
                0x08009964       0xd6 CMakeFiles/I2STEST.elf.dir/Middlewares/ST/STM32_USB_Device_Library/Core/Src/usbd_core.c.obj
                0x08009964                USBD_LL_DataInStage
 .text.USBD_GetNextDesc
                0x08009a3a        0xe CMakeFiles/I2STEST.elf.dir/Middlewares/ST/STM32_USB_Device_Library/Core/Src/usbd_core.c.obj
                0x08009a3a                USBD_GetNextDesc
 .text.USBD_GetLen
                0x08009a48       0x14 CMakeFiles/I2STEST.elf.dir/Middlewares/ST/STM32_USB_Device_Library/Core/Src/usbd_ctlreq.c.obj
 .text.USBD_ParseSetupRequest
                0x08009a5c       0x28 CMakeFiles/I2STEST.elf.dir/Middlewares/ST/STM32_USB_Device_Library/Core/Src/usbd_ctlreq.c.obj
                0x08009a5c                USBD_ParseSetupRequest
 .text.USBD_CtlError
                0x08009a84       0x14 CMakeFiles/I2STEST.elf.dir/Middlewares/ST/STM32_USB_Device_Library/Core/Src/usbd_ctlreq.c.obj
                0x08009a84                USBD_CtlError
 .text.USBD_GetDescriptor
                0x08009a98      0x1ac CMakeFiles/I2STEST.elf.dir/Middlewares/ST/STM32_USB_Device_Library/Core/Src/usbd_ctlreq.c.obj
 .text.USBD_SetAddress
                0x08009c44       0x50 CMakeFiles/I2STEST.elf.dir/Middlewares/ST/STM32_USB_Device_Library/Core/Src/usbd_ctlreq.c.obj
 .text.USBD_SetConfig
                0x08009c94       0xcc CMakeFiles/I2STEST.elf.dir/Middlewares/ST/STM32_USB_Device_Library/Core/Src/usbd_ctlreq.c.obj
 .text.USBD_GetConfig
                0x08009d60       0x40 CMakeFiles/I2STEST.elf.dir/Middlewares/ST/STM32_USB_Device_Library/Core/Src/usbd_ctlreq.c.obj
 .text.USBD_GetStatus
                0x08009da0       0x38 CMakeFiles/I2STEST.elf.dir/Middlewares/ST/STM32_USB_Device_Library/Core/Src/usbd_ctlreq.c.obj
 .text.USBD_SetFeature
                0x08009dd8       0x2a CMakeFiles/I2STEST.elf.dir/Middlewares/ST/STM32_USB_Device_Library/Core/Src/usbd_ctlreq.c.obj
 .text.USBD_ClrFeature
                0x08009e02       0x26 CMakeFiles/I2STEST.elf.dir/Middlewares/ST/STM32_USB_Device_Library/Core/Src/usbd_ctlreq.c.obj
 .text.USBD_StdDevReq
                0x08009e28       0x76 CMakeFiles/I2STEST.elf.dir/Middlewares/ST/STM32_USB_Device_Library/Core/Src/usbd_ctlreq.c.obj
                0x08009e28                USBD_StdDevReq
 .text.USBD_StdItfReq
                0x08009e9e       0x84 CMakeFiles/I2STEST.elf.dir/Middlewares/ST/STM32_USB_Device_Library/Core/Src/usbd_ctlreq.c.obj
                0x08009e9e                USBD_StdItfReq
 .text.USBD_StdEPReq
                0x08009f22      0x232 CMakeFiles/I2STEST.elf.dir/Middlewares/ST/STM32_USB_Device_Library/Core/Src/usbd_ctlreq.c.obj
                0x08009f22                USBD_StdEPReq
 .text.USBD_GetString
                0x0800a154       0x46 CMakeFiles/I2STEST.elf.dir/Middlewares/ST/STM32_USB_Device_Library/Core/Src/usbd_ctlreq.c.obj
                0x0800a154                USBD_GetString
 .text.USBD_CtlSendData
                0x0800a19a       0x1a CMakeFiles/I2STEST.elf.dir/Middlewares/ST/STM32_USB_Device_Library/Core/Src/usbd_ioreq.c.obj
                0x0800a19a                USBD_CtlSendData
 .text.USBD_CtlContinueSendData
                0x0800a1b4       0x10 CMakeFiles/I2STEST.elf.dir/Middlewares/ST/STM32_USB_Device_Library/Core/Src/usbd_ioreq.c.obj
                0x0800a1b4                USBD_CtlContinueSendData
 .text.USBD_CtlPrepareRx
                0x0800a1c4       0x1e CMakeFiles/I2STEST.elf.dir/Middlewares/ST/STM32_USB_Device_Library/Core/Src/usbd_ioreq.c.obj
                0x0800a1c4                USBD_CtlPrepareRx
 .text.USBD_CtlContinueRx
                0x0800a1e2       0x10 CMakeFiles/I2STEST.elf.dir/Middlewares/ST/STM32_USB_Device_Library/Core/Src/usbd_ioreq.c.obj
                0x0800a1e2                USBD_CtlContinueRx
 .text.USBD_CtlSendStatus
                0x0800a1f2       0x16 CMakeFiles/I2STEST.elf.dir/Middlewares/ST/STM32_USB_Device_Library/Core/Src/usbd_ioreq.c.obj
                0x0800a1f2                USBD_CtlSendStatus
 .text.USBD_CtlReceiveStatus
                0x0800a208       0x16 CMakeFiles/I2STEST.elf.dir/Middlewares/ST/STM32_USB_Device_Library/Core/Src/usbd_ioreq.c.obj
                0x0800a208                USBD_CtlReceiveStatus
 *fill*         0x0800a21e        0x2 
 .text.MX_GPIO_Init
                0x0800a220      0x158 CMakeFiles/I2STEST.elf.dir/Src/main.c.obj
 .text.MX_DMA_Init
                0x0800a378       0x44 CMakeFiles/I2STEST.elf.dir/Src/main.c.obj
 .text.MX_NVIC_Init
                0x0800a3bc       0xf4 CMakeFiles/I2STEST.elf.dir/Src/main.c.obj
 .text._write   0x0800a4b0       0x44 CMakeFiles/I2STEST.elf.dir/Src/main.c.obj
                0x0800a4b0                _write
 .text.checkScreensaver
                0x0800a4f4       0xa4 CMakeFiles/I2STEST.elf.dir/Src/main.c.obj
                0x0800a4f4                checkScreensaver
 .text.ReadTouch
                0x0800a598      0x454 CMakeFiles/I2STEST.elf.dir/Src/main.c.obj
                0x0800a598                ReadTouch
 .text.Error_Handler
                0x0800a9ec        0x4 CMakeFiles/I2STEST.elf.dir/Src/main.c.obj
                0x0800a9ec                Error_Handler
 .text.MX_LTDC_Init
                0x0800a9f0      0x108 CMakeFiles/I2STEST.elf.dir/Src/main.c.obj
 .text.MX_USART1_UART_Init
                0x0800aaf8       0x38 CMakeFiles/I2STEST.elf.dir/Src/main.c.obj
 .text.MX_I2C1_Init
                0x0800ab30       0x54 CMakeFiles/I2STEST.elf.dir/Src/main.c.obj
 .text.MX_I2S2_Init
                0x0800ab84       0x3c CMakeFiles/I2STEST.elf.dir/Src/main.c.obj
 .text.MX_DMA2D_Init
                0x0800abc0       0x3c CMakeFiles/I2STEST.elf.dir/Src/main.c.obj
 .text.MX_QUADSPI_Init
                0x0800abfc       0x34 CMakeFiles/I2STEST.elf.dir/Src/main.c.obj
 .text.MX_FMC_Init
                0x0800ac30       0x60 CMakeFiles/I2STEST.elf.dir/Src/main.c.obj
 .text.MX_SAI1_Init
                0x0800ac90       0x40 CMakeFiles/I2STEST.elf.dir/Src/main.c.obj
 .text.SystemClock_Config
                0x0800acd0       0xc4 CMakeFiles/I2STEST.elf.dir/Src/main.c.obj
                0x0800acd0                SystemClock_Config
 .text.PeriphCommonClock_Config
                0x0800ad94       0x3c CMakeFiles/I2STEST.elf.dir/Src/main.c.obj
                0x0800ad94                PeriphCommonClock_Config
 .text.main     0x0800add0      0x218 CMakeFiles/I2STEST.elf.dir/Src/main.c.obj
                0x0800add0                main
 .text.HAL_FMC_MspInit
                0x0800afe8       0xc4 CMakeFiles/I2STEST.elf.dir/Src/stm32f7xx_hal_msp.c.obj
 .text.HAL_MspInit
                0x0800b0ac       0x30 CMakeFiles/I2STEST.elf.dir/Src/stm32f7xx_hal_msp.c.obj
                0x0800b0ac                HAL_MspInit
 .text.HAL_DMA2D_MspInit
                0x0800b0dc       0x2c CMakeFiles/I2STEST.elf.dir/Src/stm32f7xx_hal_msp.c.obj
                0x0800b0dc                HAL_DMA2D_MspInit
 .text.HAL_I2C_MspInit
                0x0800b108       0x8c CMakeFiles/I2STEST.elf.dir/Src/stm32f7xx_hal_msp.c.obj
                0x0800b108                HAL_I2C_MspInit
 .text.HAL_I2C_MspDeInit
                0x0800b194       0x48 CMakeFiles/I2STEST.elf.dir/Src/stm32f7xx_hal_msp.c.obj
                0x0800b194                HAL_I2C_MspDeInit
 .text.HAL_I2S_MspInit
                0x0800b1dc      0x124 CMakeFiles/I2STEST.elf.dir/Src/stm32f7xx_hal_msp.c.obj
                0x0800b1dc                HAL_I2S_MspInit
 .text.HAL_LTDC_MspInit
                0x0800b300      0x114 CMakeFiles/I2STEST.elf.dir/Src/stm32f7xx_hal_msp.c.obj
                0x0800b300                HAL_LTDC_MspInit
 .text.HAL_QSPI_MspInit
                0x0800b414       0xe4 CMakeFiles/I2STEST.elf.dir/Src/stm32f7xx_hal_msp.c.obj
                0x0800b414                HAL_QSPI_MspInit
 .text.HAL_QSPI_MspDeInit
                0x0800b4f8       0x4c CMakeFiles/I2STEST.elf.dir/Src/stm32f7xx_hal_msp.c.obj
                0x0800b4f8                HAL_QSPI_MspDeInit
 .text.HAL_UART_MspInit
                0x0800b544       0xb8 CMakeFiles/I2STEST.elf.dir/Src/stm32f7xx_hal_msp.c.obj
                0x0800b544                HAL_UART_MspInit
 .text.HAL_SDRAM_MspInit
                0x0800b5fc        0x8 CMakeFiles/I2STEST.elf.dir/Src/stm32f7xx_hal_msp.c.obj
                0x0800b5fc                HAL_SDRAM_MspInit
 .text.HAL_SAI_MspInit
                0x0800b604       0xd0 CMakeFiles/I2STEST.elf.dir/Src/stm32f7xx_hal_msp.c.obj
                0x0800b604                HAL_SAI_MspInit
 .text.NMI_Handler
                0x0800b6d4        0x2 CMakeFiles/I2STEST.elf.dir/Src/stm32f7xx_it.c.obj
                0x0800b6d4                NMI_Handler
 .text.HardFault_Handler
                0x0800b6d6        0x2 CMakeFiles/I2STEST.elf.dir/Src/stm32f7xx_it.c.obj
                0x0800b6d6                HardFault_Handler
 .text.MemManage_Handler
                0x0800b6d8        0x2 CMakeFiles/I2STEST.elf.dir/Src/stm32f7xx_it.c.obj
                0x0800b6d8                MemManage_Handler
 .text.BusFault_Handler
                0x0800b6da        0x2 CMakeFiles/I2STEST.elf.dir/Src/stm32f7xx_it.c.obj
                0x0800b6da                BusFault_Handler
 .text.UsageFault_Handler
                0x0800b6dc        0x2 CMakeFiles/I2STEST.elf.dir/Src/stm32f7xx_it.c.obj
                0x0800b6dc                UsageFault_Handler
 .text.SVC_Handler
                0x0800b6de        0x2 CMakeFiles/I2STEST.elf.dir/Src/stm32f7xx_it.c.obj
                0x0800b6de                SVC_Handler
 .text.DebugMon_Handler
                0x0800b6e0        0x2 CMakeFiles/I2STEST.elf.dir/Src/stm32f7xx_it.c.obj
                0x0800b6e0                DebugMon_Handler
 .text.PendSV_Handler
                0x0800b6e2        0x2 CMakeFiles/I2STEST.elf.dir/Src/stm32f7xx_it.c.obj
                0x0800b6e2                PendSV_Handler
 .text.SysTick_Handler
                0x0800b6e4        0x8 CMakeFiles/I2STEST.elf.dir/Src/stm32f7xx_it.c.obj
                0x0800b6e4                SysTick_Handler
 .text.PVD_IRQHandler
                0x0800b6ec        0x8 CMakeFiles/I2STEST.elf.dir/Src/stm32f7xx_it.c.obj
                0x0800b6ec                PVD_IRQHandler
 .text.FLASH_IRQHandler
                0x0800b6f4        0x8 CMakeFiles/I2STEST.elf.dir/Src/stm32f7xx_it.c.obj
                0x0800b6f4                FLASH_IRQHandler
 .text.RCC_IRQHandler
                0x0800b6fc        0x2 CMakeFiles/I2STEST.elf.dir/Src/stm32f7xx_it.c.obj
                0x0800b6fc                RCC_IRQHandler
 *fill*         0x0800b6fe        0x2 
 .text.DMA1_Stream4_IRQHandler
                0x0800b700       0x10 CMakeFiles/I2STEST.elf.dir/Src/stm32f7xx_it.c.obj
                0x0800b700                DMA1_Stream4_IRQHandler
 .text.I2C1_EV_IRQHandler
                0x0800b710       0x10 CMakeFiles/I2STEST.elf.dir/Src/stm32f7xx_it.c.obj
                0x0800b710                I2C1_EV_IRQHandler
 .text.I2C1_ER_IRQHandler
                0x0800b720       0x10 CMakeFiles/I2STEST.elf.dir/Src/stm32f7xx_it.c.obj
                0x0800b720                I2C1_ER_IRQHandler
 .text.SPI2_IRQHandler
                0x0800b730       0x10 CMakeFiles/I2STEST.elf.dir/Src/stm32f7xx_it.c.obj
                0x0800b730                SPI2_IRQHandler
 .text.USART1_IRQHandler
                0x0800b740       0x10 CMakeFiles/I2STEST.elf.dir/Src/stm32f7xx_it.c.obj
                0x0800b740                USART1_IRQHandler
 .text.FMC_IRQHandler
                0x0800b750       0x10 CMakeFiles/I2STEST.elf.dir/Src/stm32f7xx_it.c.obj
                0x0800b750                FMC_IRQHandler
 .text.DMA2_Stream4_IRQHandler
                0x0800b760       0x10 CMakeFiles/I2STEST.elf.dir/Src/stm32f7xx_it.c.obj
                0x0800b760                DMA2_Stream4_IRQHandler
 .text.OTG_FS_IRQHandler
                0x0800b770       0x10 CMakeFiles/I2STEST.elf.dir/Src/stm32f7xx_it.c.obj
                0x0800b770                OTG_FS_IRQHandler
 .text.FPU_IRQHandler
                0x0800b780        0x2 CMakeFiles/I2STEST.elf.dir/Src/stm32f7xx_it.c.obj
                0x0800b780                FPU_IRQHandler
 *fill*         0x0800b782        0x2 
 .text.SAI1_IRQHandler
                0x0800b784       0x10 CMakeFiles/I2STEST.elf.dir/Src/stm32f7xx_it.c.obj
                0x0800b784                SAI1_IRQHandler
 .text.LTDC_IRQHandler
                0x0800b794       0x10 CMakeFiles/I2STEST.elf.dir/Src/stm32f7xx_it.c.obj
                0x0800b794                LTDC_IRQHandler
 .text.LTDC_ER_IRQHandler
                0x0800b7a4       0x10 CMakeFiles/I2STEST.elf.dir/Src/stm32f7xx_it.c.obj
                0x0800b7a4                LTDC_ER_IRQHandler
 .text.DMA2D_IRQHandler
                0x0800b7b4       0x10 CMakeFiles/I2STEST.elf.dir/Src/stm32f7xx_it.c.obj
                0x0800b7b4                DMA2D_IRQHandler
 .text.QUADSPI_IRQHandler
                0x0800b7c4       0x10 CMakeFiles/I2STEST.elf.dir/Src/stm32f7xx_it.c.obj
                0x0800b7c4                QUADSPI_IRQHandler
 .text._getpid  0x0800b7d4        0x4 CMakeFiles/I2STEST.elf.dir/Src/syscalls.c.obj
                0x0800b7d4                _getpid
 .text._kill    0x0800b7d8       0x10 CMakeFiles/I2STEST.elf.dir/Src/syscalls.c.obj
                0x0800b7d8                _kill
 .text._exit    0x0800b7e8        0xc CMakeFiles/I2STEST.elf.dir/Src/syscalls.c.obj
                0x0800b7e8                _exit
 .text._read    0x0800b7f4       0x20 CMakeFiles/I2STEST.elf.dir/Src/syscalls.c.obj
                0x0800b7f4                _read
 .text._close   0x0800b814        0x6 CMakeFiles/I2STEST.elf.dir/Src/syscalls.c.obj
                0x0800b814                _close
 .text._fstat   0x0800b81a        0xa CMakeFiles/I2STEST.elf.dir/Src/syscalls.c.obj
                0x0800b81a                _fstat
 .text._isatty  0x0800b824        0x4 CMakeFiles/I2STEST.elf.dir/Src/syscalls.c.obj
                0x0800b824                _isatty
 .text._lseek   0x0800b828        0x4 CMakeFiles/I2STEST.elf.dir/Src/syscalls.c.obj
                0x0800b828                _lseek
 .text._sbrk    0x0800b82c       0x48 CMakeFiles/I2STEST.elf.dir/Src/sysmem.c.obj
                0x0800b82c                _sbrk
 .text.SystemInit
                0x0800b874        0x2 CMakeFiles/I2STEST.elf.dir/Src/system_stm32f7xx.c.obj
                0x0800b874                SystemInit
 *fill*         0x0800b876        0x2 
 .text.MX_USB_DEVICE_Init
                0x0800b878       0x54 CMakeFiles/I2STEST.elf.dir/Src/usb_device.c.obj
                0x0800b878                MX_USB_DEVICE_Init
 .text.AUDIO_Init_FS
                0x0800b8cc        0x4 CMakeFiles/I2STEST.elf.dir/Src/usbd_audio_if.c.obj
 .text.AUDIO_DeInit_FS
                0x0800b8d0        0x4 CMakeFiles/I2STEST.elf.dir/Src/usbd_audio_if.c.obj
 .text.AUDIO_VolumeCtl_FS
                0x0800b8d4        0x4 CMakeFiles/I2STEST.elf.dir/Src/usbd_audio_if.c.obj
 .text.AUDIO_MuteCtl_FS
                0x0800b8d8        0x4 CMakeFiles/I2STEST.elf.dir/Src/usbd_audio_if.c.obj
 .text.AUDIO_PeriodicTC_FS
                0x0800b8dc        0x4 CMakeFiles/I2STEST.elf.dir/Src/usbd_audio_if.c.obj
 .text.AUDIO_GetState_FS
                0x0800b8e0        0x4 CMakeFiles/I2STEST.elf.dir/Src/usbd_audio_if.c.obj
 .text.AUDIO_AudioCmd_FS
                0x0800b8e4       0xcc CMakeFiles/I2STEST.elf.dir/Src/usbd_audio_if.c.obj
 .text.SystemClockConfig_Resume
                0x0800b9b0        0x8 CMakeFiles/I2STEST.elf.dir/Src/usbd_conf.c.obj
 .text.HAL_PCD_MspInit
                0x0800b9b8       0x9c CMakeFiles/I2STEST.elf.dir/Src/usbd_conf.c.obj
                0x0800b9b8                HAL_PCD_MspInit
 .text.HAL_PCD_SetupStageCallback
                0x0800ba54       0x10 CMakeFiles/I2STEST.elf.dir/Src/usbd_conf.c.obj
                0x0800ba54                HAL_PCD_SetupStageCallback
 .text.HAL_PCD_DataOutStageCallback
                0x0800ba64       0x18 CMakeFiles/I2STEST.elf.dir/Src/usbd_conf.c.obj
                0x0800ba64                HAL_PCD_DataOutStageCallback
 .text.HAL_PCD_DataInStageCallback
                0x0800ba7c       0x16 CMakeFiles/I2STEST.elf.dir/Src/usbd_conf.c.obj
                0x0800ba7c                HAL_PCD_DataInStageCallback
 .text.HAL_PCD_SOFCallback
                0x0800ba92        0xc CMakeFiles/I2STEST.elf.dir/Src/usbd_conf.c.obj
                0x0800ba92                HAL_PCD_SOFCallback
 .text.HAL_PCD_ResetCallback
                0x0800ba9e       0x28 CMakeFiles/I2STEST.elf.dir/Src/usbd_conf.c.obj
                0x0800ba9e                HAL_PCD_ResetCallback
 *fill*         0x0800bac6        0x2 
 .text.HAL_PCD_SuspendCallback
                0x0800bac8       0x30 CMakeFiles/I2STEST.elf.dir/Src/usbd_conf.c.obj
                0x0800bac8                HAL_PCD_SuspendCallback
 .text.HAL_PCD_ResumeCallback
                0x0800baf8        0xc CMakeFiles/I2STEST.elf.dir/Src/usbd_conf.c.obj
                0x0800baf8                HAL_PCD_ResumeCallback
 .text.HAL_PCD_ISOOUTIncompleteCallback
                0x0800bb04        0xc CMakeFiles/I2STEST.elf.dir/Src/usbd_conf.c.obj
                0x0800bb04                HAL_PCD_ISOOUTIncompleteCallback
 .text.HAL_PCD_ISOINIncompleteCallback
                0x0800bb10        0xc CMakeFiles/I2STEST.elf.dir/Src/usbd_conf.c.obj
                0x0800bb10                HAL_PCD_ISOINIncompleteCallback
 .text.HAL_PCD_ConnectCallback
                0x0800bb1c        0xc CMakeFiles/I2STEST.elf.dir/Src/usbd_conf.c.obj
                0x0800bb1c                HAL_PCD_ConnectCallback
 .text.HAL_PCD_DisconnectCallback
                0x0800bb28        0xc CMakeFiles/I2STEST.elf.dir/Src/usbd_conf.c.obj
                0x0800bb28                HAL_PCD_DisconnectCallback
 .text.USBD_LL_Init
                0x0800bb34       0x68 CMakeFiles/I2STEST.elf.dir/Src/usbd_conf.c.obj
                0x0800bb34                USBD_LL_Init
 .text.USBD_LL_IsStallEP
                0x0800bb9c       0x2c CMakeFiles/I2STEST.elf.dir/Src/usbd_conf.c.obj
                0x0800bb9c                USBD_LL_IsStallEP
 .text.USBD_LL_GetRxDataSize
                0x0800bbc8        0xc CMakeFiles/I2STEST.elf.dir/Src/usbd_conf.c.obj
                0x0800bbc8                USBD_LL_GetRxDataSize
 .text.HAL_PCDEx_LPM_Callback
                0x0800bbd4       0x60 CMakeFiles/I2STEST.elf.dir/Src/usbd_conf.c.obj
                0x0800bbd4                HAL_PCDEx_LPM_Callback
 .text.USBD_Get_USB_Status
                0x0800bc34       0x14 CMakeFiles/I2STEST.elf.dir/Src/usbd_conf.c.obj
                0x0800bc34                USBD_Get_USB_Status
 .text.USBD_LL_Start
                0x0800bc48       0x10 CMakeFiles/I2STEST.elf.dir/Src/usbd_conf.c.obj
                0x0800bc48                USBD_LL_Start
 .text.USBD_LL_OpenEP
                0x0800bc58       0x16 CMakeFiles/I2STEST.elf.dir/Src/usbd_conf.c.obj
                0x0800bc58                USBD_LL_OpenEP
 .text.USBD_LL_CloseEP
                0x0800bc6e       0x10 CMakeFiles/I2STEST.elf.dir/Src/usbd_conf.c.obj
                0x0800bc6e                USBD_LL_CloseEP
 .text.USBD_LL_StallEP
                0x0800bc7e       0x10 CMakeFiles/I2STEST.elf.dir/Src/usbd_conf.c.obj
                0x0800bc7e                USBD_LL_StallEP
 .text.USBD_LL_ClearStallEP
                0x0800bc8e       0x10 CMakeFiles/I2STEST.elf.dir/Src/usbd_conf.c.obj
                0x0800bc8e                USBD_LL_ClearStallEP
 .text.USBD_LL_SetUSBAddress
                0x0800bc9e       0x10 CMakeFiles/I2STEST.elf.dir/Src/usbd_conf.c.obj
                0x0800bc9e                USBD_LL_SetUSBAddress
 .text.USBD_LL_Transmit
                0x0800bcae       0x10 CMakeFiles/I2STEST.elf.dir/Src/usbd_conf.c.obj
                0x0800bcae                USBD_LL_Transmit
 .text.USBD_LL_PrepareReceive
                0x0800bcbe       0x10 CMakeFiles/I2STEST.elf.dir/Src/usbd_conf.c.obj
                0x0800bcbe                USBD_LL_PrepareReceive
 *fill*         0x0800bcce        0x2 
 .text.USBD_FS_DeviceDescriptor
                0x0800bcd0        0xc CMakeFiles/I2STEST.elf.dir/Src/usbd_desc.c.obj
                0x0800bcd0                USBD_FS_DeviceDescriptor
 .text.USBD_FS_LangIDStrDescriptor
                0x0800bcdc        0xc CMakeFiles/I2STEST.elf.dir/Src/usbd_desc.c.obj
                0x0800bcdc                USBD_FS_LangIDStrDescriptor
 .text.USBD_FS_USR_BOSDescriptor
                0x0800bce8        0xc CMakeFiles/I2STEST.elf.dir/Src/usbd_desc.c.obj
                0x0800bce8                USBD_FS_USR_BOSDescriptor
 .text.IntToUnicode
                0x0800bcf4       0x46 CMakeFiles/I2STEST.elf.dir/Src/usbd_desc.c.obj
 *fill*         0x0800bd3a        0x2 
 .text.Get_SerialNum
                0x0800bd3c       0x38 CMakeFiles/I2STEST.elf.dir/Src/usbd_desc.c.obj
 .text.USBD_FS_SerialStrDescriptor
                0x0800bd74       0x14 CMakeFiles/I2STEST.elf.dir/Src/usbd_desc.c.obj
                0x0800bd74                USBD_FS_SerialStrDescriptor
 .text.USBD_FS_ProductStrDescriptor
                0x0800bd88       0x24 CMakeFiles/I2STEST.elf.dir/Src/usbd_desc.c.obj
                0x0800bd88                USBD_FS_ProductStrDescriptor
 .text.USBD_FS_ManufacturerStrDescriptor
                0x0800bdac       0x1c CMakeFiles/I2STEST.elf.dir/Src/usbd_desc.c.obj
                0x0800bdac                USBD_FS_ManufacturerStrDescriptor
 .text.USBD_FS_ConfigStrDescriptor
                0x0800bdc8       0x24 CMakeFiles/I2STEST.elf.dir/Src/usbd_desc.c.obj
                0x0800bdc8                USBD_FS_ConfigStrDescriptor
 .text.USBD_FS_InterfaceStrDescriptor
                0x0800bdec       0x24 CMakeFiles/I2STEST.elf.dir/Src/usbd_desc.c.obj
                0x0800bdec                USBD_FS_InterfaceStrDescriptor
 .text.Reset_Handler
                0x0800be10       0x50 CMakeFiles/I2STEST.elf.dir/Startup/startup_stm32f746nghx.s.obj
                0x0800be10                Reset_Handler
 .text.Default_Handler
                0x0800be60        0x2 CMakeFiles/I2STEST.elf.dir/Startup/startup_stm32f746nghx.s.obj
                0x0800be60                DMA1_Stream3_IRQHandler
                0x0800be60                EXTI2_IRQHandler
                0x0800be60                TIM8_CC_IRQHandler
                0x0800be60                UART8_IRQHandler
                0x0800be60                SPI4_IRQHandler
                0x0800be60                TIM1_CC_IRQHandler
                0x0800be60                DMA2_Stream5_IRQHandler
                0x0800be60                DMA1_Stream5_IRQHandler
                0x0800be60                TAMP_STAMP_IRQHandler
                0x0800be60                CAN2_RX1_IRQHandler
                0x0800be60                EXTI3_IRQHandler
                0x0800be60                TIM8_TRG_COM_TIM14_IRQHandler
                0x0800be60                TIM1_UP_TIM10_IRQHandler
                0x0800be60                TIM8_UP_TIM13_IRQHandler
                0x0800be60                I2C3_ER_IRQHandler
                0x0800be60                EXTI0_IRQHandler
                0x0800be60                I2C2_EV_IRQHandler
                0x0800be60                DMA1_Stream2_IRQHandler
                0x0800be60                CAN1_RX0_IRQHandler
                0x0800be60                OTG_HS_WKUP_IRQHandler
                0x0800be60                CAN2_SCE_IRQHandler
                0x0800be60                DMA2_Stream2_IRQHandler
                0x0800be60                SPI1_IRQHandler
                0x0800be60                TIM6_DAC_IRQHandler
                0x0800be60                TIM1_BRK_TIM9_IRQHandler
                0x0800be60                DCMI_IRQHandler
                0x0800be60                CAN2_RX0_IRQHandler
                0x0800be60                DMA2_Stream3_IRQHandler
                0x0800be60                SAI2_IRQHandler
                0x0800be60                USART6_IRQHandler
                0x0800be60                USART3_IRQHandler
                0x0800be60                CAN1_RX1_IRQHandler
                0x0800be60                UART5_IRQHandler
                0x0800be60                DMA2_Stream0_IRQHandler
                0x0800be60                TIM4_IRQHandler
                0x0800be60                DMA1_Stream6_IRQHandler